
{
  "operation": "files:list",
  "kind": "drive#fileList",
  "nextPageToken": "~!!~AI9FV7R8h2eZRYfjz29KuHBHxVOliew2O_n_uK85k9gswtuJ41dD6i3tjk3sOR8g8EpOMa4r7quKrsjEVr3fHRMebHSSfwhQIyiPHVEvrWYLJnkGYBHWvJlCaQgb1aDpE2cwypgFLUxX5Rrf1lRB0YjPrfb79zcgOjIpDpmYywYFZDrkJspagsYQwO5ioxo9_KaPJ4KgoDDkmnXY-jSvjBz9AZfYkjzZ25tj1WUGwdmCAs5-i_xy48R-RbbVHu6i0gjZir9EOzpbzWXVQ-KDrpy2JkFl_aK5ZL76UwFoToMUgDVX450qWnsUXjJlKNNwwjvi7Ss5QZ2Xn7kbjbOO_D5hmfPbi4M3IZ1KYKpnmE5Vo1EJyzRvh_rFADmFJh2vZeBHKA-IXzaL",
  "incompleteSearch": false,
  "files": [
    {
      "kind": "drive#file",
      "id": "1LRoToOcDU9C1A8X-57CagwNaRNeocDSm",
      "name": "AntBuddy Mobile APK",
      "mimeType": "application/vnd.google-apps.folder",
      "starred": false,
      "trashed": false,
      "explicitlyTrashed": false,
      "spaces": [
        "drive"
      ],
      "version": "98",
      "webViewLink": "https://drive.google.com/drive/folders/1LRoToOcDU9C1A8X-57CagwNaRNeocDSm",
      "iconLink": "https://drive-thirdparty.googleusercontent.com/16/type/application/vnd.google-apps.folder+shared",
      "hasThumbnail": false,
      "thumbnailVersion": "0",
      "viewedByMe": false,
      "createdTime": "2021-11-26T06:48:06.875Z",
      "modifiedTime": "2021-11-26T07:05:02.629Z",
      "modifiedByMe": false,
      "sharedWithMeTime": "2021-11-26T07:03:09.445Z",
      "sharingUser": {
        "kind": "drive#user",
        "displayName": "Vinh Thieu Quang",
        "photoLink": "https://lh3.googleusercontent.com/a-/AFdZucpYOGt2Om1Y9j-rbCpskN6xbI7bfsLL6Pq5dNGQyg=s64",
        "me": false,
        "permissionId": "15924969308100435788",
        "emailAddress": "vinh.thieu@antbuddy.com"
      },
      "owners": [
        {
          "kind": "drive#user",
          "displayName": "Vinh Thieu Quang",
          "photoLink": "https://lh3.googleusercontent.com/a-/AFdZucpYOGt2Om1Y9j-rbCpskN6xbI7bfsLL6Pq5dNGQyg=s64",
          "me": false,
          "permissionId": "15924969308100435788",
          "emailAddress": "vinh.thieu@antbuddy.com"
        }
      ],
      "lastModifyingUser": {
        "kind": "drive#user",
        "displayName": "Vinh Thieu Quang",
        "photoLink": "https://lh3.googleusercontent.com/a-/AFdZucpYOGt2Om1Y9j-rbCpskN6xbI7bfsLL6Pq5dNGQyg=s64",
        "me": false,
        "permissionId": "15924969308100435788",
        "emailAddress": "vinh.thieu@antbuddy.com"
      },
      "shared": true,
      "ownedByMe": false,
      "capabilities": {
        "canAcceptOwnership": false,
        "canAddChildren": true,
        "canAddMyDriveParent": false,
        "canChangeCopyRequiresWriterPermission": false,
        "canChangeSecurityUpdateEnabled": false,
        "canChangeViewersCanCopyContent": false,
        "canComment": true,
        "canCopy": false,
        "canDelete": false,
        "canDownload": true,
        "canEdit": true,
        "canListChildren": true,
        "canModifyContent": true,
        "canModifyLabels": false,
        "canMoveChildrenWithinDrive": true,
        "canMoveItemIntoTeamDrive": false,
        "canMoveItemOutOfDrive": false,
        "canMoveItemWithinDrive": true,
        "canReadLabels": false,
        "canReadRevisions": false,
        "canRemoveChildren": true,
        "canRemoveMyDriveParent": true,
        "canRename": true,
        "canShare": true,
        "canTrash": false,
        "canUntrash": false
      },
      "viewersCanCopyContent": true,
      "copyRequiresWriterPermission": false,
      "writersCanShare": true,
      "permissions": [
        {
          "kind": "drive#permission",
          "id": "06941688514420538122",
          "type": "user",
          "emailAddress": "fastlane-android-apk@mythic-display-237310.iam.gserviceaccount.com",
          "role": "writer",
          "displayName": "fastlane-android-apk@mythic-display-237310.iam.gserviceaccount.com",
          "photoLink": "https://lh3.googleusercontent.com/a/default-user=s64",
          "deleted": false,
          "pendingOwner": false
        },
        {
          "kind": "drive#permission",
          "id": "17303972415997736298k",
          "type": "domain",
          "domain": "antbuddy.com",
          "role": "writer",
          "allowFileDiscovery": false,
          "displayName": "AntBuddy"
        },
        {
          "kind": "drive#permission",
          "id": "15924969308100435788",
          "type": "user",
          "emailAddress": "vinh.thieu@antbuddy.com",
          "role": "owner",
          "displayName": "Vinh Thieu Quang",
          "photoLink": "https://lh3.googleusercontent.com/a-/AFdZucpYOGt2Om1Y9j-rbCpskN6xbI7bfsLL6Pq5dNGQyg=s64",
          "deleted": false,
          "pendingOwner": false
        }
      ],
      "permissionIds": [
        "06941688514420538122",
        "17303972415997736298k",
        "15924969308100435788"
      ],
      "folderColorRgb": "#8f8f8f",
      "quotaBytesUsed": "0",
      "isAppAuthorized": false,
      "linkShareMetadata": {
        "securityUpdateEligible": false,
        "securityUpdateEnabled": true
      }
    },
    {
      "kind": "drive#file",
      "id": "1N3PmrCeFkRRSD4TGLO3YPW9dOU23zFHs",
      "name": "Ticket",
      "mimeType": "application/vnd.google-apps.folder",
      "starred": false,
      "trashed": false,
      "explicitlyTrashed": false,
      "parents": [
        "1LRoToOcDU9C1A8X-57CagwNaRNeocDSm"
      ],
      "spaces": [
        "drive"
      ],
      "version": "90",
      "webViewLink": "https://drive.google.com/drive/folders/1N3PmrCeFkRRSD4TGLO3YPW9dOU23zFHs",
      "iconLink": "https://drive-thirdparty.googleusercontent.com/16/type/application/vnd.google-apps.folder+shared",
      "hasThumbnail": false,
      "thumbnailVersion": "0",
      "viewedByMe": false,
      "createdTime": "2021-12-03T08:00:04.359Z",
      "modifiedTime": "2021-12-03T08:06:42.553Z",
      "modifiedByMe": false,
      "owners": [
        {
          "kind": "drive#user",
          "displayName": "Vinh Thieu Quang",
          "photoLink": "https://lh3.googleusercontent.com/a-/AFdZucpYOGt2Om1Y9j-rbCpskN6xbI7bfsLL6Pq5dNGQyg=s64",
          "me": false,
          "permissionId": "15924969308100435788",
          "emailAddress": "vinh.thieu@antbuddy.com"
        }
      ],
      "lastModifyingUser": {
        "kind": "drive#user",
        "displayName": "Vinh Thieu Quang",
        "photoLink": "https://lh3.googleusercontent.com/a-/AFdZucpYOGt2Om1Y9j-rbCpskN6xbI7bfsLL6Pq5dNGQyg=s64",
        "me": false,
        "permissionId": "15924969308100435788",
        "emailAddress": "vinh.thieu@antbuddy.com"
      },
      "shared": true,
      "ownedByMe": false,
      "capabilities": {
        "canAcceptOwnership": false,
        "canAddChildren": true,
        "canAddMyDriveParent": false,
        "canChangeCopyRequiresWriterPermission": false,
        "canChangeSecurityUpdateEnabled": false,
        "canChangeViewersCanCopyContent": false,
        "canComment": true,
        "canCopy": false,
        "canDelete": false,
        "canDownload": true,
        "canEdit": true,
        "canListChildren": true,
        "canModifyContent": true,
        "canModifyLabels": false,
        "canMoveChildrenWithinDrive": true,
        "canMoveItemIntoTeamDrive": false,
        "canMoveItemOutOfDrive": false,
        "canMoveItemWithinDrive": true,
        "canReadLabels": false,
        "canReadRevisions": false,
        "canRemoveChildren": true,
        "canRemoveMyDriveParent": true,
        "canRename": true,
        "canShare": true,
        "canTrash": false,
        "canUntrash": false
      },
      "viewersCanCopyContent": true,
      "copyRequiresWriterPermission": false,
      "writersCanShare": true,
      "permissions": [
        {
          "kind": "drive#permission",
          "id": "06941688514420538122",
          "type": "user",
          "emailAddress": "fastlane-android-apk@mythic-display-237310.iam.gserviceaccount.com",
          "role": "writer",
          "displayName": "fastlane-android-apk@mythic-display-237310.iam.gserviceaccount.com",
          "photoLink": "https://lh3.googleusercontent.com/a/default-user=s64",
          "deleted": false,
          "pendingOwner": false
        },
        {
          "kind": "drive#permission",
          "id": "17303972415997736298k",
          "type": "domain",
          "domain": "antbuddy.com",
          "role": "writer",
          "allowFileDiscovery": false,
          "displayName": "AntBuddy"
        },
        {
          "kind": "drive#permission",
          "id": "15924969308100435788",
          "type": "user",
          "emailAddress": "vinh.thieu@antbuddy.com",
          "role": "owner",
          "displayName": "Vinh Thieu Quang",
          "photoLink": "https://lh3.googleusercontent.com/a-/AFdZucpYOGt2Om1Y9j-rbCpskN6xbI7bfsLL6Pq5dNGQyg=s64",
          "deleted": false,
          "pendingOwner": false
        }
      ],
      "permissionIds": [
        "06941688514420538122",
        "17303972415997736298k",
        "15924969308100435788"
      ],
      "folderColorRgb": "#8f8f8f",
      "quotaBytesUsed": "0",
      "isAppAuthorized": false,
      "linkShareMetadata": {
        "securityUpdateEligible": false,
        "securityUpdateEnabled": true
      }
    },
    {
      "kind": "drive#file",
      "id": "1Gw2YBBmW37KE8nKTK6lDA_7gOAKT7q9X",
      "name": "ticket-274-2.10.0-a1aeb3b1.apk",
      "mimeType": "application/vnd.android.package-archive",
      "starred": false,
      "trashed": false,
      "explicitlyTrashed": false,
      "parents": [
        "0ACDi02V-dEkAUk9PVA"
      ],
      "spaces": [
        "drive"
      ],
      "version": "5",
      "webContentLink": "https://drive.google.com/uc?id=1Gw2YBBmW37KE8nKTK6lDA_7gOAKT7q9X&export=download",
      "webViewLink": "https://drive.google.com/file/d/1Gw2YBBmW37KE8nKTK6lDA_7gOAKT7q9X/view?usp=drivesdk",
      "iconLink": "https://drive-thirdparty.googleusercontent.com/16/type/application/vnd.android.package-archive",
      "hasThumbnail": false,
      "thumbnailVersion": "0",
      "viewedByMe": false,
      "createdTime": "2021-12-27T11:05:25.197Z",
      "modifiedTime": "2021-12-27T11:05:25.197Z",
      "modifiedByMeTime": "2021-12-27T11:05:25.197Z",
      "modifiedByMe": true,
      "owners": [
        {
          "kind": "drive#user",
          "displayName": "fastlane-android-apk@mythic-display-237310.iam.gserviceaccount.com",
          "photoLink": "https://lh3.googleusercontent.com/a/default-user=s64",
          "me": true,
          "permissionId": "06941688514420538122",
          "emailAddress": "fastlane-android-apk@mythic-display-237310.iam.gserviceaccount.com"
        }
      ],
      "lastModifyingUser": {
        "kind": "drive#user",
        "displayName": "fastlane-android-apk@mythic-display-237310.iam.gserviceaccount.com",
        "photoLink": "https://lh3.googleusercontent.com/a/default-user=s64",
        "me": true,
        "permissionId": "06941688514420538122",
        "emailAddress": "fastlane-android-apk@mythic-display-237310.iam.gserviceaccount.com"
      },
      "shared": false,
      "ownedByMe": true,
      "capabilities": {
        "canAcceptOwnership": false,
        "canAddChildren": false,
        "canAddMyDriveParent": false,
        "canChangeCopyRequiresWriterPermission": true,
        "canChangeSecurityUpdateEnabled": false,
        "canChangeViewersCanCopyContent": true,
        "canComment": true,
        "canCopy": true,
        "canDelete": true,
        "canDownload": true,
        "canEdit": true,
        "canListChildren": false,
        "canModifyContent": true,
        "canModifyLabels": false,
        "canMoveChildrenWithinDrive": false,
        "canMoveItemIntoTeamDrive": true,
        "canMoveItemOutOfDrive": true,
        "canMoveItemWithinDrive": true,
        "canReadLabels": false,
        "canReadRevisions": true,
        "canRemoveChildren": false,
        "canRemoveMyDriveParent": true,
        "canRename": true,
        "canShare": true,
        "canTrash": true,
        "canUntrash": true
      },
      "viewersCanCopyContent": true,
      "copyRequiresWriterPermission": false,
      "writersCanShare": true,
      "permissions": [
        {
          "kind": "drive#permission",
          "id": "06941688514420538122",
          "type": "user",
          "emailAddress": "fastlane-android-apk@mythic-display-237310.iam.gserviceaccount.com",
          "role": "owner",
          "displayName": "fastlane-android-apk@mythic-display-237310.iam.gserviceaccount.com",
          "photoLink": "https://lh3.googleusercontent.com/a/default-user=s64",
          "deleted": false,
          "pendingOwner": false
        }
      ],
      "permissionIds": [
        "06941688514420538122"
      ],
      "originalFilename": "ticket-274-2.10.0-a1aeb3b1.apk",
      "fullFileExtension": "0-a1aeb3b1.apk",
      "fileExtension": "apk",
      "md5Checksum": "7986d3842b2206f3ae9224334483f02d",
      "size": "61647896",
      "quotaBytesUsed": "61647896",
      "headRevisionId": "0ByDi02V-dEkAN3RVVjJCa2xmcVRNMkFFYnJ1TmdSem1qVEhZPQ",
      "isAppAuthorized": true,
      "linkShareMetadata": {
        "securityUpdateEligible": false,
        "securityUpdateEnabled": true
      }
    },
    {
      "kind": "drive#file",
      "id": "1BvJ8SgpyQ_NOBl4rADOdgXOowMCluZCR",
      "name": "ticket-164-3.0.0-fffb6231.apk",
      "mimeType": "application/vnd.android.package-archive",
      "starred": false,
      "trashed": false,
      "explicitlyTrashed": false,
      "parents": [
        "0ACDi02V-dEkAUk9PVA"
      ],
      "spaces": [
        "drive"
      ],
      "version": "5",
      "webContentLink": "https://drive.google.com/uc?id=1BvJ8SgpyQ_NOBl4rADOdgXOowMCluZCR&export=download",
      "webViewLink": "https://drive.google.com/file/d/1BvJ8SgpyQ_NOBl4rADOdgXOowMCluZCR/view?usp=drivesdk",
      "iconLink": "https://drive-thirdparty.googleusercontent.com/16/type/application/vnd.android.package-archive",
      "hasThumbnail": false,
      "thumbnailVersion": "0",
      "viewedByMe": false,
      "createdTime": "2021-12-28T05:53:47.685Z",
      "modifiedTime": "2021-12-28T05:53:47.685Z",
      "modifiedByMeTime": "2021-12-28T05:53:47.685Z",
      "modifiedByMe": true,
      "owners": [
        {
          "kind": "drive#user",
          "displayName": "fastlane-android-apk@mythic-display-237310.iam.gserviceaccount.com",
          "photoLink": "https://lh3.googleusercontent.com/a/default-user=s64",
          "me": true,
          "permissionId": "06941688514420538122",
          "emailAddress": "fastlane-android-apk@mythic-display-237310.iam.gserviceaccount.com"
        }
      ],
      "lastModifyingUser": {
        "kind": "drive#user",
        "displayName": "fastlane-android-apk@mythic-display-237310.iam.gserviceaccount.com",
        "photoLink": "https://lh3.googleusercontent.com/a/default-user=s64",
        "me": true,
        "permissionId": "06941688514420538122",
        "emailAddress": "fastlane-android-apk@mythic-display-237310.iam.gserviceaccount.com"
      },
      "shared": false,
      "ownedByMe": true,
      "capabilities": {
        "canAcceptOwnership": false,
        "canAddChildren": false,
        "canAddMyDriveParent": false,
        "canChangeCopyRequiresWriterPermission": true,
        "canChangeSecurityUpdateEnabled": false,
        "canChangeViewersCanCopyContent": true,
        "canComment": true,
        "canCopy": true,
        "canDelete": true,
        "canDownload": true,
        "canEdit": true,
        "canListChildren": false,
        "canModifyContent": true,
        "canModifyLabels": false,
        "canMoveChildrenWithinDrive": false,
        "canMoveItemIntoTeamDrive": true,
        "canMoveItemOutOfDrive": true,
        "canMoveItemWithinDrive": true,
        "canReadLabels": false,
        "canReadRevisions": true,
        "canRemoveChildren": false,
        "canRemoveMyDriveParent": true,
        "canRename": true,
        "canShare": true,
        "canTrash": true,
        "canUntrash": true
      },
      "viewersCanCopyContent": true,
      "copyRequiresWriterPermission": false,
      "writersCanShare": true,
      "permissions": [
        {
          "kind": "drive#permission",
          "id": "06941688514420538122",
          "type": "user",
          "emailAddress": "fastlane-android-apk@mythic-display-237310.iam.gserviceaccount.com",
          "role": "owner",
          "displayName": "fastlane-android-apk@mythic-display-237310.iam.gserviceaccount.com",
          "photoLink": "https://lh3.googleusercontent.com/a/default-user=s64",
          "deleted": false,
          "pendingOwner": false
        }
      ],
      "permissionIds": [
        "06941688514420538122"
      ],
      "originalFilename": "ticket-164-3.0.0-fffb6231.apk",
      "fullFileExtension": "0-fffb6231.apk",
      "fileExtension": "apk",
      "md5Checksum": "f9a3efa07cc61c0fdab7cd5b9521c480",
      "size": "62688843",
      "quotaBytesUsed": "62688843",
      "headRevisionId": "0ByDi02V-dEkAWlRlbVMxYmRjYUs2OG9xZmlEajcxeVBTTXdJPQ",
      "isAppAuthorized": true,
      "linkShareMetadata": {
        "securityUpdateEligible": false,
        "securityUpdateEnabled": true
      }
    },
    {
      "kind": "drive#file",
      "id": "1P1_Dqj7apIlm7PUN3puicZNfLJOiAzqT",
      "name": "ticket-233-3.0.0-c9b93a22.apk",
      "mimeType": "application/vnd.android.package-archive",
      "starred": false,
      "trashed": false,
      "explicitlyTrashed": false,
      "parents": [
        "0ACDi02V-dEkAUk9PVA"
      ],
      "spaces": [
        "drive"
      ],
      "version": "6",
      "webContentLink": "https://drive.google.com/uc?id=1P1_Dqj7apIlm7PUN3puicZNfLJOiAzqT&export=download",
      "webViewLink": "https://drive.google.com/file/d/1P1_Dqj7apIlm7PUN3puicZNfLJOiAzqT/view?usp=drivesdk",
      "iconLink": "https://drive-thirdparty.googleusercontent.com/16/type/application/vnd.android.package-archive",
      "hasThumbnail": false,
      "thumbnailVersion": "0",
      "viewedByMe": false,
      "createdTime": "2021-12-28T08:48:45.167Z",
      "modifiedTime": "2021-12-28T08:48:45.167Z",
      "modifiedByMeTime": "2021-12-28T08:48:45.167Z",
      "modifiedByMe": true,
      "owners": [
        {
          "kind": "drive#user",
          "displayName": "fastlane-android-apk@mythic-display-237310.iam.gserviceaccount.com",
          "photoLink": "https://lh3.googleusercontent.com/a/default-user=s64",
          "me": true,
          "permissionId": "06941688514420538122",
          "emailAddress": "fastlane-android-apk@mythic-display-237310.iam.gserviceaccount.com"
        }
      ],
      "lastModifyingUser": {
        "kind": "drive#user",
        "displayName": "fastlane-android-apk@mythic-display-237310.iam.gserviceaccount.com",
        "photoLink": "https://lh3.googleusercontent.com/a/default-user=s64",
        "me": true,
        "permissionId": "06941688514420538122",
        "emailAddress": "fastlane-android-apk@mythic-display-237310.iam.gserviceaccount.com"
      },
      "shared": false,
      "ownedByMe": true,
      "capabilities": {
        "canAcceptOwnership": false,
        "canAddChildren": false,
        "canAddMyDriveParent": false,
        "canChangeCopyRequiresWriterPermission": true,
        "canChangeSecurityUpdateEnabled": false,
        "canChangeViewersCanCopyContent": true,
        "canComment": true,
        "canCopy": true,
        "canDelete": true,
        "canDownload": true,
        "canEdit": true,
        "canListChildren": false,
        "canModifyContent": true,
        "canModifyLabels": false,
        "canMoveChildrenWithinDrive": false,
        "canMoveItemIntoTeamDrive": true,
        "canMoveItemOutOfDrive": true,
        "canMoveItemWithinDrive": true,
        "canReadLabels": false,
        "canReadRevisions": true,
        "canRemoveChildren": false,
        "canRemoveMyDriveParent": true,
        "canRename": true,
        "canShare": true,
        "canTrash": true,
        "canUntrash": true
      },
      "viewersCanCopyContent": true,
      "copyRequiresWriterPermission": false,
      "writersCanShare": true,
      "permissions": [
        {
          "kind": "drive#permission",
          "id": "06941688514420538122",
          "type": "user",
          "emailAddress": "fastlane-android-apk@mythic-display-237310.iam.gserviceaccount.com",
          "role": "owner",
          "displayName": "fastlane-android-apk@mythic-display-237310.iam.gserviceaccount.com",
          "photoLink": "https://lh3.googleusercontent.com/a/default-user=s64",
          "deleted": false,
          "pendingOwner": false
        }
      ],
      "permissionIds": [
        "06941688514420538122"
      ],
      "originalFilename": "ticket-233-3.0.0-c9b93a22.apk",
      "fullFileExtension": "0-c9b93a22.apk",
      "fileExtension": "apk",
      "md5Checksum": "627176cb2bba131c6dadb80609c596f0",
      "size": "61646468",
      "quotaBytesUsed": "61646468",
      "headRevisionId": "0ByDi02V-dEkAU1VkdElWaTFWYzdjb2MyZHBXQ3RCSWZjZGpVPQ",
      "isAppAuthorized": true,
      "linkShareMetadata": {
        "securityUpdateEligible": false,
        "securityUpdateEnabled": true
      }
    },
    {
      "kind": "drive#file",
      "id": "1wLxi44LYXDKmYXgrw8EPGfwlS8VpKEjK",
      "name": "ticket-274-2.10.0-2f1eb9c2.apk",
      "mimeType": "application/vnd.android.package-archive",
      "starred": false,
      "trashed": false,
      "explicitlyTrashed": false,
      "parents": [
        "0ACDi02V-dEkAUk9PVA"
      ],
      "spaces": [
        "drive"
      ],
      "version": "5",
      "webContentLink": "https://drive.google.com/uc?id=1wLxi44LYXDKmYXgrw8EPGfwlS8VpKEjK&export=download",
      "webViewLink": "https://drive.google.com/file/d/1wLxi44LYXDKmYXgrw8EPGfwlS8VpKEjK/view?usp=drivesdk",
      "iconLink": "https://drive-thirdparty.googleusercontent.com/16/type/application/vnd.android.package-archive",
      "hasThumbnail": false,
      "thumbnailVersion": "0",
      "viewedByMe": false,
      "createdTime": "2021-12-29T08:26:28.182Z",
      "modifiedTime": "2021-12-29T08:26:28.182Z",
      "modifiedByMeTime": "2021-12-29T08:26:28.182Z",
      "modifiedByMe": true,
      "owners": [
        {
          "kind": "drive#user",
          "displayName": "fastlane-android-apk@mythic-display-237310.iam.gserviceaccount.com",
          "photoLink": "https://lh3.googleusercontent.com/a/default-user=s64",
          "me": true,
          "permissionId": "06941688514420538122",
          "emailAddress": "fastlane-android-apk@mythic-display-237310.iam.gserviceaccount.com"
        }
      ],
      "lastModifyingUser": {
        "kind": "drive#user",
        "displayName": "fastlane-android-apk@mythic-display-237310.iam.gserviceaccount.com",
        "photoLink": "https://lh3.googleusercontent.com/a/default-user=s64",
        "me": true,
        "permissionId": "06941688514420538122",
        "emailAddress": "fastlane-android-apk@mythic-display-237310.iam.gserviceaccount.com"
      },
      "shared": false,
      "ownedByMe": true,
      "capabilities": {
        "canAcceptOwnership": false,
        "canAddChildren": false,
        "canAddMyDriveParent": false,
        "canChangeCopyRequiresWriterPermission": true,
        "canChangeSecurityUpdateEnabled": false,
        "canChangeViewersCanCopyContent": true,
        "canComment": true,
        "canCopy": true,
        "canDelete": true,
        "canDownload": true,
        "canEdit": true,
        "canListChildren": false,
        "canModifyContent": true,
        "canModifyLabels": false,
        "canMoveChildrenWithinDrive": false,
        "canMoveItemIntoTeamDrive": true,
        "canMoveItemOutOfDrive": true,
        "canMoveItemWithinDrive": true,
        "canReadLabels": false,
        "canReadRevisions": true,
        "canRemoveChildren": false,
        "canRemoveMyDriveParent": true,
        "canRename": true,
        "canShare": true,
        "canTrash": true,
        "canUntrash": true
      },
      "viewersCanCopyContent": true,
      "copyRequiresWriterPermission": false,
      "writersCanShare": true,
      "permissions": [
        {
          "kind": "drive#permission",
          "id": "06941688514420538122",
          "type": "user",
          "emailAddress": "fastlane-android-apk@mythic-display-237310.iam.gserviceaccount.com",
          "role": "owner",
          "displayName": "fastlane-android-apk@mythic-display-237310.iam.gserviceaccount.com",
          "photoLink": "https://lh3.googleusercontent.com/a/default-user=s64",
          "deleted": false,
          "pendingOwner": false
        }
      ],
      "permissionIds": [
        "06941688514420538122"
      ],
      "originalFilename": "ticket-274-2.10.0-2f1eb9c2.apk",
      "fullFileExtension": "0-2f1eb9c2.apk",
      "fileExtension": "apk",
      "md5Checksum": "347b9670de829bdfaf7c9279b02a8d28",
      "size": "61648051",
      "quotaBytesUsed": "61648051",
      "headRevisionId": "0ByDi02V-dEkAa3pBaytQNUFodVVDQi9lN24rcERPM0JmdHpjPQ",
      "isAppAuthorized": true,
      "linkShareMetadata": {
        "securityUpdateEligible": false,
        "securityUpdateEnabled": true
      }
    },
    {
      "kind": "drive#file",
      "id": "1vTQfcipXHWeCQy_1dFL3mZ3JwMDkdRfj",
      "name": "ticket-277-3.0.0-2f8380e8.apk",
      "mimeType": "application/vnd.android.package-archive",
      "starred": false,
      "trashed": false,
      "explicitlyTrashed": false,
      "parents": [
        "0ACDi02V-dEkAUk9PVA"
      ],
      "spaces": [
        "drive"
      ],
      "version": "5",
      "webContentLink": "https://drive.google.com/uc?id=1vTQfcipXHWeCQy_1dFL3mZ3JwMDkdRfj&export=download",
      "webViewLink": "https://drive.google.com/file/d/1vTQfcipXHWeCQy_1dFL3mZ3JwMDkdRfj/view?usp=drivesdk",
      "iconLink": "https://drive-thirdparty.googleusercontent.com/16/type/application/vnd.android.package-archive",
      "hasThumbnail": false,
      "thumbnailVersion": "0",
      "viewedByMe": false,
      "createdTime": "2021-12-30T08:40:05.390Z",
      "modifiedTime": "2021-12-30T08:40:05.390Z",
      "modifiedByMeTime": "2021-12-30T08:40:05.390Z",
      "modifiedByMe": true,
      "owners": [
        {
          "kind": "drive#user",
          "displayName": "fastlane-android-apk@mythic-display-237310.iam.gserviceaccount.com",
          "photoLink": "https://lh3.googleusercontent.com/a/default-user=s64",
          "me": true,
          "permissionId": "06941688514420538122",
          "emailAddress": "fastlane-android-apk@mythic-display-237310.iam.gserviceaccount.com"
        }
      ],
      "lastModifyingUser": {
        "kind": "drive#user",
        "displayName": "fastlane-android-apk@mythic-display-237310.iam.gserviceaccount.com",
        "photoLink": "https://lh3.googleusercontent.com/a/default-user=s64",
        "me": true,
        "permissionId": "06941688514420538122",
        "emailAddress": "fastlane-android-apk@mythic-display-237310.iam.gserviceaccount.com"
      },
      "shared": false,
      "ownedByMe": true,
      "capabilities": {
        "canAcceptOwnership": false,
        "canAddChildren": false,
        "canAddMyDriveParent": false,
        "canChangeCopyRequiresWriterPermission": true,
        "canChangeSecurityUpdateEnabled": false,
        "canChangeViewersCanCopyContent": true,
        "canComment": true,
        "canCopy": true,
        "canDelete": true,
        "canDownload": true,
        "canEdit": true,
        "canListChildren": false,
        "canModifyContent": true,
        "canModifyLabels": false,
        "canMoveChildrenWithinDrive": false,
        "canMoveItemIntoTeamDrive": true,
        "canMoveItemOutOfDrive": true,
        "canMoveItemWithinDrive": true,
        "canReadLabels": false,
        "canReadRevisions": true,
        "canRemoveChildren": false,
        "canRemoveMyDriveParent": true,
        "canRename": true,
        "canShare": true,
        "canTrash": true,
        "canUntrash": true
      },
      "viewersCanCopyContent": true,
      "copyRequiresWriterPermission": false,
      "writersCanShare": true,
      "permissions": [
        {
          "kind": "drive#permission",
          "id": "06941688514420538122",
          "type": "user",
          "emailAddress": "fastlane-android-apk@mythic-display-237310.iam.gserviceaccount.com",
          "role": "owner",
          "displayName": "fastlane-android-apk@mythic-display-237310.iam.gserviceaccount.com",
          "photoLink": "https://lh3.googleusercontent.com/a/default-user=s64",
          "deleted": false,
          "pendingOwner": false
        }
      ],
      "permissionIds": [
        "06941688514420538122"
      ],
      "originalFilename": "ticket-277-3.0.0-2f8380e8.apk",
      "fullFileExtension": "0-2f8380e8.apk",
      "fileExtension": "apk",
      "md5Checksum": "255cf9f9e9dfe80b60d80e1cc9140d72",
      "size": "61646001",
      "quotaBytesUsed": "61646001",
      "headRevisionId": "0ByDi02V-dEkAbTB5MVFFbmNqU2FOUy95b0tVWERWQ0dJb3JvPQ",
      "isAppAuthorized": true,
      "linkShareMetadata": {
        "securityUpdateEligible": false,
        "securityUpdateEnabled": true
      }
    },
    {
      "kind": "drive#file",
      "id": "1Kyv5JLDp9ukBk7BrRnNmi3oEHH8OT9wF",
      "name": "ticket-273-3.0.0-b657b93f.apk",
      "mimeType": "application/vnd.android.package-archive",
      "starred": false,
      "trashed": false,
      "explicitlyTrashed": false,
      "parents": [
        "0ACDi02V-dEkAUk9PVA"
      ],
      "spaces": [
        "drive"
      ],
      "version": "5",
      "webContentLink": "https://drive.google.com/uc?id=1Kyv5JLDp9ukBk7BrRnNmi3oEHH8OT9wF&export=download",
      "webViewLink": "https://drive.google.com/file/d/1Kyv5JLDp9ukBk7BrRnNmi3oEHH8OT9wF/view?usp=drivesdk",
      "iconLink": "https://drive-thirdparty.googleusercontent.com/16/type/application/vnd.android.package-archive",
      "hasThumbnail": false,
      "thumbnailVersion": "0",
      "viewedByMe": false,
      "createdTime": "2021-12-31T02:38:00.539Z",
      "modifiedTime": "2021-12-31T02:38:00.539Z",
      "modifiedByMeTime": "2021-12-31T02:38:00.539Z",
      "modifiedByMe": true,
      "owners": [
        {
          "kind": "drive#user",
          "displayName": "fastlane-android-apk@mythic-display-237310.iam.gserviceaccount.com",
          "photoLink": "https://lh3.googleusercontent.com/a/default-user=s64",
          "me": true,
          "permissionId": "06941688514420538122",
          "emailAddress": "fastlane-android-apk@mythic-display-237310.iam.gserviceaccount.com"
        }
      ],
      "lastModifyingUser": {
        "kind": "drive#user",
        "displayName": "fastlane-android-apk@mythic-display-237310.iam.gserviceaccount.com",
        "photoLink": "https://lh3.googleusercontent.com/a/default-user=s64",
        "me": true,
        "permissionId": "06941688514420538122",
        "emailAddress": "fastlane-android-apk@mythic-display-237310.iam.gserviceaccount.com"
      },
      "shared": false,
      "ownedByMe": true,
      "capabilities": {
        "canAcceptOwnership": false,
        "canAddChildren": false,
        "canAddMyDriveParent": false,
        "canChangeCopyRequiresWriterPermission": true,
        "canChangeSecurityUpdateEnabled": false,
        "canChangeViewersCanCopyContent": true,
        "canComment": true,
        "canCopy": true,
        "canDelete": true,
        "canDownload": true,
        "canEdit": true,
        "canListChildren": false,
        "canModifyContent": true,
        "canModifyLabels": false,
        "canMoveChildrenWithinDrive": false,
        "canMoveItemIntoTeamDrive": true,
        "canMoveItemOutOfDrive": true,
        "canMoveItemWithinDrive": true,
        "canReadLabels": false,
        "canReadRevisions": true,
        "canRemoveChildren": false,
        "canRemoveMyDriveParent": true,
        "canRename": true,
        "canShare": true,
        "canTrash": true,
        "canUntrash": true
      },
      "viewersCanCopyContent": true,
      "copyRequiresWriterPermission": false,
      "writersCanShare": true,
      "permissions": [
        {
          "kind": "drive#permission",
          "id": "06941688514420538122",
          "type": "user",
          "emailAddress": "fastlane-android-apk@mythic-display-237310.iam.gserviceaccount.com",
          "role": "owner",
          "displayName": "fastlane-android-apk@mythic-display-237310.iam.gserviceaccount.com",
          "photoLink": "https://lh3.googleusercontent.com/a/default-user=s64",
          "deleted": false,
          "pendingOwner": false
        }
      ],
      "permissionIds": [
        "06941688514420538122"
      ],
      "originalFilename": "ticket-273-3.0.0-b657b93f.apk",
      "fullFileExtension": "0-b657b93f.apk",
      "fileExtension": "apk",
      "md5Checksum": "4315121751ef7795717637da5295153a",
      "size": "61645795",
      "quotaBytesUsed": "61645795",
      "headRevisionId": "0ByDi02V-dEkAS1RraUZjVHh1VU1XOE4yM2YvQ0E3Z0ovWVd3PQ",
      "isAppAuthorized": true,
      "linkShareMetadata": {
        "securityUpdateEligible": false,
        "securityUpdateEnabled": true
      }
    },
    {
      "kind": "drive#file",
      "id": "1qoxfusajaO57jtREeOGwPk_W7Ytm0_SE",
      "name": "ticket-280-3.0.0-7d9a4ddd.apk",
      "mimeType": "application/vnd.android.package-archive",
      "starred": false,
      "trashed": false,
      "explicitlyTrashed": false,
      "parents": [
        "0ACDi02V-dEkAUk9PVA"
      ],
      "spaces": [
        "drive"
      ],
      "version": "7",
      "webContentLink": "https://drive.google.com/uc?id=1qoxfusajaO57jtREeOGwPk_W7Ytm0_SE&export=download",
      "webViewLink": "https://drive.google.com/file/d/1qoxfusajaO57jtREeOGwPk_W7Ytm0_SE/view?usp=drivesdk",
      "iconLink": "https://drive-thirdparty.googleusercontent.com/16/type/application/vnd.android.package-archive",
      "hasThumbnail": false,
      "thumbnailVersion": "0",
      "viewedByMe": false,
      "createdTime": "2021-12-31T10:02:47.658Z",
      "modifiedTime": "2021-12-31T10:02:47.658Z",
      "modifiedByMeTime": "2021-12-31T10:02:47.658Z",
      "modifiedByMe": true,
      "owners": [
        {
          "kind": "drive#user",
          "displayName": "fastlane-android-apk@mythic-display-237310.iam.gserviceaccount.com",
          "photoLink": "https://lh3.googleusercontent.com/a/default-user=s64",
          "me": true,
          "permissionId": "06941688514420538122",
          "emailAddress": "fastlane-android-apk@mythic-display-237310.iam.gserviceaccount.com"
        }
      ],
      "lastModifyingUser": {
        "kind": "drive#user",
        "displayName": "fastlane-android-apk@mythic-display-237310.iam.gserviceaccount.com",
        "photoLink": "https://lh3.googleusercontent.com/a/default-user=s64",
        "me": true,
        "permissionId": "06941688514420538122",
        "emailAddress": "fastlane-android-apk@mythic-display-237310.iam.gserviceaccount.com"
      },
      "shared": false,
      "ownedByMe": true,
      "capabilities": {
        "canAcceptOwnership": false,
        "canAddChildren": false,
        "canAddMyDriveParent": false,
        "canChangeCopyRequiresWriterPermission": true,
        "canChangeSecurityUpdateEnabled": false,
        "canChangeViewersCanCopyContent": true,
        "canComment": true,
        "canCopy": true,
        "canDelete": true,
        "canDownload": true,
        "canEdit": true,
        "canListChildren": false,
        "canModifyContent": true,
        "canModifyLabels": false,
        "canMoveChildrenWithinDrive": false,
        "canMoveItemIntoTeamDrive": true,
        "canMoveItemOutOfDrive": true,
        "canMoveItemWithinDrive": true,
        "canReadLabels": false,
        "canReadRevisions": true,
        "canRemoveChildren": false,
        "canRemoveMyDriveParent": true,
        "canRename": true,
        "canShare": true,
        "canTrash": true,
        "canUntrash": true
      },
      "viewersCanCopyContent": true,
      "copyRequiresWriterPermission": false,
      "writersCanShare": true,
      "permissions": [
        {
          "kind": "drive#permission",
          "id": "06941688514420538122",
          "type": "user",
          "emailAddress": "fastlane-android-apk@mythic-display-237310.iam.gserviceaccount.com",
          "role": "owner",
          "displayName": "fastlane-android-apk@mythic-display-237310.iam.gserviceaccount.com",
          "photoLink": "https://lh3.googleusercontent.com/a/default-user=s64",
          "deleted": false,
          "pendingOwner": false
        }
      ],
      "permissionIds": [
        "06941688514420538122"
      ],
      "originalFilename": "ticket-280-3.0.0-7d9a4ddd.apk",
      "fullFileExtension": "0-7d9a4ddd.apk",
      "fileExtension": "apk",
      "md5Checksum": "f4199a9ffb3cfa52568d6478090f9e6d",
      "size": "61645926",
      "quotaBytesUsed": "61645926",
      "headRevisionId": "0ByDi02V-dEkATUFZRGthS2VkTmdBaU13OGZ1TWNYd204YnJrPQ",
      "isAppAuthorized": true,
      "linkShareMetadata": {
        "securityUpdateEligible": false,
        "securityUpdateEnabled": true
      }
    },
    {
      "kind": "drive#file",
      "id": "1zUA9eu7PBFJlTw5SRkKe-yjGXgh_UR3P",
      "name": "ticket-116-3.0.0-986a0813.apk",
      "mimeType": "application/vnd.android.package-archive",
      "starred": false,
      "trashed": false,
      "explicitlyTrashed": false,
      "parents": [
        "0ACDi02V-dEkAUk9PVA"
      ],
      "spaces": [
        "drive"
      ],
      "version": "8",
      "webContentLink": "https://drive.google.com/uc?id=1zUA9eu7PBFJlTw5SRkKe-yjGXgh_UR3P&export=download",
      "webViewLink": "https://drive.google.com/file/d/1zUA9eu7PBFJlTw5SRkKe-yjGXgh_UR3P/view?usp=drivesdk",
      "iconLink": "https://drive-thirdparty.googleusercontent.com/16/type/application/vnd.android.package-archive",
      "hasThumbnail": false,
      "thumbnailVersion": "0",
      "viewedByMe": false,
      "createdTime": "2022-01-04T02:56:06.953Z",
      "modifiedTime": "2022-01-04T02:56:06.953Z",
      "modifiedByMeTime": "2022-01-04T02:56:06.953Z",
      "modifiedByMe": true,
      "owners": [
        {
          "kind": "drive#user",
          "displayName": "fastlane-android-apk@mythic-display-237310.iam.gserviceaccount.com",
          "photoLink": "https://lh3.googleusercontent.com/a/default-user=s64",
          "me": true,
          "permissionId": "06941688514420538122",
          "emailAddress": "fastlane-android-apk@mythic-display-237310.iam.gserviceaccount.com"
        }
      ],
      "lastModifyingUser": {
        "kind": "drive#user",
        "displayName": "fastlane-android-apk@mythic-display-237310.iam.gserviceaccount.com",
        "photoLink": "https://lh3.googleusercontent.com/a/default-user=s64",
        "me": true,
        "permissionId": "06941688514420538122",
        "emailAddress": "fastlane-android-apk@mythic-display-237310.iam.gserviceaccount.com"
      },
      "shared": false,
      "ownedByMe": true,
      "capabilities": {
        "canAcceptOwnership": false,
        "canAddChildren": false,
        "canAddMyDriveParent": false,
        "canChangeCopyRequiresWriterPermission": true,
        "canChangeSecurityUpdateEnabled": false,
        "canChangeViewersCanCopyContent": true,
        "canComment": true,
        "canCopy": true,
        "canDelete": true,
        "canDownload": true,
        "canEdit": true,
        "canListChildren": false,
        "canModifyContent": true,
        "canModifyLabels": false,
        "canMoveChildrenWithinDrive": false,
        "canMoveItemIntoTeamDrive": true,
        "canMoveItemOutOfDrive": true,
        "canMoveItemWithinDrive": true,
        "canReadLabels": false,
        "canReadRevisions": true,
        "canRemoveChildren": false,
        "canRemoveMyDriveParent": true,
        "canRename": true,
        "canShare": true,
        "canTrash": true,
        "canUntrash": true
      },
      "viewersCanCopyContent": true,
      "copyRequiresWriterPermission": false,
      "writersCanShare": true,
      "permissions": [
        {
          "kind": "drive#permission",
          "id": "06941688514420538122",
          "type": "user",
          "emailAddress": "fastlane-android-apk@mythic-display-237310.iam.gserviceaccount.com",
          "role": "owner",
          "displayName": "fastlane-android-apk@mythic-display-237310.iam.gserviceaccount.com",
          "photoLink": "https://lh3.googleusercontent.com/a/default-user=s64",
          "deleted": false,
          "pendingOwner": false
        }
      ],
      "permissionIds": [
        "06941688514420538122"
      ],
      "originalFilename": "ticket-116-3.0.0-986a0813.apk",
      "fullFileExtension": "0-986a0813.apk",
      "fileExtension": "apk",
      "md5Checksum": "ec0714f414a1aee75e8196c6f3cd77c7",
      "size": "61645832",
      "quotaBytesUsed": "61645832",
      "headRevisionId": "0ByDi02V-dEkAcGJEQWgxS0wxc2V2VUJHQk15QnhHMEd5UkFrPQ",
      "isAppAuthorized": true,
      "linkShareMetadata": {
        "securityUpdateEligible": false,
        "securityUpdateEnabled": true
      }
    },
    {
      "kind": "drive#file",
      "id": "1hPmb9GoIM839S3pV8HFFrxUHgFTwlLUB",
      "name": "ticket-162-3.0.0-4ca2b511.apk",
      "mimeType": "application/vnd.android.package-archive",
      "starred": false,
      "trashed": false,
      "explicitlyTrashed": false,
      "parents": [
        "0ACDi02V-dEkAUk9PVA"
      ],
      "spaces": [
        "drive"
      ],
      "version": "5",
      "webContentLink": "https://drive.google.com/uc?id=1hPmb9GoIM839S3pV8HFFrxUHgFTwlLUB&export=download",
      "webViewLink": "https://drive.google.com/file/d/1hPmb9GoIM839S3pV8HFFrxUHgFTwlLUB/view?usp=drivesdk",
      "iconLink": "https://drive-thirdparty.googleusercontent.com/16/type/application/vnd.android.package-archive",
      "hasThumbnail": false,
      "thumbnailVersion": "0",
      "viewedByMe": false,
      "createdTime": "2022-01-04T07:57:44.910Z",
      "modifiedTime": "2022-01-04T07:57:44.910Z",
      "modifiedByMeTime": "2022-01-04T07:57:44.910Z",
      "modifiedByMe": true,
      "owners": [
        {
          "kind": "drive#user",
          "displayName": "fastlane-android-apk@mythic-display-237310.iam.gserviceaccount.com",
          "photoLink": "https://lh3.googleusercontent.com/a/default-user=s64",
          "me": true,
          "permissionId": "06941688514420538122",
          "emailAddress": "fastlane-android-apk@mythic-display-237310.iam.gserviceaccount.com"
        }
      ],
      "lastModifyingUser": {
        "kind": "drive#user",
        "displayName": "fastlane-android-apk@mythic-display-237310.iam.gserviceaccount.com",
        "photoLink": "https://lh3.googleusercontent.com/a/default-user=s64",
        "me": true,
        "permissionId": "06941688514420538122",
        "emailAddress": "fastlane-android-apk@mythic-display-237310.iam.gserviceaccount.com"
      },
      "shared": false,
      "ownedByMe": true,
      "capabilities": {
        "canAcceptOwnership": false,
        "canAddChildren": false,
        "canAddMyDriveParent": false,
        "canChangeCopyRequiresWriterPermission": true,
        "canChangeSecurityUpdateEnabled": false,
        "canChangeViewersCanCopyContent": true,
        "canComment": true,
        "canCopy": true,
        "canDelete": true,
        "canDownload": true,
        "canEdit": true,
        "canListChildren": false,
        "canModifyContent": true,
        "canModifyLabels": false,
        "canMoveChildrenWithinDrive": false,
        "canMoveItemIntoTeamDrive": true,
        "canMoveItemOutOfDrive": true,
        "canMoveItemWithinDrive": true,
        "canReadLabels": false,
        "canReadRevisions": true,
        "canRemoveChildren": false,
        "canRemoveMyDriveParent": true,
        "canRename": true,
        "canShare": true,
        "canTrash": true,
        "canUntrash": true
      },
      "viewersCanCopyContent": true,
      "copyRequiresWriterPermission": false,
      "writersCanShare": true,
      "permissions": [
        {
          "kind": "drive#permission",
          "id": "06941688514420538122",
          "type": "user",
          "emailAddress": "fastlane-android-apk@mythic-display-237310.iam.gserviceaccount.com",
          "role": "owner",
          "displayName": "fastlane-android-apk@mythic-display-237310.iam.gserviceaccount.com",
          "photoLink": "https://lh3.googleusercontent.com/a/default-user=s64",
          "deleted": false,
          "pendingOwner": false
        }
      ],
      "permissionIds": [
        "06941688514420538122"
      ],
      "originalFilename": "ticket-162-3.0.0-4ca2b511.apk",
      "fullFileExtension": "0-4ca2b511.apk",
      "fileExtension": "apk",
      "md5Checksum": "535e78b2c666d02f2cb8fe721de5b6b9",
      "size": "61646535",
      "quotaBytesUsed": "61646535",
      "headRevisionId": "0ByDi02V-dEkAeHhSRXNhOFp3MW91eW5MdWFLK3lTc0VBeDVVPQ",
      "isAppAuthorized": true,
      "linkShareMetadata": {
        "securityUpdateEligible": false,
        "securityUpdateEnabled": true
      }
    },
    {
      "kind": "drive#file",
      "id": "1xOPEu575cj9wZzCjVrJWmFxh9kRUO1eR",
      "name": "ticket-162-3.0.0-ab35506c.apk",
      "mimeType": "application/vnd.android.package-archive",
      "starred": false,
      "trashed": false,
      "explicitlyTrashed": false,
      "parents": [
        "0ACDi02V-dEkAUk9PVA"
      ],
      "spaces": [
        "drive"
      ],
      "version": "5",
      "webContentLink": "https://drive.google.com/uc?id=1xOPEu575cj9wZzCjVrJWmFxh9kRUO1eR&export=download",
      "webViewLink": "https://drive.google.com/file/d/1xOPEu575cj9wZzCjVrJWmFxh9kRUO1eR/view?usp=drivesdk",
      "iconLink": "https://drive-thirdparty.googleusercontent.com/16/type/application/vnd.android.package-archive",
      "hasThumbnail": false,
      "thumbnailVersion": "0",
      "viewedByMe": false,
      "createdTime": "2022-01-04T09:49:23.378Z",
      "modifiedTime": "2022-01-04T09:49:23.378Z",
      "modifiedByMeTime": "2022-01-04T09:49:23.378Z",
      "modifiedByMe": true,
      "owners": [
        {
          "kind": "drive#user",
          "displayName": "fastlane-android-apk@mythic-display-237310.iam.gserviceaccount.com",
          "photoLink": "https://lh3.googleusercontent.com/a/default-user=s64",
          "me": true,
          "permissionId": "06941688514420538122",
          "emailAddress": "fastlane-android-apk@mythic-display-237310.iam.gserviceaccount.com"
        }
      ],
      "lastModifyingUser": {
        "kind": "drive#user",
        "displayName": "fastlane-android-apk@mythic-display-237310.iam.gserviceaccount.com",
        "photoLink": "https://lh3.googleusercontent.com/a/default-user=s64",
        "me": true,
        "permissionId": "06941688514420538122",
        "emailAddress": "fastlane-android-apk@mythic-display-237310.iam.gserviceaccount.com"
      },
      "shared": false,
      "ownedByMe": true,
      "capabilities": {
        "canAcceptOwnership": false,
        "canAddChildren": false,
        "canAddMyDriveParent": false,
        "canChangeCopyRequiresWriterPermission": true,
        "canChangeSecurityUpdateEnabled": false,
        "canChangeViewersCanCopyContent": true,
        "canComment": true,
        "canCopy": true,
        "canDelete": true,
        "canDownload": true,
        "canEdit": true,
        "canListChildren": false,
        "canModifyContent": true,
        "canModifyLabels": false,
        "canMoveChildrenWithinDrive": false,
        "canMoveItemIntoTeamDrive": true,
        "canMoveItemOutOfDrive": true,
        "canMoveItemWithinDrive": true,
        "canReadLabels": false,
        "canReadRevisions": true,
        "canRemoveChildren": false,
        "canRemoveMyDriveParent": true,
        "canRename": true,
        "canShare": true,
        "canTrash": true,
        "canUntrash": true
      },
      "viewersCanCopyContent": true,
      "copyRequiresWriterPermission": false,
      "writersCanShare": true,
      "permissions": [
        {
          "kind": "drive#permission",
          "id": "06941688514420538122",
          "type": "user",
          "emailAddress": "fastlane-android-apk@mythic-display-237310.iam.gserviceaccount.com",
          "role": "owner",
          "displayName": "fastlane-android-apk@mythic-display-237310.iam.gserviceaccount.com",
          "photoLink": "https://lh3.googleusercontent.com/a/default-user=s64",
          "deleted": false,
          "pendingOwner": false
        }
      ],
      "permissionIds": [
        "06941688514420538122"
      ],
      "originalFilename": "ticket-162-3.0.0-ab35506c.apk",
      "fullFileExtension": "0-ab35506c.apk",
      "fileExtension": "apk",
      "md5Checksum": "f449d68e98f4bc1fa0f0ed49404d2ae4",
      "size": "61646991",
      "quotaBytesUsed": "61646991",
      "headRevisionId": "0ByDi02V-dEkAWG1FT3haY2NJWWo5aUZjYnQ5WjZ2azVzTHhjPQ",
      "isAppAuthorized": true,
      "linkShareMetadata": {
        "securityUpdateEligible": false,
        "securityUpdateEnabled": true
      }
    },
    {
      "kind": "drive#file",
      "id": "11PEd0SSMDP2m7getxLo-WDrbwpdXHfop",
      "name": "ticket-279-3.0.0-1037ceac.apk",
      "mimeType": "application/vnd.android.package-archive",
      "starred": false,
      "trashed": false,
      "explicitlyTrashed": false,
      "parents": [
        "0ACDi02V-dEkAUk9PVA"
      ],
      "spaces": [
        "drive"
      ],
      "version": "5",
      "webContentLink": "https://drive.google.com/uc?id=11PEd0SSMDP2m7getxLo-WDrbwpdXHfop&export=download",
      "webViewLink": "https://drive.google.com/file/d/11PEd0SSMDP2m7getxLo-WDrbwpdXHfop/view?usp=drivesdk",
      "iconLink": "https://drive-thirdparty.googleusercontent.com/16/type/application/vnd.android.package-archive",
      "hasThumbnail": false,
      "thumbnailVersion": "0",
      "viewedByMe": false,
      "createdTime": "2022-01-04T11:25:37.822Z",
      "modifiedTime": "2022-01-04T11:25:37.822Z",
      "modifiedByMeTime": "2022-01-04T11:25:37.822Z",
      "modifiedByMe": true,
      "owners": [
        {
          "kind": "drive#user",
          "displayName": "fastlane-android-apk@mythic-display-237310.iam.gserviceaccount.com",
          "photoLink": "https://lh3.googleusercontent.com/a/default-user=s64",
          "me": true,
          "permissionId": "06941688514420538122",
          "emailAddress": "fastlane-android-apk@mythic-display-237310.iam.gserviceaccount.com"
        }
      ],
      "lastModifyingUser": {
        "kind": "drive#user",
        "displayName": "fastlane-android-apk@mythic-display-237310.iam.gserviceaccount.com",
        "photoLink": "https://lh3.googleusercontent.com/a/default-user=s64",
        "me": true,
        "permissionId": "06941688514420538122",
        "emailAddress": "fastlane-android-apk@mythic-display-237310.iam.gserviceaccount.com"
      },
      "shared": false,
      "ownedByMe": true,
      "capabilities": {
        "canAcceptOwnership": false,
        "canAddChildren": false,
        "canAddMyDriveParent": false,
        "canChangeCopyRequiresWriterPermission": true,
        "canChangeSecurityUpdateEnabled": false,
        "canChangeViewersCanCopyContent": true,
        "canComment": true,
        "canCopy": true,
        "canDelete": true,
        "canDownload": true,
        "canEdit": true,
        "canListChildren": false,
        "canModifyContent": true,
        "canModifyLabels": false,
        "canMoveChildrenWithinDrive": false,
        "canMoveItemIntoTeamDrive": true,
        "canMoveItemOutOfDrive": true,
        "canMoveItemWithinDrive": true,
        "canReadLabels": false,
        "canReadRevisions": true,
        "canRemoveChildren": false,
        "canRemoveMyDriveParent": true,
        "canRename": true,
        "canShare": true,
        "canTrash": true,
        "canUntrash": true
      },
      "viewersCanCopyContent": true,
      "copyRequiresWriterPermission": false,
      "writersCanShare": true,
      "permissions": [
        {
          "kind": "drive#permission",
          "id": "06941688514420538122",
          "type": "user",
          "emailAddress": "fastlane-android-apk@mythic-display-237310.iam.gserviceaccount.com",
          "role": "owner",
          "displayName": "fastlane-android-apk@mythic-display-237310.iam.gserviceaccount.com",
          "photoLink": "https://lh3.googleusercontent.com/a/default-user=s64",
          "deleted": false,
          "pendingOwner": false
        }
      ],
      "permissionIds": [
        "06941688514420538122"
      ],
      "originalFilename": "ticket-279-3.0.0-1037ceac.apk",
      "fullFileExtension": "0-1037ceac.apk",
      "fileExtension": "apk",
      "md5Checksum": "e0599377fbc118338133a9ffe12bc42f",
      "size": "62728146",
      "quotaBytesUsed": "62728146",
      "headRevisionId": "0ByDi02V-dEkATEdXNUxtY0l1TlUzVGowUDNFYXVkZXlUeldFPQ",
      "isAppAuthorized": true,
      "linkShareMetadata": {
        "securityUpdateEligible": false,
        "securityUpdateEnabled": true
      }
    },
    {
      "kind": "drive#file",
      "id": "1ga_gLuv1NoYU7iBiEwjXzlMAEjHD6s54",
      "name": "ticket-281-3.0.0-7c86195c.apk",
      "mimeType": "application/vnd.android.package-archive",
      "starred": false,
      "trashed": false,
      "explicitlyTrashed": false,
      "parents": [
        "0ACDi02V-dEkAUk9PVA"
      ],
      "spaces": [
        "drive"
      ],
      "version": "6",
      "webContentLink": "https://drive.google.com/uc?id=1ga_gLuv1NoYU7iBiEwjXzlMAEjHD6s54&export=download",
      "webViewLink": "https://drive.google.com/file/d/1ga_gLuv1NoYU7iBiEwjXzlMAEjHD6s54/view?usp=drivesdk",
      "iconLink": "https://drive-thirdparty.googleusercontent.com/16/type/application/vnd.android.package-archive",
      "hasThumbnail": false,
      "thumbnailVersion": "0",
      "viewedByMe": false,
      "createdTime": "2022-01-05T04:10:25.491Z",
      "modifiedTime": "2022-01-05T04:10:25.491Z",
      "modifiedByMeTime": "2022-01-05T04:10:25.491Z",
      "modifiedByMe": true,
      "owners": [
        {
          "kind": "drive#user",
          "displayName": "fastlane-android-apk@mythic-display-237310.iam.gserviceaccount.com",
          "photoLink": "https://lh3.googleusercontent.com/a/default-user=s64",
          "me": true,
          "permissionId": "06941688514420538122",
          "emailAddress": "fastlane-android-apk@mythic-display-237310.iam.gserviceaccount.com"
        }
      ],
      "lastModifyingUser": {
        "kind": "drive#user",
        "displayName": "fastlane-android-apk@mythic-display-237310.iam.gserviceaccount.com",
        "photoLink": "https://lh3.googleusercontent.com/a/default-user=s64",
        "me": true,
        "permissionId": "06941688514420538122",
        "emailAddress": "fastlane-android-apk@mythic-display-237310.iam.gserviceaccount.com"
      },
      "shared": false,
      "ownedByMe": true,
      "capabilities": {
        "canAcceptOwnership": false,
        "canAddChildren": false,
        "canAddMyDriveParent": false,
        "canChangeCopyRequiresWriterPermission": true,
        "canChangeSecurityUpdateEnabled": false,
        "canChangeViewersCanCopyContent": true,
        "canComment": true,
        "canCopy": true,
        "canDelete": true,
        "canDownload": true,
        "canEdit": true,
        "canListChildren": false,
        "canModifyContent": true,
        "canModifyLabels": false,
        "canMoveChildrenWithinDrive": false,
        "canMoveItemIntoTeamDrive": true,
        "canMoveItemOutOfDrive": true,
        "canMoveItemWithinDrive": true,
        "canReadLabels": false,
        "canReadRevisions": true,
        "canRemoveChildren": false,
        "canRemoveMyDriveParent": true,
        "canRename": true,
        "canShare": true,
        "canTrash": true,
        "canUntrash": true
      },
      "viewersCanCopyContent": true,
      "copyRequiresWriterPermission": false,
      "writersCanShare": true,
      "permissions": [
        {
          "kind": "drive#permission",
          "id": "06941688514420538122",
          "type": "user",
          "emailAddress": "fastlane-android-apk@mythic-display-237310.iam.gserviceaccount.com",
          "role": "owner",
          "displayName": "fastlane-android-apk@mythic-display-237310.iam.gserviceaccount.com",
          "photoLink": "https://lh3.googleusercontent.com/a/default-user=s64",
          "deleted": false,
          "pendingOwner": false
        }
      ],
      "permissionIds": [
        "06941688514420538122"
      ],
      "originalFilename": "ticket-281-3.0.0-7c86195c.apk",
      "fullFileExtension": "0-7c86195c.apk",
      "fileExtension": "apk",
      "md5Checksum": "2d4d7a6c67d809efa47f6f02d18e3c36",
      "size": "61646194",
      "quotaBytesUsed": "61646194",
      "headRevisionId": "0ByDi02V-dEkAcEZvcTRxc3RHQXA0LytWaWQxKzdjSUo2REMwPQ",
      "isAppAuthorized": true,
      "linkShareMetadata": {
        "securityUpdateEligible": false,
        "securityUpdateEnabled": true
      }
    },
    {
      "kind": "drive#file",
      "id": "18ciIDPt54djYNaLkcSQUszko7qnDhXcd",
      "name": "ticket-162-3.0.0-fde77332.apk",
      "mimeType": "application/vnd.android.package-archive",
      "starred": false,
      "trashed": false,
      "explicitlyTrashed": false,
      "parents": [
        "0ACDi02V-dEkAUk9PVA"
      ],
      "spaces": [
        "drive"
      ],
      "version": "6",
      "webContentLink": "https://drive.google.com/uc?id=18ciIDPt54djYNaLkcSQUszko7qnDhXcd&export=download",
      "webViewLink": "https://drive.google.com/file/d/18ciIDPt54djYNaLkcSQUszko7qnDhXcd/view?usp=drivesdk",
      "iconLink": "https://drive-thirdparty.googleusercontent.com/16/type/application/vnd.android.package-archive",
      "hasThumbnail": false,
      "thumbnailVersion": "0",
      "viewedByMe": false,
      "createdTime": "2022-01-05T04:34:17.832Z",
      "modifiedTime": "2022-01-05T04:34:17.832Z",
      "modifiedByMeTime": "2022-01-05T04:34:17.832Z",
      "modifiedByMe": true,
      "owners": [
        {
          "kind": "drive#user",
          "displayName": "fastlane-android-apk@mythic-display-237310.iam.gserviceaccount.com",
          "photoLink": "https://lh3.googleusercontent.com/a/default-user=s64",
          "me": true,
          "permissionId": "06941688514420538122",
          "emailAddress": "fastlane-android-apk@mythic-display-237310.iam.gserviceaccount.com"
        }
      ],
      "lastModifyingUser": {
        "kind": "drive#user",
        "displayName": "fastlane-android-apk@mythic-display-237310.iam.gserviceaccount.com",
        "photoLink": "https://lh3.googleusercontent.com/a/default-user=s64",
        "me": true,
        "permissionId": "06941688514420538122",
        "emailAddress": "fastlane-android-apk@mythic-display-237310.iam.gserviceaccount.com"
      },
      "shared": false,
      "ownedByMe": true,
      "capabilities": {
        "canAcceptOwnership": false,
        "canAddChildren": false,
        "canAddMyDriveParent": false,
        "canChangeCopyRequiresWriterPermission": true,
        "canChangeSecurityUpdateEnabled": false,
        "canChangeViewersCanCopyContent": true,
        "canComment": true,
        "canCopy": true,
        "canDelete": true,
        "canDownload": true,
        "canEdit": true,
        "canListChildren": false,
        "canModifyContent": true,
        "canModifyLabels": false,
        "canMoveChildrenWithinDrive": false,
        "canMoveItemIntoTeamDrive": true,
        "canMoveItemOutOfDrive": true,
        "canMoveItemWithinDrive": true,
        "canReadLabels": false,
        "canReadRevisions": true,
        "canRemoveChildren": false,
        "canRemoveMyDriveParent": true,
        "canRename": true,
        "canShare": true,
        "canTrash": true,
        "canUntrash": true
      },
      "viewersCanCopyContent": true,
      "copyRequiresWriterPermission": false,
      "writersCanShare": true,
      "permissions": [
        {
          "kind": "drive#permission",
          "id": "06941688514420538122",
          "type": "user",
          "emailAddress": "fastlane-android-apk@mythic-display-237310.iam.gserviceaccount.com",
          "role": "owner",
          "displayName": "fastlane-android-apk@mythic-display-237310.iam.gserviceaccount.com",
          "photoLink": "https://lh3.googleusercontent.com/a/default-user=s64",
          "deleted": false,
          "pendingOwner": false
        }
      ],
      "permissionIds": [
        "06941688514420538122"
      ],
      "originalFilename": "ticket-162-3.0.0-fde77332.apk",
      "fullFileExtension": "0-fde77332.apk",
      "fileExtension": "apk",
      "md5Checksum": "6ec2434a3f73aac6837386f56fa50d25",
      "size": "61646922",
      "quotaBytesUsed": "61646922",
      "headRevisionId": "0ByDi02V-dEkAd0JiY053Q1l6WHJzWVVZRVZ3ODVPRlByTCtrPQ",
      "isAppAuthorized": true,
      "linkShareMetadata": {
        "securityUpdateEligible": false,
        "securityUpdateEnabled": true
      }
    },
    {
      "kind": "drive#file",
      "id": "1BaIfVGEnRn4JcLGtkPHx0bEevF90Vg8E",
      "name": "ticket-279-3.0.0-29fc1626.apk",
      "mimeType": "application/vnd.android.package-archive",
      "starred": false,
      "trashed": false,
      "explicitlyTrashed": false,
      "parents": [
        "0ACDi02V-dEkAUk9PVA"
      ],
      "spaces": [
        "drive"
      ],
      "version": "5",
      "webContentLink": "https://drive.google.com/uc?id=1BaIfVGEnRn4JcLGtkPHx0bEevF90Vg8E&export=download",
      "webViewLink": "https://drive.google.com/file/d/1BaIfVGEnRn4JcLGtkPHx0bEevF90Vg8E/view?usp=drivesdk",
      "iconLink": "https://drive-thirdparty.googleusercontent.com/16/type/application/vnd.android.package-archive",
      "hasThumbnail": false,
      "thumbnailVersion": "0",
      "viewedByMe": false,
      "createdTime": "2022-01-05T07:09:38.419Z",
      "modifiedTime": "2022-01-05T07:09:38.419Z",
      "modifiedByMeTime": "2022-01-05T07:09:38.419Z",
      "modifiedByMe": true,
      "owners": [
        {
          "kind": "drive#user",
          "displayName": "fastlane-android-apk@mythic-display-237310.iam.gserviceaccount.com",
          "photoLink": "https://lh3.googleusercontent.com/a/default-user=s64",
          "me": true,
          "permissionId": "06941688514420538122",
          "emailAddress": "fastlane-android-apk@mythic-display-237310.iam.gserviceaccount.com"
        }
      ],
      "lastModifyingUser": {
        "kind": "drive#user",
        "displayName": "fastlane-android-apk@mythic-display-237310.iam.gserviceaccount.com",
        "photoLink": "https://lh3.googleusercontent.com/a/default-user=s64",
        "me": true,
        "permissionId": "06941688514420538122",
        "emailAddress": "fastlane-android-apk@mythic-display-237310.iam.gserviceaccount.com"
      },
      "shared": false,
      "ownedByMe": true,
      "capabilities": {
        "canAcceptOwnership": false,
        "canAddChildren": false,
        "canAddMyDriveParent": false,
        "canChangeCopyRequiresWriterPermission": true,
        "canChangeSecurityUpdateEnabled": false,
        "canChangeViewersCanCopyContent": true,
        "canComment": true,
        "canCopy": true,
        "canDelete": true,
        "canDownload": true,
        "canEdit": true,
        "canListChildren": false,
        "canModifyContent": true,
        "canModifyLabels": false,
        "canMoveChildrenWithinDrive": false,
        "canMoveItemIntoTeamDrive": true,
        "canMoveItemOutOfDrive": true,
        "canMoveItemWithinDrive": true,
        "canReadLabels": false,
        "canReadRevisions": true,
        "canRemoveChildren": false,
        "canRemoveMyDriveParent": true,
        "canRename": true,
        "canShare": true,
        "canTrash": true,
        "canUntrash": true
      },
      "viewersCanCopyContent": true,
      "copyRequiresWriterPermission": false,
      "writersCanShare": true,
      "permissions": [
        {
          "kind": "drive#permission",
          "id": "06941688514420538122",
          "type": "user",
          "emailAddress": "fastlane-android-apk@mythic-display-237310.iam.gserviceaccount.com",
          "role": "owner",
          "displayName": "fastlane-android-apk@mythic-display-237310.iam.gserviceaccount.com",
          "photoLink": "https://lh3.googleusercontent.com/a/default-user=s64",
          "deleted": false,
          "pendingOwner": false
        }
      ],
      "permissionIds": [
        "06941688514420538122"
      ],
      "originalFilename": "ticket-279-3.0.0-29fc1626.apk",
      "fullFileExtension": "0-29fc1626.apk",
      "fileExtension": "apk",
      "md5Checksum": "774c92d26821fef55dd56f628197c2ca",
      "size": "62729100",
      "quotaBytesUsed": "62729100",
      "headRevisionId": "0ByDi02V-dEkAa3NzQ0dWUW1PdVJZZ2drWVpUOG9qeERpN0FjPQ",
      "isAppAuthorized": true,
      "linkShareMetadata": {
        "securityUpdateEligible": false,
        "securityUpdateEnabled": true
      }
    },
    {
      "kind": "drive#file",
      "id": "1GocIE1mgqOQsNTVz2coS8TNJG3CAq52C",
      "name": "ticket-279-3.0.0-1c06393d.apk",
      "mimeType": "application/vnd.android.package-archive",
      "starred": false,
      "trashed": false,
      "explicitlyTrashed": false,
      "parents": [
        "0ACDi02V-dEkAUk9PVA"
      ],
      "spaces": [
        "drive"
      ],
      "version": "5",
      "webContentLink": "https://drive.google.com/uc?id=1GocIE1mgqOQsNTVz2coS8TNJG3CAq52C&export=download",
      "webViewLink": "https://drive.google.com/file/d/1GocIE1mgqOQsNTVz2coS8TNJG3CAq52C/view?usp=drivesdk",
      "iconLink": "https://drive-thirdparty.googleusercontent.com/16/type/application/vnd.android.package-archive",
      "hasThumbnail": false,
      "thumbnailVersion": "0",
      "viewedByMe": false,
      "createdTime": "2022-01-05T08:52:02.526Z",
      "modifiedTime": "2022-01-05T08:52:02.526Z",
      "modifiedByMeTime": "2022-01-05T08:52:02.526Z",
      "modifiedByMe": true,
      "owners": [
        {
          "kind": "drive#user",
          "displayName": "fastlane-android-apk@mythic-display-237310.iam.gserviceaccount.com",
          "photoLink": "https://lh3.googleusercontent.com/a/default-user=s64",
          "me": true,
          "permissionId": "06941688514420538122",
          "emailAddress": "fastlane-android-apk@mythic-display-237310.iam.gserviceaccount.com"
        }
      ],
      "lastModifyingUser": {
        "kind": "drive#user",
        "displayName": "fastlane-android-apk@mythic-display-237310.iam.gserviceaccount.com",
        "photoLink": "https://lh3.googleusercontent.com/a/default-user=s64",
        "me": true,
        "permissionId": "06941688514420538122",
        "emailAddress": "fastlane-android-apk@mythic-display-237310.iam.gserviceaccount.com"
      },
      "shared": false,
      "ownedByMe": true,
      "capabilities": {
        "canAcceptOwnership": false,
        "canAddChildren": false,
        "canAddMyDriveParent": false,
        "canChangeCopyRequiresWriterPermission": true,
        "canChangeSecurityUpdateEnabled": false,
        "canChangeViewersCanCopyContent": true,
        "canComment": true,
        "canCopy": true,
        "canDelete": true,
        "canDownload": true,
        "canEdit": true,
        "canListChildren": false,
        "canModifyContent": true,
        "canModifyLabels": false,
        "canMoveChildrenWithinDrive": false,
        "canMoveItemIntoTeamDrive": true,
        "canMoveItemOutOfDrive": true,
        "canMoveItemWithinDrive": true,
        "canReadLabels": false,
        "canReadRevisions": true,
        "canRemoveChildren": false,
        "canRemoveMyDriveParent": true,
        "canRename": true,
        "canShare": true,
        "canTrash": true,
        "canUntrash": true
      },
      "viewersCanCopyContent": true,
      "copyRequiresWriterPermission": false,
      "writersCanShare": true,
      "permissions": [
        {
          "kind": "drive#permission",
          "id": "06941688514420538122",
          "type": "user",
          "emailAddress": "fastlane-android-apk@mythic-display-237310.iam.gserviceaccount.com",
          "role": "owner",
          "displayName": "fastlane-android-apk@mythic-display-237310.iam.gserviceaccount.com",
          "photoLink": "https://lh3.googleusercontent.com/a/default-user=s64",
          "deleted": false,
          "pendingOwner": false
        }
      ],
      "permissionIds": [
        "06941688514420538122"
      ],
      "originalFilename": "ticket-279-3.0.0-1c06393d.apk",
      "fullFileExtension": "0-1c06393d.apk",
      "fileExtension": "apk",
      "md5Checksum": "28d8a727beb6ceae6a20dc0a3923545a",
      "size": "62730179",
      "quotaBytesUsed": "62730179",
      "headRevisionId": "0ByDi02V-dEkAUWJDTFg4QVVZTVdWR2dqUThOKzZONUJXRU5nPQ",
      "isAppAuthorized": true,
      "linkShareMetadata": {
        "securityUpdateEligible": false,
        "securityUpdateEnabled": true
      }
    },
    {
      "kind": "drive#file",
      "id": "1iYPsV9pFJo8wugL-FcnBRmlZqrgUAMru",
      "name": "ticket-277-3.0.0-7d4136f2.apk",
      "mimeType": "application/vnd.android.package-archive",
      "starred": false,
      "trashed": false,
      "explicitlyTrashed": false,
      "parents": [
        "0ACDi02V-dEkAUk9PVA"
      ],
      "spaces": [
        "drive"
      ],
      "version": "6",
      "webContentLink": "https://drive.google.com/uc?id=1iYPsV9pFJo8wugL-FcnBRmlZqrgUAMru&export=download",
      "webViewLink": "https://drive.google.com/file/d/1iYPsV9pFJo8wugL-FcnBRmlZqrgUAMru/view?usp=drivesdk",
      "iconLink": "https://drive-thirdparty.googleusercontent.com/16/type/application/vnd.android.package-archive",
      "hasThumbnail": false,
      "thumbnailVersion": "0",
      "viewedByMe": false,
      "createdTime": "2022-01-05T09:42:02.755Z",
      "modifiedTime": "2022-01-05T09:42:02.755Z",
      "modifiedByMeTime": "2022-01-05T09:42:02.755Z",
      "modifiedByMe": true,
      "owners": [
        {
          "kind": "drive#user",
          "displayName": "fastlane-android-apk@mythic-display-237310.iam.gserviceaccount.com",
          "photoLink": "https://lh3.googleusercontent.com/a/default-user=s64",
          "me": true,
          "permissionId": "06941688514420538122",
          "emailAddress": "fastlane-android-apk@mythic-display-237310.iam.gserviceaccount.com"
        }
      ],
      "lastModifyingUser": {
        "kind": "drive#user",
        "displayName": "fastlane-android-apk@mythic-display-237310.iam.gserviceaccount.com",
        "photoLink": "https://lh3.googleusercontent.com/a/default-user=s64",
        "me": true,
        "permissionId": "06941688514420538122",
        "emailAddress": "fastlane-android-apk@mythic-display-237310.iam.gserviceaccount.com"
      },
      "shared": false,
      "ownedByMe": true,
      "capabilities": {
        "canAcceptOwnership": false,
        "canAddChildren": false,
        "canAddMyDriveParent": false,
        "canChangeCopyRequiresWriterPermission": true,
        "canChangeSecurityUpdateEnabled": false,
        "canChangeViewersCanCopyContent": true,
        "canComment": true,
        "canCopy": true,
        "canDelete": true,
        "canDownload": true,
        "canEdit": true,
        "canListChildren": false,
        "canModifyContent": true,
        "canModifyLabels": false,
        "canMoveChildrenWithinDrive": false,
        "canMoveItemIntoTeamDrive": true,
        "canMoveItemOutOfDrive": true,
        "canMoveItemWithinDrive": true,
        "canReadLabels": false,
        "canReadRevisions": true,
        "canRemoveChildren": false,
        "canRemoveMyDriveParent": true,
        "canRename": true,
        "canShare": true,
        "canTrash": true,
        "canUntrash": true
      },
      "viewersCanCopyContent": true,
      "copyRequiresWriterPermission": false,
      "writersCanShare": true,
      "permissions": [
        {
          "kind": "drive#permission",
          "id": "06941688514420538122",
          "type": "user",
          "emailAddress": "fastlane-android-apk@mythic-display-237310.iam.gserviceaccount.com",
          "role": "owner",
          "displayName": "fastlane-android-apk@mythic-display-237310.iam.gserviceaccount.com",
          "photoLink": "https://lh3.googleusercontent.com/a/default-user=s64",
          "deleted": false,
          "pendingOwner": false
        }
      ],
      "permissionIds": [
        "06941688514420538122"
      ],
      "originalFilename": "ticket-277-3.0.0-7d4136f2.apk",
      "fullFileExtension": "0-7d4136f2.apk",
      "fileExtension": "apk",
      "md5Checksum": "bab15c1e425110329a86ef6d934641eb",
      "size": "61646025",
      "quotaBytesUsed": "61646025",
      "headRevisionId": "0ByDi02V-dEkAYjRjUExrN2JDbWRqSEdIbVBZRFJnWFhjWW5VPQ",
      "isAppAuthorized": true,
      "linkShareMetadata": {
        "securityUpdateEligible": false,
        "securityUpdateEnabled": true
      }
    },
    {
      "kind": "drive#file",
      "id": "1lgj88X67IEJ8OuV7US4fhbrn3hxMiE60",
      "name": "ticket-279-3.0.0-198ece53.apk",
      "mimeType": "application/vnd.android.package-archive",
      "starred": false,
      "trashed": false,
      "explicitlyTrashed": false,
      "parents": [
        "0ACDi02V-dEkAUk9PVA"
      ],
      "spaces": [
        "drive"
      ],
      "version": "5",
      "webContentLink": "https://drive.google.com/uc?id=1lgj88X67IEJ8OuV7US4fhbrn3hxMiE60&export=download",
      "webViewLink": "https://drive.google.com/file/d/1lgj88X67IEJ8OuV7US4fhbrn3hxMiE60/view?usp=drivesdk",
      "iconLink": "https://drive-thirdparty.googleusercontent.com/16/type/application/vnd.android.package-archive",
      "hasThumbnail": false,
      "thumbnailVersion": "0",
      "viewedByMe": false,
      "createdTime": "2022-01-05T10:29:03.369Z",
      "modifiedTime": "2022-01-05T10:29:03.369Z",
      "modifiedByMeTime": "2022-01-05T10:29:03.369Z",
      "modifiedByMe": true,
      "owners": [
        {
          "kind": "drive#user",
          "displayName": "fastlane-android-apk@mythic-display-237310.iam.gserviceaccount.com",
          "photoLink": "https://lh3.googleusercontent.com/a/default-user=s64",
          "me": true,
          "permissionId": "06941688514420538122",
          "emailAddress": "fastlane-android-apk@mythic-display-237310.iam.gserviceaccount.com"
        }
      ],
      "lastModifyingUser": {
        "kind": "drive#user",
        "displayName": "fastlane-android-apk@mythic-display-237310.iam.gserviceaccount.com",
        "photoLink": "https://lh3.googleusercontent.com/a/default-user=s64",
        "me": true,
        "permissionId": "06941688514420538122",
        "emailAddress": "fastlane-android-apk@mythic-display-237310.iam.gserviceaccount.com"
      },
      "shared": false,
      "ownedByMe": true,
      "capabilities": {
        "canAcceptOwnership": false,
        "canAddChildren": false,
        "canAddMyDriveParent": false,
        "canChangeCopyRequiresWriterPermission": true,
        "canChangeSecurityUpdateEnabled": false,
        "canChangeViewersCanCopyContent": true,
        "canComment": true,
        "canCopy": true,
        "canDelete": true,
        "canDownload": true,
        "canEdit": true,
        "canListChildren": false,
        "canModifyContent": true,
        "canModifyLabels": false,
        "canMoveChildrenWithinDrive": false,
        "canMoveItemIntoTeamDrive": true,
        "canMoveItemOutOfDrive": true,
        "canMoveItemWithinDrive": true,
        "canReadLabels": false,
        "canReadRevisions": true,
        "canRemoveChildren": false,
        "canRemoveMyDriveParent": true,
        "canRename": true,
        "canShare": true,
        "canTrash": true,
        "canUntrash": true
      },
      "viewersCanCopyContent": true,
      "copyRequiresWriterPermission": false,
      "writersCanShare": true,
      "permissions": [
        {
          "kind": "drive#permission",
          "id": "06941688514420538122",
          "type": "user",
          "emailAddress": "fastlane-android-apk@mythic-display-237310.iam.gserviceaccount.com",
          "role": "owner",
          "displayName": "fastlane-android-apk@mythic-display-237310.iam.gserviceaccount.com",
          "photoLink": "https://lh3.googleusercontent.com/a/default-user=s64",
          "deleted": false,
          "pendingOwner": false
        }
      ],
      "permissionIds": [
        "06941688514420538122"
      ],
      "originalFilename": "ticket-279-3.0.0-198ece53.apk",
      "fullFileExtension": "0-198ece53.apk",
      "fileExtension": "apk",
      "md5Checksum": "1740cd30eca1a82f595719e8ca349a4e",
      "size": "62731340",
      "quotaBytesUsed": "62731340",
      "headRevisionId": "0ByDi02V-dEkAd3U4c0xzbmgxcFRmZjBVTzNQWjVsWTNPc2dFPQ",
      "isAppAuthorized": true,
      "linkShareMetadata": {
        "securityUpdateEligible": false,
        "securityUpdateEnabled": true
      }
    },
    {
      "kind": "drive#file",
      "id": "1dwx4yBtSqM91PLcY2iohSymW1OVJxCdm",
      "name": "ticket-117-3.0.0-b80e3309.apk",
      "mimeType": "application/vnd.android.package-archive",
      "starred": false,
      "trashed": false,
      "explicitlyTrashed": false,
      "parents": [
        "0ACDi02V-dEkAUk9PVA"
      ],
      "spaces": [
        "drive"
      ],
      "version": "6",
      "webContentLink": "https://drive.google.com/uc?id=1dwx4yBtSqM91PLcY2iohSymW1OVJxCdm&export=download",
      "webViewLink": "https://drive.google.com/file/d/1dwx4yBtSqM91PLcY2iohSymW1OVJxCdm/view?usp=drivesdk",
      "iconLink": "https://drive-thirdparty.googleusercontent.com/16/type/application/vnd.android.package-archive",
      "hasThumbnail": false,
      "thumbnailVersion": "0",
      "viewedByMe": false,
      "createdTime": "2022-01-06T03:14:40.098Z",
      "modifiedTime": "2022-01-06T03:14:40.098Z",
      "modifiedByMeTime": "2022-01-06T03:14:40.098Z",
      "modifiedByMe": true,
      "owners": [
        {
          "kind": "drive#user",
          "displayName": "fastlane-android-apk@mythic-display-237310.iam.gserviceaccount.com",
          "photoLink": "https://lh3.googleusercontent.com/a/default-user=s64",
          "me": true,
          "permissionId": "06941688514420538122",
          "emailAddress": "fastlane-android-apk@mythic-display-237310.iam.gserviceaccount.com"
        }
      ],
      "lastModifyingUser": {
        "kind": "drive#user",
        "displayName": "fastlane-android-apk@mythic-display-237310.iam.gserviceaccount.com",
        "photoLink": "https://lh3.googleusercontent.com/a/default-user=s64",
        "me": true,
        "permissionId": "06941688514420538122",
        "emailAddress": "fastlane-android-apk@mythic-display-237310.iam.gserviceaccount.com"
      },
      "shared": false,
      "ownedByMe": true,
      "capabilities": {
        "canAcceptOwnership": false,
        "canAddChildren": false,
        "canAddMyDriveParent": false,
        "canChangeCopyRequiresWriterPermission": true,
        "canChangeSecurityUpdateEnabled": false,
        "canChangeViewersCanCopyContent": true,
        "canComment": true,
        "canCopy": true,
        "canDelete": true,
        "canDownload": true,
        "canEdit": true,
        "canListChildren": false,
        "canModifyContent": true,
        "canModifyLabels": false,
        "canMoveChildrenWithinDrive": false,
        "canMoveItemIntoTeamDrive": true,
        "canMoveItemOutOfDrive": true,
        "canMoveItemWithinDrive": true,
        "canReadLabels": false,
        "canReadRevisions": true,
        "canRemoveChildren": false,
        "canRemoveMyDriveParent": true,
        "canRename": true,
        "canShare": true,
        "canTrash": true,
        "canUntrash": true
      },
      "viewersCanCopyContent": true,
      "copyRequiresWriterPermission": false,
      "writersCanShare": true,
      "permissions": [
        {
          "kind": "drive#permission",
          "id": "06941688514420538122",
          "type": "user",
          "emailAddress": "fastlane-android-apk@mythic-display-237310.iam.gserviceaccount.com",
          "role": "owner",
          "displayName": "fastlane-android-apk@mythic-display-237310.iam.gserviceaccount.com",
          "photoLink": "https://lh3.googleusercontent.com/a/default-user=s64",
          "deleted": false,
          "pendingOwner": false
        }
      ],
      "permissionIds": [
        "06941688514420538122"
      ],
      "originalFilename": "ticket-117-3.0.0-b80e3309.apk",
      "fullFileExtension": "0-b80e3309.apk",
      "fileExtension": "apk",
      "md5Checksum": "006b1a797cfb521659da0abc41aeed3a",
      "size": "61646254",
      "quotaBytesUsed": "61646254",
      "headRevisionId": "0ByDi02V-dEkANjdxMFJqNlNnVGlhR2g3UzEzam9ISkxvWEdjPQ",
      "isAppAuthorized": true,
      "linkShareMetadata": {
        "securityUpdateEligible": false,
        "securityUpdateEnabled": true
      }
    },
    {
      "kind": "drive#file",
      "id": "1dC9xme5oTYN5RR56GMFoGAzvAD8OnpSX",
      "name": "ticket-116-3.0.0-2190279e.apk",
      "mimeType": "application/vnd.android.package-archive",
      "starred": false,
      "trashed": false,
      "explicitlyTrashed": false,
      "parents": [
        "0ACDi02V-dEkAUk9PVA"
      ],
      "spaces": [
        "drive"
      ],
      "version": "9",
      "webContentLink": "https://drive.google.com/uc?id=1dC9xme5oTYN5RR56GMFoGAzvAD8OnpSX&export=download",
      "webViewLink": "https://drive.google.com/file/d/1dC9xme5oTYN5RR56GMFoGAzvAD8OnpSX/view?usp=drivesdk",
      "iconLink": "https://drive-thirdparty.googleusercontent.com/16/type/application/vnd.android.package-archive",
      "hasThumbnail": false,
      "thumbnailVersion": "0",
      "viewedByMe": false,
      "createdTime": "2022-01-06T04:10:19.968Z",
      "modifiedTime": "2022-01-06T04:10:19.968Z",
      "modifiedByMeTime": "2022-01-06T04:10:19.968Z",
      "modifiedByMe": true,
      "owners": [
        {
          "kind": "drive#user",
          "displayName": "fastlane-android-apk@mythic-display-237310.iam.gserviceaccount.com",
          "photoLink": "https://lh3.googleusercontent.com/a/default-user=s64",
          "me": true,
          "permissionId": "06941688514420538122",
          "emailAddress": "fastlane-android-apk@mythic-display-237310.iam.gserviceaccount.com"
        }
      ],
      "lastModifyingUser": {
        "kind": "drive#user",
        "displayName": "fastlane-android-apk@mythic-display-237310.iam.gserviceaccount.com",
        "photoLink": "https://lh3.googleusercontent.com/a/default-user=s64",
        "me": true,
        "permissionId": "06941688514420538122",
        "emailAddress": "fastlane-android-apk@mythic-display-237310.iam.gserviceaccount.com"
      },
      "shared": false,
      "ownedByMe": true,
      "capabilities": {
        "canAcceptOwnership": false,
        "canAddChildren": false,
        "canAddMyDriveParent": false,
        "canChangeCopyRequiresWriterPermission": true,
        "canChangeSecurityUpdateEnabled": false,
        "canChangeViewersCanCopyContent": true,
        "canComment": true,
        "canCopy": true,
        "canDelete": true,
        "canDownload": true,
        "canEdit": true,
        "canListChildren": false,
        "canModifyContent": true,
        "canModifyLabels": false,
        "canMoveChildrenWithinDrive": false,
        "canMoveItemIntoTeamDrive": true,
        "canMoveItemOutOfDrive": true,
        "canMoveItemWithinDrive": true,
        "canReadLabels": false,
        "canReadRevisions": true,
        "canRemoveChildren": false,
        "canRemoveMyDriveParent": true,
        "canRename": true,
        "canShare": true,
        "canTrash": true,
        "canUntrash": true
      },
      "viewersCanCopyContent": true,
      "copyRequiresWriterPermission": false,
      "writersCanShare": true,
      "permissions": [
        {
          "kind": "drive#permission",
          "id": "06941688514420538122",
          "type": "user",
          "emailAddress": "fastlane-android-apk@mythic-display-237310.iam.gserviceaccount.com",
          "role": "owner",
          "displayName": "fastlane-android-apk@mythic-display-237310.iam.gserviceaccount.com",
          "photoLink": "https://lh3.googleusercontent.com/a/default-user=s64",
          "deleted": false,
          "pendingOwner": false
        }
      ],
      "permissionIds": [
        "06941688514420538122"
      ],
      "originalFilename": "ticket-116-3.0.0-2190279e.apk",
      "fullFileExtension": "0-2190279e.apk",
      "fileExtension": "apk",
      "md5Checksum": "759bbd6d76ef9469f06188b1afb3f71b",
      "size": "61645786",
      "quotaBytesUsed": "61645786",
      "headRevisionId": "0ByDi02V-dEkANVZEL2FmZDN1MXo3bVk4SzFnT2xjYVp0Qm1FPQ",
      "isAppAuthorized": true,
      "linkShareMetadata": {
        "securityUpdateEligible": false,
        "securityUpdateEnabled": true
      }
    },
    {
      "kind": "drive#file",
      "id": "15BS8Vf31YBM9N_gCLif0O03YBDOkIo-4",
      "name": "ticket-266-3.0.0-91b17747.apk",
      "mimeType": "application/vnd.android.package-archive",
      "starred": false,
      "trashed": false,
      "explicitlyTrashed": false,
      "parents": [
        "0ACDi02V-dEkAUk9PVA"
      ],
      "spaces": [
        "drive"
      ],
      "version": "6",
      "webContentLink": "https://drive.google.com/uc?id=15BS8Vf31YBM9N_gCLif0O03YBDOkIo-4&export=download",
      "webViewLink": "https://drive.google.com/file/d/15BS8Vf31YBM9N_gCLif0O03YBDOkIo-4/view?usp=drivesdk",
      "iconLink": "https://drive-thirdparty.googleusercontent.com/16/type/application/vnd.android.package-archive",
      "hasThumbnail": false,
      "thumbnailVersion": "0",
      "viewedByMe": false,
      "createdTime": "2022-01-06T04:57:15.546Z",
      "modifiedTime": "2022-01-06T04:57:15.546Z",
      "modifiedByMeTime": "2022-01-06T04:57:15.546Z",
      "modifiedByMe": true,
      "owners": [
        {
          "kind": "drive#user",
          "displayName": "fastlane-android-apk@mythic-display-237310.iam.gserviceaccount.com",
          "photoLink": "https://lh3.googleusercontent.com/a/default-user=s64",
          "me": true,
          "permissionId": "06941688514420538122",
          "emailAddress": "fastlane-android-apk@mythic-display-237310.iam.gserviceaccount.com"
        }
      ],
      "lastModifyingUser": {
        "kind": "drive#user",
        "displayName": "fastlane-android-apk@mythic-display-237310.iam.gserviceaccount.com",
        "photoLink": "https://lh3.googleusercontent.com/a/default-user=s64",
        "me": true,
        "permissionId": "06941688514420538122",
        "emailAddress": "fastlane-android-apk@mythic-display-237310.iam.gserviceaccount.com"
      },
      "shared": false,
      "ownedByMe": true,
      "capabilities": {
        "canAcceptOwnership": false,
        "canAddChildren": false,
        "canAddMyDriveParent": false,
        "canChangeCopyRequiresWriterPermission": true,
        "canChangeSecurityUpdateEnabled": false,
        "canChangeViewersCanCopyContent": true,
        "canComment": true,
        "canCopy": true,
        "canDelete": true,
        "canDownload": true,
        "canEdit": true,
        "canListChildren": false,
        "canModifyContent": true,
        "canModifyLabels": false,
        "canMoveChildrenWithinDrive": false,
        "canMoveItemIntoTeamDrive": true,
        "canMoveItemOutOfDrive": true,
        "canMoveItemWithinDrive": true,
        "canReadLabels": false,
        "canReadRevisions": true,
        "canRemoveChildren": false,
        "canRemoveMyDriveParent": true,
        "canRename": true,
        "canShare": true,
        "canTrash": true,
        "canUntrash": true
      },
      "viewersCanCopyContent": true,
      "copyRequiresWriterPermission": false,
      "writersCanShare": true,
      "permissions": [
        {
          "kind": "drive#permission",
          "id": "06941688514420538122",
          "type": "user",
          "emailAddress": "fastlane-android-apk@mythic-display-237310.iam.gserviceaccount.com",
          "role": "owner",
          "displayName": "fastlane-android-apk@mythic-display-237310.iam.gserviceaccount.com",
          "photoLink": "https://lh3.googleusercontent.com/a/default-user=s64",
          "deleted": false,
          "pendingOwner": false
        }
      ],
      "permissionIds": [
        "06941688514420538122"
      ],
      "originalFilename": "ticket-266-3.0.0-91b17747.apk",
      "fullFileExtension": "0-91b17747.apk",
      "fileExtension": "apk",
      "md5Checksum": "94c2aa013a785c81c4c171064ca7163d",
      "size": "61646218",
      "quotaBytesUsed": "61646218",
      "headRevisionId": "0ByDi02V-dEkANldkUDE1NE9HZzlRRFRYNFkvQnE0c21FcmlRPQ",
      "isAppAuthorized": true,
      "linkShareMetadata": {
        "securityUpdateEligible": false,
        "securityUpdateEnabled": true
      }
    },
    {
      "kind": "drive#file",
      "id": "1BllHaT26nA8sdHjfpYsyvKGngkj3txDK",
      "name": "ticket-153-3.0.0-7c2f7134.apk",
      "mimeType": "application/vnd.android.package-archive",
      "starred": false,
      "trashed": false,
      "explicitlyTrashed": false,
      "parents": [
        "0ACDi02V-dEkAUk9PVA"
      ],
      "spaces": [
        "drive"
      ],
      "version": "6",
      "webContentLink": "https://drive.google.com/uc?id=1BllHaT26nA8sdHjfpYsyvKGngkj3txDK&export=download",
      "webViewLink": "https://drive.google.com/file/d/1BllHaT26nA8sdHjfpYsyvKGngkj3txDK/view?usp=drivesdk",
      "iconLink": "https://drive-thirdparty.googleusercontent.com/16/type/application/vnd.android.package-archive",
      "hasThumbnail": false,
      "thumbnailVersion": "0",
      "viewedByMe": false,
      "createdTime": "2022-01-07T09:30:24.824Z",
      "modifiedTime": "2022-01-07T09:30:24.824Z",
      "modifiedByMeTime": "2022-01-07T09:30:24.824Z",
      "modifiedByMe": true,
      "owners": [
        {
          "kind": "drive#user",
          "displayName": "fastlane-android-apk@mythic-display-237310.iam.gserviceaccount.com",
          "photoLink": "https://lh3.googleusercontent.com/a/default-user=s64",
          "me": true,
          "permissionId": "06941688514420538122",
          "emailAddress": "fastlane-android-apk@mythic-display-237310.iam.gserviceaccount.com"
        }
      ],
      "lastModifyingUser": {
        "kind": "drive#user",
        "displayName": "fastlane-android-apk@mythic-display-237310.iam.gserviceaccount.com",
        "photoLink": "https://lh3.googleusercontent.com/a/default-user=s64",
        "me": true,
        "permissionId": "06941688514420538122",
        "emailAddress": "fastlane-android-apk@mythic-display-237310.iam.gserviceaccount.com"
      },
      "shared": false,
      "ownedByMe": true,
      "capabilities": {
        "canAcceptOwnership": false,
        "canAddChildren": false,
        "canAddMyDriveParent": false,
        "canChangeCopyRequiresWriterPermission": true,
        "canChangeSecurityUpdateEnabled": false,
        "canChangeViewersCanCopyContent": true,
        "canComment": true,
        "canCopy": true,
        "canDelete": true,
        "canDownload": true,
        "canEdit": true,
        "canListChildren": false,
        "canModifyContent": true,
        "canModifyLabels": false,
        "canMoveChildrenWithinDrive": false,
        "canMoveItemIntoTeamDrive": true,
        "canMoveItemOutOfDrive": true,
        "canMoveItemWithinDrive": true,
        "canReadLabels": false,
        "canReadRevisions": true,
        "canRemoveChildren": false,
        "canRemoveMyDriveParent": true,
        "canRename": true,
        "canShare": true,
        "canTrash": true,
        "canUntrash": true
      },
      "viewersCanCopyContent": true,
      "copyRequiresWriterPermission": false,
      "writersCanShare": true,
      "permissions": [
        {
          "kind": "drive#permission",
          "id": "06941688514420538122",
          "type": "user",
          "emailAddress": "fastlane-android-apk@mythic-display-237310.iam.gserviceaccount.com",
          "role": "owner",
          "displayName": "fastlane-android-apk@mythic-display-237310.iam.gserviceaccount.com",
          "photoLink": "https://lh3.googleusercontent.com/a/default-user=s64",
          "deleted": false,
          "pendingOwner": false
        }
      ],
      "permissionIds": [
        "06941688514420538122"
      ],
      "originalFilename": "ticket-153-3.0.0-7c2f7134.apk",
      "fullFileExtension": "0-7c2f7134.apk",
      "fileExtension": "apk",
      "md5Checksum": "28e39806d908c0ea35545d4cd6b28924",
      "size": "62732792",
      "quotaBytesUsed": "62732792",
      "headRevisionId": "0ByDi02V-dEkAZ20waGlZR051M1JTV2JwcnhtTFZxc2pIT1M0PQ",
      "isAppAuthorized": true,
      "linkShareMetadata": {
        "securityUpdateEligible": false,
        "securityUpdateEnabled": true
      }
    },
    {
      "kind": "drive#file",
      "id": "10bAJkuHods-87Lt8358l0bXmYM6deDd1",
      "name": "ticket-153-3.0.0-8755270a.apk",
      "mimeType": "application/vnd.android.package-archive",
      "starred": false,
      "trashed": false,
      "explicitlyTrashed": false,
      "parents": [
        "0ACDi02V-dEkAUk9PVA"
      ],
      "spaces": [
        "drive"
      ],
      "version": "6",
      "webContentLink": "https://drive.google.com/uc?id=10bAJkuHods-87Lt8358l0bXmYM6deDd1&export=download",
      "webViewLink": "https://drive.google.com/file/d/10bAJkuHods-87Lt8358l0bXmYM6deDd1/view?usp=drivesdk",
      "iconLink": "https://drive-thirdparty.googleusercontent.com/16/type/application/vnd.android.package-archive",
      "hasThumbnail": false,
      "thumbnailVersion": "0",
      "viewedByMe": false,
      "createdTime": "2022-01-10T07:18:23.696Z",
      "modifiedTime": "2022-01-10T07:18:23.696Z",
      "modifiedByMeTime": "2022-01-10T07:18:23.696Z",
      "modifiedByMe": true,
      "owners": [
        {
          "kind": "drive#user",
          "displayName": "fastlane-android-apk@mythic-display-237310.iam.gserviceaccount.com",
          "photoLink": "https://lh3.googleusercontent.com/a/default-user=s64",
          "me": true,
          "permissionId": "06941688514420538122",
          "emailAddress": "fastlane-android-apk@mythic-display-237310.iam.gserviceaccount.com"
        }
      ],
      "lastModifyingUser": {
        "kind": "drive#user",
        "displayName": "fastlane-android-apk@mythic-display-237310.iam.gserviceaccount.com",
        "photoLink": "https://lh3.googleusercontent.com/a/default-user=s64",
        "me": true,
        "permissionId": "06941688514420538122",
        "emailAddress": "fastlane-android-apk@mythic-display-237310.iam.gserviceaccount.com"
      },
      "shared": false,
      "ownedByMe": true,
      "capabilities": {
        "canAcceptOwnership": false,
        "canAddChildren": false,
        "canAddMyDriveParent": false,
        "canChangeCopyRequiresWriterPermission": true,
        "canChangeSecurityUpdateEnabled": false,
        "canChangeViewersCanCopyContent": true,
        "canComment": true,
        "canCopy": true,
        "canDelete": true,
        "canDownload": true,
        "canEdit": true,
        "canListChildren": false,
        "canModifyContent": true,
        "canModifyLabels": false,
        "canMoveChildrenWithinDrive": false,
        "canMoveItemIntoTeamDrive": true,
        "canMoveItemOutOfDrive": true,
        "canMoveItemWithinDrive": true,
        "canReadLabels": false,
        "canReadRevisions": true,
        "canRemoveChildren": false,
        "canRemoveMyDriveParent": true,
        "canRename": true,
        "canShare": true,
        "canTrash": true,
        "canUntrash": true
      },
      "viewersCanCopyContent": true,
      "copyRequiresWriterPermission": false,
      "writersCanShare": true,
      "permissions": [
        {
          "kind": "drive#permission",
          "id": "06941688514420538122",
          "type": "user",
          "emailAddress": "fastlane-android-apk@mythic-display-237310.iam.gserviceaccount.com",
          "role": "owner",
          "displayName": "fastlane-android-apk@mythic-display-237310.iam.gserviceaccount.com",
          "photoLink": "https://lh3.googleusercontent.com/a/default-user=s64",
          "deleted": false,
          "pendingOwner": false
        }
      ],
      "permissionIds": [
        "06941688514420538122"
      ],
      "originalFilename": "ticket-153-3.0.0-8755270a.apk",
      "fullFileExtension": "0-8755270a.apk",
      "fileExtension": "apk",
      "md5Checksum": "54eb4514ae3fcdfcfa0c1ea6ce52dc65",
      "size": "62733909",
      "quotaBytesUsed": "62733909",
      "headRevisionId": "0ByDi02V-dEkAbC9Mcm5XT2RjU2JwMWdBSTBoQ0J4bnV5Rzk4PQ",
      "isAppAuthorized": true,
      "linkShareMetadata": {
        "securityUpdateEligible": false,
        "securityUpdateEnabled": true
      }
    },
    {
      "kind": "drive#file",
      "id": "1bsZZmRqxv5KJLyjm_09tCAET6nZaYHb6",
      "name": "ticket-277-3.0.0-83df88e7.apk",
      "mimeType": "application/vnd.android.package-archive",
      "starred": false,
      "trashed": false,
      "explicitlyTrashed": false,
      "parents": [
        "0ACDi02V-dEkAUk9PVA"
      ],
      "spaces": [
        "drive"
      ],
      "version": "5",
      "webContentLink": "https://drive.google.com/uc?id=1bsZZmRqxv5KJLyjm_09tCAET6nZaYHb6&export=download",
      "webViewLink": "https://drive.google.com/file/d/1bsZZmRqxv5KJLyjm_09tCAET6nZaYHb6/view?usp=drivesdk",
      "iconLink": "https://drive-thirdparty.googleusercontent.com/16/type/application/vnd.android.package-archive",
      "hasThumbnail": false,
      "thumbnailVersion": "0",
      "viewedByMe": false,
      "createdTime": "2022-01-10T09:28:43.925Z",
      "modifiedTime": "2022-01-10T09:28:43.925Z",
      "modifiedByMeTime": "2022-01-10T09:28:43.925Z",
      "modifiedByMe": true,
      "owners": [
        {
          "kind": "drive#user",
          "displayName": "fastlane-android-apk@mythic-display-237310.iam.gserviceaccount.com",
          "photoLink": "https://lh3.googleusercontent.com/a/default-user=s64",
          "me": true,
          "permissionId": "06941688514420538122",
          "emailAddress": "fastlane-android-apk@mythic-display-237310.iam.gserviceaccount.com"
        }
      ],
      "lastModifyingUser": {
        "kind": "drive#user",
        "displayName": "fastlane-android-apk@mythic-display-237310.iam.gserviceaccount.com",
        "photoLink": "https://lh3.googleusercontent.com/a/default-user=s64",
        "me": true,
        "permissionId": "06941688514420538122",
        "emailAddress": "fastlane-android-apk@mythic-display-237310.iam.gserviceaccount.com"
      },
      "shared": false,
      "ownedByMe": true,
      "capabilities": {
        "canAcceptOwnership": false,
        "canAddChildren": false,
        "canAddMyDriveParent": false,
        "canChangeCopyRequiresWriterPermission": true,
        "canChangeSecurityUpdateEnabled": false,
        "canChangeViewersCanCopyContent": true,
        "canComment": true,
        "canCopy": true,
        "canDelete": true,
        "canDownload": true,
        "canEdit": true,
        "canListChildren": false,
        "canModifyContent": true,
        "canModifyLabels": false,
        "canMoveChildrenWithinDrive": false,
        "canMoveItemIntoTeamDrive": true,
        "canMoveItemOutOfDrive": true,
        "canMoveItemWithinDrive": true,
        "canReadLabels": false,
        "canReadRevisions": true,
        "canRemoveChildren": false,
        "canRemoveMyDriveParent": true,
        "canRename": true,
        "canShare": true,
        "canTrash": true,
        "canUntrash": true
      },
      "viewersCanCopyContent": true,
      "copyRequiresWriterPermission": false,
      "writersCanShare": true,
      "permissions": [
        {
          "kind": "drive#permission",
          "id": "06941688514420538122",
          "type": "user",
          "emailAddress": "fastlane-android-apk@mythic-display-237310.iam.gserviceaccount.com",
          "role": "owner",
          "displayName": "fastlane-android-apk@mythic-display-237310.iam.gserviceaccount.com",
          "photoLink": "https://lh3.googleusercontent.com/a/default-user=s64",
          "deleted": false,
          "pendingOwner": false
        }
      ],
      "permissionIds": [
        "06941688514420538122"
      ],
      "originalFilename": "ticket-277-3.0.0-83df88e7.apk",
      "fullFileExtension": "0-83df88e7.apk",
      "fileExtension": "apk",
      "md5Checksum": "4fe5eaf08a29e800387efaa60e93d765",
      "size": "61646062",
      "quotaBytesUsed": "61646062",
      "headRevisionId": "0ByDi02V-dEkAdkt1VlhWMFVGR3ZZR0RKdXpGTU1kL05zZ1dRPQ",
      "isAppAuthorized": true,
      "linkShareMetadata": {
        "securityUpdateEligible": false,
        "securityUpdateEnabled": true
      }
    },
    {
      "kind": "drive#file",
      "id": "1CIj_s8hSKcRJF9EoIhh1Cl7Eh6ch74Dk",
      "name": "ticket-274-3.0.0-ba299e1f.apk",
      "mimeType": "application/vnd.android.package-archive",
      "starred": false,
      "trashed": false,
      "explicitlyTrashed": false,
      "parents": [
        "0ACDi02V-dEkAUk9PVA"
      ],
      "spaces": [
        "drive"
      ],
      "version": "6",
      "webContentLink": "https://drive.google.com/uc?id=1CIj_s8hSKcRJF9EoIhh1Cl7Eh6ch74Dk&export=download",
      "webViewLink": "https://drive.google.com/file/d/1CIj_s8hSKcRJF9EoIhh1Cl7Eh6ch74Dk/view?usp=drivesdk",
      "iconLink": "https://drive-thirdparty.googleusercontent.com/16/type/application/vnd.android.package-archive",
      "hasThumbnail": false,
      "thumbnailVersion": "0",
      "viewedByMe": false,
      "createdTime": "2022-01-10T11:31:47.234Z",
      "modifiedTime": "2022-01-10T11:31:47.234Z",
      "modifiedByMeTime": "2022-01-10T11:31:47.234Z",
      "modifiedByMe": true,
      "owners": [
        {
          "kind": "drive#user",
          "displayName": "fastlane-android-apk@mythic-display-237310.iam.gserviceaccount.com",
          "photoLink": "https://lh3.googleusercontent.com/a/default-user=s64",
          "me": true,
          "permissionId": "06941688514420538122",
          "emailAddress": "fastlane-android-apk@mythic-display-237310.iam.gserviceaccount.com"
        }
      ],
      "lastModifyingUser": {
        "kind": "drive#user",
        "displayName": "fastlane-android-apk@mythic-display-237310.iam.gserviceaccount.com",
        "photoLink": "https://lh3.googleusercontent.com/a/default-user=s64",
        "me": true,
        "permissionId": "06941688514420538122",
        "emailAddress": "fastlane-android-apk@mythic-display-237310.iam.gserviceaccount.com"
      },
      "shared": false,
      "ownedByMe": true,
      "capabilities": {
        "canAcceptOwnership": false,
        "canAddChildren": false,
        "canAddMyDriveParent": false,
        "canChangeCopyRequiresWriterPermission": true,
        "canChangeSecurityUpdateEnabled": false,
        "canChangeViewersCanCopyContent": true,
        "canComment": true,
        "canCopy": true,
        "canDelete": true,
        "canDownload": true,
        "canEdit": true,
        "canListChildren": false,
        "canModifyContent": true,
        "canModifyLabels": false,
        "canMoveChildrenWithinDrive": false,
        "canMoveItemIntoTeamDrive": true,
        "canMoveItemOutOfDrive": true,
        "canMoveItemWithinDrive": true,
        "canReadLabels": false,
        "canReadRevisions": true,
        "canRemoveChildren": false,
        "canRemoveMyDriveParent": true,
        "canRename": true,
        "canShare": true,
        "canTrash": true,
        "canUntrash": true
      },
      "viewersCanCopyContent": true,
      "copyRequiresWriterPermission": false,
      "writersCanShare": true,
      "permissions": [
        {
          "kind": "drive#permission",
          "id": "06941688514420538122",
          "type": "user",
          "emailAddress": "fastlane-android-apk@mythic-display-237310.iam.gserviceaccount.com",
          "role": "owner",
          "displayName": "fastlane-android-apk@mythic-display-237310.iam.gserviceaccount.com",
          "photoLink": "https://lh3.googleusercontent.com/a/default-user=s64",
          "deleted": false,
          "pendingOwner": false
        }
      ],
      "permissionIds": [
        "06941688514420538122"
      ],
      "originalFilename": "ticket-274-3.0.0-ba299e1f.apk",
      "fullFileExtension": "0-ba299e1f.apk",
      "fileExtension": "apk",
      "md5Checksum": "e05f6be854953b1dc006397a0befc868",
      "size": "62733083",
      "quotaBytesUsed": "62733083",
      "headRevisionId": "0ByDi02V-dEkAc0MyUXlWdlRSV3ZxL0l1blVFeFhLOW5nQ2lvPQ",
      "isAppAuthorized": true,
      "linkShareMetadata": {
        "securityUpdateEligible": false,
        "securityUpdateEnabled": true
      }
    },
    {
      "kind": "drive#file",
      "id": "1-qd-Yf3nF80ZYv840VSQU_mvU7flcjLz",
      "name": "ticket-264-3.0.0-b167ae97.apk",
      "mimeType": "application/vnd.android.package-archive",
      "starred": false,
      "trashed": false,
      "explicitlyTrashed": false,
      "parents": [
        "0ACDi02V-dEkAUk9PVA"
      ],
      "spaces": [
        "drive"
      ],
      "version": "9",
      "webContentLink": "https://drive.google.com/uc?id=1-qd-Yf3nF80ZYv840VSQU_mvU7flcjLz&export=download",
      "webViewLink": "https://drive.google.com/file/d/1-qd-Yf3nF80ZYv840VSQU_mvU7flcjLz/view?usp=drivesdk",
      "iconLink": "https://drive-thirdparty.googleusercontent.com/16/type/application/vnd.android.package-archive",
      "hasThumbnail": false,
      "thumbnailVersion": "0",
      "viewedByMe": false,
      "createdTime": "2022-01-10T13:59:21.899Z",
      "modifiedTime": "2022-01-10T14:06:14.314Z",
      "modifiedByMeTime": "2022-01-10T13:59:21.899Z",
      "modifiedByMe": true,
      "owners": [
        {
          "kind": "drive#user",
          "displayName": "fastlane-android-apk@mythic-display-237310.iam.gserviceaccount.com",
          "photoLink": "https://lh3.googleusercontent.com/a/default-user=s64",
          "me": true,
          "permissionId": "06941688514420538122",
          "emailAddress": "fastlane-android-apk@mythic-display-237310.iam.gserviceaccount.com"
        }
      ],
      "lastModifyingUser": {
        "kind": "drive#user",
        "displayName": "Nhat Ngo",
        "photoLink": "https://lh3.googleusercontent.com/a-/AFdZucobST3i2auQP4RS4gZ9E3GhAjkZ2mdJM70QwlEMCA=s64",
        "me": false,
        "permissionId": "15778327651547753375",
        "emailAddress": "nhat.ngo@antbuddy.com"
      },
      "shared": true,
      "ownedByMe": true,
      "capabilities": {
        "canAcceptOwnership": false,
        "canAddChildren": false,
        "canAddMyDriveParent": false,
        "canChangeCopyRequiresWriterPermission": true,
        "canChangeSecurityUpdateEnabled": false,
        "canChangeViewersCanCopyContent": true,
        "canComment": true,
        "canCopy": true,
        "canDelete": true,
        "canDownload": true,
        "canEdit": true,
        "canListChildren": false,
        "canModifyContent": true,
        "canModifyLabels": false,
        "canMoveChildrenWithinDrive": false,
        "canMoveItemIntoTeamDrive": true,
        "canMoveItemOutOfDrive": true,
        "canMoveItemWithinDrive": true,
        "canReadLabels": false,
        "canReadRevisions": true,
        "canRemoveChildren": false,
        "canRemoveMyDriveParent": true,
        "canRename": true,
        "canShare": true,
        "canTrash": true,
        "canUntrash": true
      },
      "viewersCanCopyContent": true,
      "copyRequiresWriterPermission": false,
      "writersCanShare": true,
      "permissions": [
        {
          "kind": "drive#permission",
          "id": "00193511213409955756",
          "type": "user",
          "emailAddress": "vunhat2009@gmail.com",
          "role": "writer",
          "displayName": "Vũ Nhật Ngô",
          "photoLink": "https://lh3.googleusercontent.com/a-/AFdZuco9-Eoa2MC8PQrwYcEzalGVGP4WBms3t4_8R9yCl1Q=s64",
          "deleted": false,
          "pendingOwner": false
        },
        {
          "kind": "drive#permission",
          "id": "06941688514420538122",
          "type": "user",
          "emailAddress": "fastlane-android-apk@mythic-display-237310.iam.gserviceaccount.com",
          "role": "owner",
          "displayName": "fastlane-android-apk@mythic-display-237310.iam.gserviceaccount.com",
          "photoLink": "https://lh3.googleusercontent.com/a/default-user=s64",
          "deleted": false,
          "pendingOwner": false
        }
      ],
      "permissionIds": [
        "00193511213409955756",
        "06941688514420538122"
      ],
      "originalFilename": "ticket-264-3.0.0-b167ae97.apk",
      "fullFileExtension": "0-b167ae97.apk",
      "fileExtension": "apk",
      "md5Checksum": "f0b7faebaa9edc7b059f1ac19d9f2ded",
      "size": "62732753",
      "quotaBytesUsed": "62732753",
      "headRevisionId": "0ByDi02V-dEkAdDZJa0lBQ3ZPRm5kNG1OMGpUVFNyajFrNTlRPQ",
      "isAppAuthorized": true,
      "linkShareMetadata": {
        "securityUpdateEligible": false,
        "securityUpdateEnabled": true
      }
    },
    {
      "kind": "drive#file",
      "id": "1KkRRaKmCq9WRbznNGfRG24iBcvdhY11m",
      "name": "ticket-162-3.0.0-5bfbcd20.apk",
      "mimeType": "application/vnd.android.package-archive",
      "starred": false,
      "trashed": false,
      "explicitlyTrashed": false,
      "parents": [
        "0ACDi02V-dEkAUk9PVA"
      ],
      "spaces": [
        "drive"
      ],
      "version": "6",
      "webContentLink": "https://drive.google.com/uc?id=1KkRRaKmCq9WRbznNGfRG24iBcvdhY11m&export=download",
      "webViewLink": "https://drive.google.com/file/d/1KkRRaKmCq9WRbznNGfRG24iBcvdhY11m/view?usp=drivesdk",
      "iconLink": "https://drive-thirdparty.googleusercontent.com/16/type/application/vnd.android.package-archive",
      "hasThumbnail": false,
      "thumbnailVersion": "0",
      "viewedByMe": false,
      "createdTime": "2022-01-11T05:02:50.512Z",
      "modifiedTime": "2022-01-11T05:02:50.512Z",
      "modifiedByMeTime": "2022-01-11T05:02:50.512Z",
      "modifiedByMe": true,
      "owners": [
        {
          "kind": "drive#user",
          "displayName": "fastlane-android-apk@mythic-display-237310.iam.gserviceaccount.com",
          "photoLink": "https://lh3.googleusercontent.com/a/default-user=s64",
          "me": true,
          "permissionId": "06941688514420538122",
          "emailAddress": "fastlane-android-apk@mythic-display-237310.iam.gserviceaccount.com"
        }
      ],
      "lastModifyingUser": {
        "kind": "drive#user",
        "displayName": "fastlane-android-apk@mythic-display-237310.iam.gserviceaccount.com",
        "photoLink": "https://lh3.googleusercontent.com/a/default-user=s64",
        "me": true,
        "permissionId": "06941688514420538122",
        "emailAddress": "fastlane-android-apk@mythic-display-237310.iam.gserviceaccount.com"
      },
      "shared": false,
      "ownedByMe": true,
      "capabilities": {
        "canAcceptOwnership": false,
        "canAddChildren": false,
        "canAddMyDriveParent": false,
        "canChangeCopyRequiresWriterPermission": true,
        "canChangeSecurityUpdateEnabled": false,
        "canChangeViewersCanCopyContent": true,
        "canComment": true,
        "canCopy": true,
        "canDelete": true,
        "canDownload": true,
        "canEdit": true,
        "canListChildren": false,
        "canModifyContent": true,
        "canModifyLabels": false,
        "canMoveChildrenWithinDrive": false,
        "canMoveItemIntoTeamDrive": true,
        "canMoveItemOutOfDrive": true,
        "canMoveItemWithinDrive": true,
        "canReadLabels": false,
        "canReadRevisions": true,
        "canRemoveChildren": false,
        "canRemoveMyDriveParent": true,
        "canRename": true,
        "canShare": true,
        "canTrash": true,
        "canUntrash": true
      },
      "viewersCanCopyContent": true,
      "copyRequiresWriterPermission": false,
      "writersCanShare": true,
      "permissions": [
        {
          "kind": "drive#permission",
          "id": "06941688514420538122",
          "type": "user",
          "emailAddress": "fastlane-android-apk@mythic-display-237310.iam.gserviceaccount.com",
          "role": "owner",
          "displayName": "fastlane-android-apk@mythic-display-237310.iam.gserviceaccount.com",
          "photoLink": "https://lh3.googleusercontent.com/a/default-user=s64",
          "deleted": false,
          "pendingOwner": false
        }
      ],
      "permissionIds": [
        "06941688514420538122"
      ],
      "originalFilename": "ticket-162-3.0.0-5bfbcd20.apk",
      "fullFileExtension": "0-5bfbcd20.apk",
      "fileExtension": "apk",
      "md5Checksum": "6cb3e72327aef4c20bcaed2506af3f0d",
      "size": "62732834",
      "quotaBytesUsed": "62732834",
      "headRevisionId": "0ByDi02V-dEkAZjR3azRhdVZmMEt6T3FUSXpndXdPc1ZYTFJ3PQ",
      "isAppAuthorized": true,
      "linkShareMetadata": {
        "securityUpdateEligible": false,
        "securityUpdateEnabled": true
      }
    },
    {
      "kind": "drive#file",
      "id": "1_rRYZzyAbxCIG-q_UP6StyIIsybMuNH0",
      "name": "ticket-188-3.0.0-35ab7092.apk",
      "mimeType": "application/vnd.android.package-archive",
      "starred": false,
      "trashed": false,
      "explicitlyTrashed": false,
      "parents": [
        "0ACDi02V-dEkAUk9PVA"
      ],
      "spaces": [
        "drive"
      ],
      "version": "6",
      "webContentLink": "https://drive.google.com/uc?id=1_rRYZzyAbxCIG-q_UP6StyIIsybMuNH0&export=download",
      "webViewLink": "https://drive.google.com/file/d/1_rRYZzyAbxCIG-q_UP6StyIIsybMuNH0/view?usp=drivesdk",
      "iconLink": "https://drive-thirdparty.googleusercontent.com/16/type/application/vnd.android.package-archive",
      "hasThumbnail": false,
      "thumbnailVersion": "0",
      "viewedByMe": false,
      "createdTime": "2022-01-12T07:32:48.658Z",
      "modifiedTime": "2022-01-12T07:32:48.658Z",
      "modifiedByMeTime": "2022-01-12T07:32:48.658Z",
      "modifiedByMe": true,
      "owners": [
        {
          "kind": "drive#user",
          "displayName": "fastlane-android-apk@mythic-display-237310.iam.gserviceaccount.com",
          "photoLink": "https://lh3.googleusercontent.com/a/default-user=s64",
          "me": true,
          "permissionId": "06941688514420538122",
          "emailAddress": "fastlane-android-apk@mythic-display-237310.iam.gserviceaccount.com"
        }
      ],
      "lastModifyingUser": {
        "kind": "drive#user",
        "displayName": "fastlane-android-apk@mythic-display-237310.iam.gserviceaccount.com",
        "photoLink": "https://lh3.googleusercontent.com/a/default-user=s64",
        "me": true,
        "permissionId": "06941688514420538122",
        "emailAddress": "fastlane-android-apk@mythic-display-237310.iam.gserviceaccount.com"
      },
      "shared": false,
      "ownedByMe": true,
      "capabilities": {
        "canAcceptOwnership": false,
        "canAddChildren": false,
        "canAddMyDriveParent": false,
        "canChangeCopyRequiresWriterPermission": true,
        "canChangeSecurityUpdateEnabled": false,
        "canChangeViewersCanCopyContent": true,
        "canComment": true,
        "canCopy": true,
        "canDelete": true,
        "canDownload": true,
        "canEdit": true,
        "canListChildren": false,
        "canModifyContent": true,
        "canModifyLabels": false,
        "canMoveChildrenWithinDrive": false,
        "canMoveItemIntoTeamDrive": true,
        "canMoveItemOutOfDrive": true,
        "canMoveItemWithinDrive": true,
        "canReadLabels": false,
        "canReadRevisions": true,
        "canRemoveChildren": false,
        "canRemoveMyDriveParent": true,
        "canRename": true,
        "canShare": true,
        "canTrash": true,
        "canUntrash": true
      },
      "viewersCanCopyContent": true,
      "copyRequiresWriterPermission": false,
      "writersCanShare": true,
      "permissions": [
        {
          "kind": "drive#permission",
          "id": "06941688514420538122",
          "type": "user",
          "emailAddress": "fastlane-android-apk@mythic-display-237310.iam.gserviceaccount.com",
          "role": "owner",
          "displayName": "fastlane-android-apk@mythic-display-237310.iam.gserviceaccount.com",
          "photoLink": "https://lh3.googleusercontent.com/a/default-user=s64",
          "deleted": false,
          "pendingOwner": false
        }
      ],
      "permissionIds": [
        "06941688514420538122"
      ],
      "originalFilename": "ticket-188-3.0.0-35ab7092.apk",
      "fullFileExtension": "0-35ab7092.apk",
      "fileExtension": "apk",
      "md5Checksum": "0e3cffae4dcea6eb0da6829e91c7691e",
      "size": "61645789",
      "quotaBytesUsed": "61645789",
      "headRevisionId": "0ByDi02V-dEkARWNDVnRPYTZyR2c0c0d6YW44amR6OEI0MHk4PQ",
      "isAppAuthorized": true,
      "linkShareMetadata": {
        "securityUpdateEligible": false,
        "securityUpdateEnabled": true
      }
    },
    {
      "kind": "drive#file",
      "id": "1kXopLqzzhuIe0b4QhRsINO3rzNN6dWtn",
      "name": "ticket-277-3.0.0-03b41b69.apk",
      "mimeType": "application/vnd.android.package-archive",
      "starred": false,
      "trashed": false,
      "explicitlyTrashed": false,
      "parents": [
        "0ACDi02V-dEkAUk9PVA"
      ],
      "spaces": [
        "drive"
      ],
      "version": "6",
      "webContentLink": "https://drive.google.com/uc?id=1kXopLqzzhuIe0b4QhRsINO3rzNN6dWtn&export=download",
      "webViewLink": "https://drive.google.com/file/d/1kXopLqzzhuIe0b4QhRsINO3rzNN6dWtn/view?usp=drivesdk",
      "iconLink": "https://drive-thirdparty.googleusercontent.com/16/type/application/vnd.android.package-archive",
      "hasThumbnail": false,
      "thumbnailVersion": "0",
      "viewedByMe": false,
      "createdTime": "2022-01-12T07:58:25.357Z",
      "modifiedTime": "2022-01-12T07:58:25.357Z",
      "modifiedByMeTime": "2022-01-12T07:58:25.357Z",
      "modifiedByMe": true,
      "owners": [
        {
          "kind": "drive#user",
          "displayName": "fastlane-android-apk@mythic-display-237310.iam.gserviceaccount.com",
          "photoLink": "https://lh3.googleusercontent.com/a/default-user=s64",
          "me": true,
          "permissionId": "06941688514420538122",
          "emailAddress": "fastlane-android-apk@mythic-display-237310.iam.gserviceaccount.com"
        }
      ],
      "lastModifyingUser": {
        "kind": "drive#user",
        "displayName": "fastlane-android-apk@mythic-display-237310.iam.gserviceaccount.com",
        "photoLink": "https://lh3.googleusercontent.com/a/default-user=s64",
        "me": true,
        "permissionId": "06941688514420538122",
        "emailAddress": "fastlane-android-apk@mythic-display-237310.iam.gserviceaccount.com"
      },
      "shared": false,
      "ownedByMe": true,
      "capabilities": {
        "canAcceptOwnership": false,
        "canAddChildren": false,
        "canAddMyDriveParent": false,
        "canChangeCopyRequiresWriterPermission": true,
        "canChangeSecurityUpdateEnabled": false,
        "canChangeViewersCanCopyContent": true,
        "canComment": true,
        "canCopy": true,
        "canDelete": true,
        "canDownload": true,
        "canEdit": true,
        "canListChildren": false,
        "canModifyContent": true,
        "canModifyLabels": false,
        "canMoveChildrenWithinDrive": false,
        "canMoveItemIntoTeamDrive": true,
        "canMoveItemOutOfDrive": true,
        "canMoveItemWithinDrive": true,
        "canReadLabels": false,
        "canReadRevisions": true,
        "canRemoveChildren": false,
        "canRemoveMyDriveParent": true,
        "canRename": true,
        "canShare": true,
        "canTrash": true,
        "canUntrash": true
      },
      "viewersCanCopyContent": true,
      "copyRequiresWriterPermission": false,
      "writersCanShare": true,
      "permissions": [
        {
          "kind": "drive#permission",
          "id": "06941688514420538122",
          "type": "user",
          "emailAddress": "fastlane-android-apk@mythic-display-237310.iam.gserviceaccount.com",
          "role": "owner",
          "displayName": "fastlane-android-apk@mythic-display-237310.iam.gserviceaccount.com",
          "photoLink": "https://lh3.googleusercontent.com/a/default-user=s64",
          "deleted": false,
          "pendingOwner": false
        }
      ],
      "permissionIds": [
        "06941688514420538122"
      ],
      "originalFilename": "ticket-277-3.0.0-03b41b69.apk",
      "fullFileExtension": "0-03b41b69.apk",
      "fileExtension": "apk",
      "md5Checksum": "20af10d5bc744b5c574340e11d6c4466",
      "size": "62733034",
      "quotaBytesUsed": "62733034",
      "headRevisionId": "0ByDi02V-dEkAMlJiSHhBZEFBOFVDRDc5Wkdrbi90NjJtY2ZvPQ",
      "isAppAuthorized": true,
      "linkShareMetadata": {
        "securityUpdateEligible": false,
        "securityUpdateEnabled": true
      }
    },
    {
      "kind": "drive#file",
      "id": "137hOWHbve481-jx84aaTLNwqPgP0FYGy",
      "name": "ticket-259-3.0.0-d2f25a0c.apk",
      "mimeType": "application/vnd.android.package-archive",
      "starred": false,
      "trashed": false,
      "explicitlyTrashed": false,
      "parents": [
        "0ACDi02V-dEkAUk9PVA"
      ],
      "spaces": [
        "drive"
      ],
      "version": "6",
      "webContentLink": "https://drive.google.com/uc?id=137hOWHbve481-jx84aaTLNwqPgP0FYGy&export=download",
      "webViewLink": "https://drive.google.com/file/d/137hOWHbve481-jx84aaTLNwqPgP0FYGy/view?usp=drivesdk",
      "iconLink": "https://drive-thirdparty.googleusercontent.com/16/type/application/vnd.android.package-archive",
      "hasThumbnail": false,
      "thumbnailVersion": "0",
      "viewedByMe": false,
      "createdTime": "2022-01-12T09:03:11.584Z",
      "modifiedTime": "2022-01-12T09:03:11.584Z",
      "modifiedByMeTime": "2022-01-12T09:03:11.584Z",
      "modifiedByMe": true,
      "owners": [
        {
          "kind": "drive#user",
          "displayName": "fastlane-android-apk@mythic-display-237310.iam.gserviceaccount.com",
          "photoLink": "https://lh3.googleusercontent.com/a/default-user=s64",
          "me": true,
          "permissionId": "06941688514420538122",
          "emailAddress": "fastlane-android-apk@mythic-display-237310.iam.gserviceaccount.com"
        }
      ],
      "lastModifyingUser": {
        "kind": "drive#user",
        "displayName": "fastlane-android-apk@mythic-display-237310.iam.gserviceaccount.com",
        "photoLink": "https://lh3.googleusercontent.com/a/default-user=s64",
        "me": true,
        "permissionId": "06941688514420538122",
        "emailAddress": "fastlane-android-apk@mythic-display-237310.iam.gserviceaccount.com"
      },
      "shared": false,
      "ownedByMe": true,
      "capabilities": {
        "canAcceptOwnership": false,
        "canAddChildren": false,
        "canAddMyDriveParent": false,
        "canChangeCopyRequiresWriterPermission": true,
        "canChangeSecurityUpdateEnabled": false,
        "canChangeViewersCanCopyContent": true,
        "canComment": true,
        "canCopy": true,
        "canDelete": true,
        "canDownload": true,
        "canEdit": true,
        "canListChildren": false,
        "canModifyContent": true,
        "canModifyLabels": false,
        "canMoveChildrenWithinDrive": false,
        "canMoveItemIntoTeamDrive": true,
        "canMoveItemOutOfDrive": true,
        "canMoveItemWithinDrive": true,
        "canReadLabels": false,
        "canReadRevisions": true,
        "canRemoveChildren": false,
        "canRemoveMyDriveParent": true,
        "canRename": true,
        "canShare": true,
        "canTrash": true,
        "canUntrash": true
      },
      "viewersCanCopyContent": true,
      "copyRequiresWriterPermission": false,
      "writersCanShare": true,
      "permissions": [
        {
          "kind": "drive#permission",
          "id": "06941688514420538122",
          "type": "user",
          "emailAddress": "fastlane-android-apk@mythic-display-237310.iam.gserviceaccount.com",
          "role": "owner",
          "displayName": "fastlane-android-apk@mythic-display-237310.iam.gserviceaccount.com",
          "photoLink": "https://lh3.googleusercontent.com/a/default-user=s64",
          "deleted": false,
          "pendingOwner": false
        }
      ],
      "permissionIds": [
        "06941688514420538122"
      ],
      "originalFilename": "ticket-259-3.0.0-d2f25a0c.apk",
      "fullFileExtension": "0-d2f25a0c.apk",
      "fileExtension": "apk",
      "md5Checksum": "281432bb51b133a4d775fc289276df34",
      "size": "62732846",
      "quotaBytesUsed": "62732846",
      "headRevisionId": "0ByDi02V-dEkANlR2aFM0eVh2QzdPMVFFbi9venN4REljdzFJPQ",
      "isAppAuthorized": true,
      "linkShareMetadata": {
        "securityUpdateEligible": false,
        "securityUpdateEnabled": true
      }
    },
    {
      "kind": "drive#file",
      "id": "1NxLubGO1YAcNrbc_tgkN1TGhWCBuI2Q4",
      "name": "ticket-277-3.0.0-168df022.apk",
      "mimeType": "application/vnd.android.package-archive",
      "starred": false,
      "trashed": false,
      "explicitlyTrashed": false,
      "parents": [
        "0ACDi02V-dEkAUk9PVA"
      ],
      "spaces": [
        "drive"
      ],
      "version": "5",
      "webContentLink": "https://drive.google.com/uc?id=1NxLubGO1YAcNrbc_tgkN1TGhWCBuI2Q4&export=download",
      "webViewLink": "https://drive.google.com/file/d/1NxLubGO1YAcNrbc_tgkN1TGhWCBuI2Q4/view?usp=drivesdk",
      "iconLink": "https://drive-thirdparty.googleusercontent.com/16/type/application/vnd.android.package-archive",
      "hasThumbnail": false,
      "thumbnailVersion": "0",
      "viewedByMe": false,
      "createdTime": "2022-01-12T10:53:05.891Z",
      "modifiedTime": "2022-01-12T10:53:05.891Z",
      "modifiedByMeTime": "2022-01-12T10:53:05.891Z",
      "modifiedByMe": true,
      "owners": [
        {
          "kind": "drive#user",
          "displayName": "fastlane-android-apk@mythic-display-237310.iam.gserviceaccount.com",
          "photoLink": "https://lh3.googleusercontent.com/a/default-user=s64",
          "me": true,
          "permissionId": "06941688514420538122",
          "emailAddress": "fastlane-android-apk@mythic-display-237310.iam.gserviceaccount.com"
        }
      ],
      "lastModifyingUser": {
        "kind": "drive#user",
        "displayName": "fastlane-android-apk@mythic-display-237310.iam.gserviceaccount.com",
        "photoLink": "https://lh3.googleusercontent.com/a/default-user=s64",
        "me": true,
        "permissionId": "06941688514420538122",
        "emailAddress": "fastlane-android-apk@mythic-display-237310.iam.gserviceaccount.com"
      },
      "shared": false,
      "ownedByMe": true,
      "capabilities": {
        "canAcceptOwnership": false,
        "canAddChildren": false,
        "canAddMyDriveParent": false,
        "canChangeCopyRequiresWriterPermission": true,
        "canChangeSecurityUpdateEnabled": false,
        "canChangeViewersCanCopyContent": true,
        "canComment": true,
        "canCopy": true,
        "canDelete": true,
        "canDownload": true,
        "canEdit": true,
        "canListChildren": false,
        "canModifyContent": true,
        "canModifyLabels": false,
        "canMoveChildrenWithinDrive": false,
        "canMoveItemIntoTeamDrive": true,
        "canMoveItemOutOfDrive": true,
        "canMoveItemWithinDrive": true,
        "canReadLabels": false,
        "canReadRevisions": true,
        "canRemoveChildren": false,
        "canRemoveMyDriveParent": true,
        "canRename": true,
        "canShare": true,
        "canTrash": true,
        "canUntrash": true
      },
      "viewersCanCopyContent": true,
      "copyRequiresWriterPermission": false,
      "writersCanShare": true,
      "permissions": [
        {
          "kind": "drive#permission",
          "id": "06941688514420538122",
          "type": "user",
          "emailAddress": "fastlane-android-apk@mythic-display-237310.iam.gserviceaccount.com",
          "role": "owner",
          "displayName": "fastlane-android-apk@mythic-display-237310.iam.gserviceaccount.com",
          "photoLink": "https://lh3.googleusercontent.com/a/default-user=s64",
          "deleted": false,
          "pendingOwner": false
        }
      ],
      "permissionIds": [
        "06941688514420538122"
      ],
      "originalFilename": "ticket-277-3.0.0-168df022.apk",
      "fullFileExtension": "0-168df022.apk",
      "fileExtension": "apk",
      "md5Checksum": "764b8108062a4bf85e42f5ebbda0ac0f",
      "size": "62733125",
      "quotaBytesUsed": "62733125",
      "headRevisionId": "0ByDi02V-dEkAelJyQUo0ek1PTUlxSUdCYktORnNxOE5FQ0VzPQ",
      "isAppAuthorized": true,
      "linkShareMetadata": {
        "securityUpdateEligible": false,
        "securityUpdateEnabled": true
      }
    },
    {
      "kind": "drive#file",
      "id": "1km7MyC4eOOHZ9KrlOa61_SP28m2tVn9s",
      "name": "ticket-282-3.0.0-c8fad5d8.apk",
      "mimeType": "application/vnd.android.package-archive",
      "starred": false,
      "trashed": false,
      "explicitlyTrashed": false,
      "parents": [
        "1N3PmrCeFkRRSD4TGLO3YPW9dOU23zFHs"
      ],
      "spaces": [
        "drive"
      ],
      "version": "4",
      "webContentLink": "https://drive.google.com/uc?id=1km7MyC4eOOHZ9KrlOa61_SP28m2tVn9s&export=download",
      "webViewLink": "https://drive.google.com/file/d/1km7MyC4eOOHZ9KrlOa61_SP28m2tVn9s/view?usp=drivesdk",
      "iconLink": "https://drive-thirdparty.googleusercontent.com/16/type/application/vnd.android.package-archive",
      "hasThumbnail": false,
      "thumbnailVersion": "0",
      "viewedByMe": false,
      "createdTime": "2022-01-12T11:46:02.014Z",
      "modifiedTime": "2022-01-12T11:46:02.014Z",
      "modifiedByMeTime": "2022-01-12T11:46:02.014Z",
      "modifiedByMe": true,
      "owners": [
        {
          "kind": "drive#user",
          "displayName": "fastlane-android-apk@mythic-display-237310.iam.gserviceaccount.com",
          "photoLink": "https://lh3.googleusercontent.com/a/default-user=s64",
          "me": true,
          "permissionId": "06941688514420538122",
          "emailAddress": "fastlane-android-apk@mythic-display-237310.iam.gserviceaccount.com"
        }
      ],
      "lastModifyingUser": {
        "kind": "drive#user",
        "displayName": "fastlane-android-apk@mythic-display-237310.iam.gserviceaccount.com",
        "photoLink": "https://lh3.googleusercontent.com/a/default-user=s64",
        "me": true,
        "permissionId": "06941688514420538122",
        "emailAddress": "fastlane-android-apk@mythic-display-237310.iam.gserviceaccount.com"
      },
      "shared": true,
      "ownedByMe": true,
      "capabilities": {
        "canAcceptOwnership": false,
        "canAddChildren": false,
        "canAddMyDriveParent": false,
        "canChangeCopyRequiresWriterPermission": true,
        "canChangeSecurityUpdateEnabled": false,
        "canChangeViewersCanCopyContent": true,
        "canComment": true,
        "canCopy": true,
        "canDelete": true,
        "canDownload": true,
        "canEdit": true,
        "canListChildren": false,
        "canModifyContent": true,
        "canModifyLabels": false,
        "canMoveChildrenWithinDrive": false,
        "canMoveItemIntoTeamDrive": true,
        "canMoveItemOutOfDrive": true,
        "canMoveItemWithinDrive": true,
        "canReadLabels": false,
        "canReadRevisions": true,
        "canRemoveChildren": false,
        "canRemoveMyDriveParent": true,
        "canRename": true,
        "canShare": true,
        "canTrash": true,
        "canUntrash": true
      },
      "viewersCanCopyContent": true,
      "copyRequiresWriterPermission": false,
      "writersCanShare": true,
      "permissions": [
        {
          "kind": "drive#permission",
          "id": "15924969308100435788",
          "type": "user",
          "emailAddress": "vinh.thieu@antbuddy.com",
          "role": "writer",
          "displayName": "Vinh Thieu Quang",
          "photoLink": "https://lh3.googleusercontent.com/a-/AFdZucpYOGt2Om1Y9j-rbCpskN6xbI7bfsLL6Pq5dNGQyg=s64",
          "deleted": false,
          "pendingOwner": false
        },
        {
          "kind": "drive#permission",
          "id": "17303972415997736298k",
          "type": "domain",
          "domain": "antbuddy.com",
          "role": "writer",
          "allowFileDiscovery": false,
          "displayName": "AntBuddy"
        },
        {
          "kind": "drive#permission",
          "id": "06941688514420538122",
          "type": "user",
          "emailAddress": "fastlane-android-apk@mythic-display-237310.iam.gserviceaccount.com",
          "role": "owner",
          "displayName": "fastlane-android-apk@mythic-display-237310.iam.gserviceaccount.com",
          "photoLink": "https://lh3.googleusercontent.com/a/default-user=s64",
          "deleted": false,
          "pendingOwner": false
        }
      ],
      "permissionIds": [
        "15924969308100435788",
        "17303972415997736298k",
        "06941688514420538122"
      ],
      "originalFilename": "ticket-282-3.0.0-c8fad5d8.apk",
      "fullFileExtension": "0-c8fad5d8.apk",
      "fileExtension": "apk",
      "md5Checksum": "c35a74d25a6b3d62769eddc57dec7bc0",
      "size": "62733815",
      "quotaBytesUsed": "62733815",
      "headRevisionId": "0ByDi02V-dEkAOE9XSit6TFpXdDRIM1lqQ0YyNzBYc0hvYUcwPQ",
      "isAppAuthorized": true,
      "linkShareMetadata": {
        "securityUpdateEligible": false,
        "securityUpdateEnabled": true
      }
    },
    {
      "kind": "drive#file",
      "id": "1OI3C18TN3DO62ZGpLxMy3650Un2i4SGs",
      "name": "ticket-282-3.0.0-e47caed1.apk",
      "mimeType": "application/vnd.android.package-archive",
      "starred": false,
      "trashed": false,
      "explicitlyTrashed": false,
      "parents": [
        "1N3PmrCeFkRRSD4TGLO3YPW9dOU23zFHs"
      ],
      "spaces": [
        "drive"
      ],
      "version": "4",
      "webContentLink": "https://drive.google.com/uc?id=1OI3C18TN3DO62ZGpLxMy3650Un2i4SGs&export=download",
      "webViewLink": "https://drive.google.com/file/d/1OI3C18TN3DO62ZGpLxMy3650Un2i4SGs/view?usp=drivesdk",
      "iconLink": "https://drive-thirdparty.googleusercontent.com/16/type/application/vnd.android.package-archive",
      "hasThumbnail": false,
      "thumbnailVersion": "0",
      "viewedByMe": false,
      "createdTime": "2022-01-13T07:45:00.433Z",
      "modifiedTime": "2022-01-13T07:45:00.433Z",
      "modifiedByMeTime": "2022-01-13T07:45:00.433Z",
      "modifiedByMe": true,
      "owners": [
        {
          "kind": "drive#user",
          "displayName": "fastlane-android-apk@mythic-display-237310.iam.gserviceaccount.com",
          "photoLink": "https://lh3.googleusercontent.com/a/default-user=s64",
          "me": true,
          "permissionId": "06941688514420538122",
          "emailAddress": "fastlane-android-apk@mythic-display-237310.iam.gserviceaccount.com"
        }
      ],
      "lastModifyingUser": {
        "kind": "drive#user",
        "displayName": "fastlane-android-apk@mythic-display-237310.iam.gserviceaccount.com",
        "photoLink": "https://lh3.googleusercontent.com/a/default-user=s64",
        "me": true,
        "permissionId": "06941688514420538122",
        "emailAddress": "fastlane-android-apk@mythic-display-237310.iam.gserviceaccount.com"
      },
      "shared": true,
      "ownedByMe": true,
      "capabilities": {
        "canAcceptOwnership": false,
        "canAddChildren": false,
        "canAddMyDriveParent": false,
        "canChangeCopyRequiresWriterPermission": true,
        "canChangeSecurityUpdateEnabled": false,
        "canChangeViewersCanCopyContent": true,
        "canComment": true,
        "canCopy": true,
        "canDelete": true,
        "canDownload": true,
        "canEdit": true,
        "canListChildren": false,
        "canModifyContent": true,
        "canModifyLabels": false,
        "canMoveChildrenWithinDrive": false,
        "canMoveItemIntoTeamDrive": true,
        "canMoveItemOutOfDrive": true,
        "canMoveItemWithinDrive": true,
        "canReadLabels": false,
        "canReadRevisions": true,
        "canRemoveChildren": false,
        "canRemoveMyDriveParent": true,
        "canRename": true,
        "canShare": true,
        "canTrash": true,
        "canUntrash": true
      },
      "viewersCanCopyContent": true,
      "copyRequiresWriterPermission": false,
      "writersCanShare": true,
      "permissions": [
        {
          "kind": "drive#permission",
          "id": "15924969308100435788",
          "type": "user",
          "emailAddress": "vinh.thieu@antbuddy.com",
          "role": "writer",
          "displayName": "Vinh Thieu Quang",
          "photoLink": "https://lh3.googleusercontent.com/a-/AFdZucpYOGt2Om1Y9j-rbCpskN6xbI7bfsLL6Pq5dNGQyg=s64",
          "deleted": false,
          "pendingOwner": false
        },
        {
          "kind": "drive#permission",
          "id": "17303972415997736298k",
          "type": "domain",
          "domain": "antbuddy.com",
          "role": "writer",
          "allowFileDiscovery": false,
          "displayName": "AntBuddy"
        },
        {
          "kind": "drive#permission",
          "id": "06941688514420538122",
          "type": "user",
          "emailAddress": "fastlane-android-apk@mythic-display-237310.iam.gserviceaccount.com",
          "role": "owner",
          "displayName": "fastlane-android-apk@mythic-display-237310.iam.gserviceaccount.com",
          "photoLink": "https://lh3.googleusercontent.com/a/default-user=s64",
          "deleted": false,
          "pendingOwner": false
        }
      ],
      "permissionIds": [
        "15924969308100435788",
        "17303972415997736298k",
        "06941688514420538122"
      ],
      "originalFilename": "ticket-282-3.0.0-e47caed1.apk",
      "fullFileExtension": "0-e47caed1.apk",
      "fileExtension": "apk",
      "md5Checksum": "54ef6c5a4346e672e8d037b968e44e58",
      "size": "62734211",
      "quotaBytesUsed": "62734211",
      "headRevisionId": "0ByDi02V-dEkAVXZzalh2akVITnBjSTdqdXQySk1XWTVoYkRNPQ",
      "isAppAuthorized": true,
      "linkShareMetadata": {
        "securityUpdateEligible": false,
        "securityUpdateEnabled": true
      }
    },
    {
      "kind": "drive#file",
      "id": "1mWPaWd_OZrxkNFvbzzmxqkycmXPl5kwS",
      "name": "ticket-277-3.0.0-783184b1.apk",
      "mimeType": "application/vnd.android.package-archive",
      "starred": false,
      "trashed": false,
      "explicitlyTrashed": false,
      "parents": [
        "0ACDi02V-dEkAUk9PVA"
      ],
      "spaces": [
        "drive"
      ],
      "version": "6",
      "webContentLink": "https://drive.google.com/uc?id=1mWPaWd_OZrxkNFvbzzmxqkycmXPl5kwS&export=download",
      "webViewLink": "https://drive.google.com/file/d/1mWPaWd_OZrxkNFvbzzmxqkycmXPl5kwS/view?usp=drivesdk",
      "iconLink": "https://drive-thirdparty.googleusercontent.com/16/type/application/vnd.android.package-archive",
      "hasThumbnail": false,
      "thumbnailVersion": "0",
      "viewedByMe": false,
      "createdTime": "2022-01-13T08:45:18.292Z",
      "modifiedTime": "2022-01-13T08:45:18.292Z",
      "modifiedByMeTime": "2022-01-13T08:45:18.292Z",
      "modifiedByMe": true,
      "owners": [
        {
          "kind": "drive#user",
          "displayName": "fastlane-android-apk@mythic-display-237310.iam.gserviceaccount.com",
          "photoLink": "https://lh3.googleusercontent.com/a/default-user=s64",
          "me": true,
          "permissionId": "06941688514420538122",
          "emailAddress": "fastlane-android-apk@mythic-display-237310.iam.gserviceaccount.com"
        }
      ],
      "lastModifyingUser": {
        "kind": "drive#user",
        "displayName": "fastlane-android-apk@mythic-display-237310.iam.gserviceaccount.com",
        "photoLink": "https://lh3.googleusercontent.com/a/default-user=s64",
        "me": true,
        "permissionId": "06941688514420538122",
        "emailAddress": "fastlane-android-apk@mythic-display-237310.iam.gserviceaccount.com"
      },
      "shared": false,
      "ownedByMe": true,
      "capabilities": {
        "canAcceptOwnership": false,
        "canAddChildren": false,
        "canAddMyDriveParent": false,
        "canChangeCopyRequiresWriterPermission": true,
        "canChangeSecurityUpdateEnabled": false,
        "canChangeViewersCanCopyContent": true,
        "canComment": true,
        "canCopy": true,
        "canDelete": true,
        "canDownload": true,
        "canEdit": true,
        "canListChildren": false,
        "canModifyContent": true,
        "canModifyLabels": false,
        "canMoveChildrenWithinDrive": false,
        "canMoveItemIntoTeamDrive": true,
        "canMoveItemOutOfDrive": true,
        "canMoveItemWithinDrive": true,
        "canReadLabels": false,
        "canReadRevisions": true,
        "canRemoveChildren": false,
        "canRemoveMyDriveParent": true,
        "canRename": true,
        "canShare": true,
        "canTrash": true,
        "canUntrash": true
      },
      "viewersCanCopyContent": true,
      "copyRequiresWriterPermission": false,
      "writersCanShare": true,
      "permissions": [
        {
          "kind": "drive#permission",
          "id": "06941688514420538122",
          "type": "user",
          "emailAddress": "fastlane-android-apk@mythic-display-237310.iam.gserviceaccount.com",
          "role": "owner",
          "displayName": "fastlane-android-apk@mythic-display-237310.iam.gserviceaccount.com",
          "photoLink": "https://lh3.googleusercontent.com/a/default-user=s64",
          "deleted": false,
          "pendingOwner": false
        }
      ],
      "permissionIds": [
        "06941688514420538122"
      ],
      "originalFilename": "ticket-277-3.0.0-783184b1.apk",
      "fullFileExtension": "0-783184b1.apk",
      "fileExtension": "apk",
      "md5Checksum": "a81e799523892092e8cbab5b763afadd",
      "size": "62733119",
      "quotaBytesUsed": "62733119",
      "headRevisionId": "0ByDi02V-dEkAZm9tSS9OdWFTZm91bmgzd2NkU28xL3JIV05nPQ",
      "isAppAuthorized": true,
      "linkShareMetadata": {
        "securityUpdateEligible": false,
        "securityUpdateEnabled": true
      }
    },
    {
      "kind": "drive#file",
      "id": "1ZfTvT7EuEx6whUe1LZnm1anZd_x2pEb-",
      "name": "ticket-282-3.0.0-67482e61.apk",
      "mimeType": "application/vnd.android.package-archive",
      "starred": false,
      "trashed": false,
      "explicitlyTrashed": false,
      "parents": [
        "1N3PmrCeFkRRSD4TGLO3YPW9dOU23zFHs"
      ],
      "spaces": [
        "drive"
      ],
      "version": "4",
      "webContentLink": "https://drive.google.com/uc?id=1ZfTvT7EuEx6whUe1LZnm1anZd_x2pEb-&export=download",
      "webViewLink": "https://drive.google.com/file/d/1ZfTvT7EuEx6whUe1LZnm1anZd_x2pEb-/view?usp=drivesdk",
      "iconLink": "https://drive-thirdparty.googleusercontent.com/16/type/application/vnd.android.package-archive",
      "hasThumbnail": false,
      "thumbnailVersion": "0",
      "viewedByMe": false,
      "createdTime": "2022-01-13T10:22:12.827Z",
      "modifiedTime": "2022-01-13T10:22:12.827Z",
      "modifiedByMeTime": "2022-01-13T10:22:12.827Z",
      "modifiedByMe": true,
      "owners": [
        {
          "kind": "drive#user",
          "displayName": "fastlane-android-apk@mythic-display-237310.iam.gserviceaccount.com",
          "photoLink": "https://lh3.googleusercontent.com/a/default-user=s64",
          "me": true,
          "permissionId": "06941688514420538122",
          "emailAddress": "fastlane-android-apk@mythic-display-237310.iam.gserviceaccount.com"
        }
      ],
      "lastModifyingUser": {
        "kind": "drive#user",
        "displayName": "fastlane-android-apk@mythic-display-237310.iam.gserviceaccount.com",
        "photoLink": "https://lh3.googleusercontent.com/a/default-user=s64",
        "me": true,
        "permissionId": "06941688514420538122",
        "emailAddress": "fastlane-android-apk@mythic-display-237310.iam.gserviceaccount.com"
      },
      "shared": true,
      "ownedByMe": true,
      "capabilities": {
        "canAcceptOwnership": false,
        "canAddChildren": false,
        "canAddMyDriveParent": false,
        "canChangeCopyRequiresWriterPermission": true,
        "canChangeSecurityUpdateEnabled": false,
        "canChangeViewersCanCopyContent": true,
        "canComment": true,
        "canCopy": true,
        "canDelete": true,
        "canDownload": true,
        "canEdit": true,
        "canListChildren": false,
        "canModifyContent": true,
        "canModifyLabels": false,
        "canMoveChildrenWithinDrive": false,
        "canMoveItemIntoTeamDrive": true,
        "canMoveItemOutOfDrive": true,
        "canMoveItemWithinDrive": true,
        "canReadLabels": false,
        "canReadRevisions": true,
        "canRemoveChildren": false,
        "canRemoveMyDriveParent": true,
        "canRename": true,
        "canShare": true,
        "canTrash": true,
        "canUntrash": true
      },
      "viewersCanCopyContent": true,
      "copyRequiresWriterPermission": false,
      "writersCanShare": true,
      "permissions": [
        {
          "kind": "drive#permission",
          "id": "15924969308100435788",
          "type": "user",
          "emailAddress": "vinh.thieu@antbuddy.com",
          "role": "writer",
          "displayName": "Vinh Thieu Quang",
          "photoLink": "https://lh3.googleusercontent.com/a-/AFdZucpYOGt2Om1Y9j-rbCpskN6xbI7bfsLL6Pq5dNGQyg=s64",
          "deleted": false,
          "pendingOwner": false
        },
        {
          "kind": "drive#permission",
          "id": "17303972415997736298k",
          "type": "domain",
          "domain": "antbuddy.com",
          "role": "writer",
          "allowFileDiscovery": false,
          "displayName": "AntBuddy"
        },
        {
          "kind": "drive#permission",
          "id": "06941688514420538122",
          "type": "user",
          "emailAddress": "fastlane-android-apk@mythic-display-237310.iam.gserviceaccount.com",
          "role": "owner",
          "displayName": "fastlane-android-apk@mythic-display-237310.iam.gserviceaccount.com",
          "photoLink": "https://lh3.googleusercontent.com/a/default-user=s64",
          "deleted": false,
          "pendingOwner": false
        }
      ],
      "permissionIds": [
        "15924969308100435788",
        "17303972415997736298k",
        "06941688514420538122"
      ],
      "originalFilename": "ticket-282-3.0.0-67482e61.apk",
      "fullFileExtension": "0-67482e61.apk",
      "fileExtension": "apk",
      "md5Checksum": "191238926877d67fa60c28703c7632b1",
      "size": "62734277",
      "quotaBytesUsed": "62734277",
      "headRevisionId": "0ByDi02V-dEkARFFNVjBoekpZOUIycmI3dGs0OHcwY3M5RVRBPQ",
      "isAppAuthorized": true,
      "linkShareMetadata": {
        "securityUpdateEligible": false,
        "securityUpdateEnabled": true
      }
    },
    {
      "kind": "drive#file",
      "id": "1_W3wMbmaC-tuNVrBYFsN202UAdzZHChY",
      "name": "ticket-162-3.0.0-4ee73f11.apk",
      "mimeType": "application/vnd.android.package-archive",
      "starred": false,
      "trashed": false,
      "explicitlyTrashed": false,
      "parents": [
        "0ACDi02V-dEkAUk9PVA"
      ],
      "spaces": [
        "drive"
      ],
      "version": "6",
      "webContentLink": "https://drive.google.com/uc?id=1_W3wMbmaC-tuNVrBYFsN202UAdzZHChY&export=download",
      "webViewLink": "https://drive.google.com/file/d/1_W3wMbmaC-tuNVrBYFsN202UAdzZHChY/view?usp=drivesdk",
      "iconLink": "https://drive-thirdparty.googleusercontent.com/16/type/application/vnd.android.package-archive",
      "hasThumbnail": false,
      "thumbnailVersion": "0",
      "viewedByMe": false,
      "createdTime": "2022-01-13T10:24:22.802Z",
      "modifiedTime": "2022-01-13T10:24:22.802Z",
      "modifiedByMeTime": "2022-01-13T10:24:22.802Z",
      "modifiedByMe": true,
      "owners": [
        {
          "kind": "drive#user",
          "displayName": "fastlane-android-apk@mythic-display-237310.iam.gserviceaccount.com",
          "photoLink": "https://lh3.googleusercontent.com/a/default-user=s64",
          "me": true,
          "permissionId": "06941688514420538122",
          "emailAddress": "fastlane-android-apk@mythic-display-237310.iam.gserviceaccount.com"
        }
      ],
      "lastModifyingUser": {
        "kind": "drive#user",
        "displayName": "fastlane-android-apk@mythic-display-237310.iam.gserviceaccount.com",
        "photoLink": "https://lh3.googleusercontent.com/a/default-user=s64",
        "me": true,
        "permissionId": "06941688514420538122",
        "emailAddress": "fastlane-android-apk@mythic-display-237310.iam.gserviceaccount.com"
      },
      "shared": false,
      "ownedByMe": true,
      "capabilities": {
        "canAcceptOwnership": false,
        "canAddChildren": false,
        "canAddMyDriveParent": false,
        "canChangeCopyRequiresWriterPermission": true,
        "canChangeSecurityUpdateEnabled": false,
        "canChangeViewersCanCopyContent": true,
        "canComment": true,
        "canCopy": true,
        "canDelete": true,
        "canDownload": true,
        "canEdit": true,
        "canListChildren": false,
        "canModifyContent": true,
        "canModifyLabels": false,
        "canMoveChildrenWithinDrive": false,
        "canMoveItemIntoTeamDrive": true,
        "canMoveItemOutOfDrive": true,
        "canMoveItemWithinDrive": true,
        "canReadLabels": false,
        "canReadRevisions": true,
        "canRemoveChildren": false,
        "canRemoveMyDriveParent": true,
        "canRename": true,
        "canShare": true,
        "canTrash": true,
        "canUntrash": true
      },
      "viewersCanCopyContent": true,
      "copyRequiresWriterPermission": false,
      "writersCanShare": true,
      "permissions": [
        {
          "kind": "drive#permission",
          "id": "06941688514420538122",
          "type": "user",
          "emailAddress": "fastlane-android-apk@mythic-display-237310.iam.gserviceaccount.com",
          "role": "owner",
          "displayName": "fastlane-android-apk@mythic-display-237310.iam.gserviceaccount.com",
          "photoLink": "https://lh3.googleusercontent.com/a/default-user=s64",
          "deleted": false,
          "pendingOwner": false
        }
      ],
      "permissionIds": [
        "06941688514420538122"
      ],
      "originalFilename": "ticket-162-3.0.0-4ee73f11.apk",
      "fullFileExtension": "0-4ee73f11.apk",
      "fileExtension": "apk",
      "md5Checksum": "e620ab69e3a8c2310349f375f092ef16",
      "size": "62732888",
      "quotaBytesUsed": "62732888",
      "headRevisionId": "0ByDi02V-dEkAanBSYXFuaDJFekpodytNanhYNlAwQTh6djJjPQ",
      "isAppAuthorized": true,
      "linkShareMetadata": {
        "securityUpdateEligible": false,
        "securityUpdateEnabled": true
      }
    },
    {
      "kind": "drive#file",
      "id": "1YLevIsMzZmiTO9_6gF2mMBpTWGBK641_",
      "name": "ticket-266-3.0.0-00f60f74.apk",
      "mimeType": "application/vnd.android.package-archive",
      "starred": false,
      "trashed": false,
      "explicitlyTrashed": false,
      "parents": [
        "0ACDi02V-dEkAUk9PVA"
      ],
      "spaces": [
        "drive"
      ],
      "version": "6",
      "webContentLink": "https://drive.google.com/uc?id=1YLevIsMzZmiTO9_6gF2mMBpTWGBK641_&export=download",
      "webViewLink": "https://drive.google.com/file/d/1YLevIsMzZmiTO9_6gF2mMBpTWGBK641_/view?usp=drivesdk",
      "iconLink": "https://drive-thirdparty.googleusercontent.com/16/type/application/vnd.android.package-archive",
      "hasThumbnail": false,
      "thumbnailVersion": "0",
      "viewedByMe": false,
      "createdTime": "2022-01-14T03:57:53.213Z",
      "modifiedTime": "2022-01-14T03:57:53.213Z",
      "modifiedByMeTime": "2022-01-14T03:57:53.213Z",
      "modifiedByMe": true,
      "owners": [
        {
          "kind": "drive#user",
          "displayName": "fastlane-android-apk@mythic-display-237310.iam.gserviceaccount.com",
          "photoLink": "https://lh3.googleusercontent.com/a/default-user=s64",
          "me": true,
          "permissionId": "06941688514420538122",
          "emailAddress": "fastlane-android-apk@mythic-display-237310.iam.gserviceaccount.com"
        }
      ],
      "lastModifyingUser": {
        "kind": "drive#user",
        "displayName": "fastlane-android-apk@mythic-display-237310.iam.gserviceaccount.com",
        "photoLink": "https://lh3.googleusercontent.com/a/default-user=s64",
        "me": true,
        "permissionId": "06941688514420538122",
        "emailAddress": "fastlane-android-apk@mythic-display-237310.iam.gserviceaccount.com"
      },
      "shared": false,
      "ownedByMe": true,
      "capabilities": {
        "canAcceptOwnership": false,
        "canAddChildren": false,
        "canAddMyDriveParent": false,
        "canChangeCopyRequiresWriterPermission": true,
        "canChangeSecurityUpdateEnabled": false,
        "canChangeViewersCanCopyContent": true,
        "canComment": true,
        "canCopy": true,
        "canDelete": true,
        "canDownload": true,
        "canEdit": true,
        "canListChildren": false,
        "canModifyContent": true,
        "canModifyLabels": false,
        "canMoveChildrenWithinDrive": false,
        "canMoveItemIntoTeamDrive": true,
        "canMoveItemOutOfDrive": true,
        "canMoveItemWithinDrive": true,
        "canReadLabels": false,
        "canReadRevisions": true,
        "canRemoveChildren": false,
        "canRemoveMyDriveParent": true,
        "canRename": true,
        "canShare": true,
        "canTrash": true,
        "canUntrash": true
      },
      "viewersCanCopyContent": true,
      "copyRequiresWriterPermission": false,
      "writersCanShare": true,
      "permissions": [
        {
          "kind": "drive#permission",
          "id": "06941688514420538122",
          "type": "user",
          "emailAddress": "fastlane-android-apk@mythic-display-237310.iam.gserviceaccount.com",
          "role": "owner",
          "displayName": "fastlane-android-apk@mythic-display-237310.iam.gserviceaccount.com",
          "photoLink": "https://lh3.googleusercontent.com/a/default-user=s64",
          "deleted": false,
          "pendingOwner": false
        }
      ],
      "permissionIds": [
        "06941688514420538122"
      ],
      "originalFilename": "ticket-266-3.0.0-00f60f74.apk",
      "fullFileExtension": "0-00f60f74.apk",
      "fileExtension": "apk",
      "md5Checksum": "6c22e0682fdc27a490ba3616d0bcf07a",
      "size": "61646240",
      "quotaBytesUsed": "61646240",
      "headRevisionId": "0ByDi02V-dEkAbkN6TDRkSEg3K3JkV3ZCVjhOWEdUM25KVGFJPQ",
      "isAppAuthorized": true,
      "linkShareMetadata": {
        "securityUpdateEligible": false,
        "securityUpdateEnabled": true
      }
    },
    {
      "kind": "drive#file",
      "id": "1cX-QWlzs-DnaxuIGji0UljhZttpZ8HKs",
      "name": "ticket-282-3.0.0-00ee14c7.apk",
      "mimeType": "application/vnd.android.package-archive",
      "starred": false,
      "trashed": false,
      "explicitlyTrashed": false,
      "parents": [
        "1N3PmrCeFkRRSD4TGLO3YPW9dOU23zFHs"
      ],
      "spaces": [
        "drive"
      ],
      "version": "4",
      "webContentLink": "https://drive.google.com/uc?id=1cX-QWlzs-DnaxuIGji0UljhZttpZ8HKs&export=download",
      "webViewLink": "https://drive.google.com/file/d/1cX-QWlzs-DnaxuIGji0UljhZttpZ8HKs/view?usp=drivesdk",
      "iconLink": "https://drive-thirdparty.googleusercontent.com/16/type/application/vnd.android.package-archive",
      "hasThumbnail": false,
      "thumbnailVersion": "0",
      "viewedByMe": false,
      "createdTime": "2022-01-14T06:56:51.909Z",
      "modifiedTime": "2022-01-14T06:56:51.909Z",
      "modifiedByMeTime": "2022-01-14T06:56:51.909Z",
      "modifiedByMe": true,
      "owners": [
        {
          "kind": "drive#user",
          "displayName": "fastlane-android-apk@mythic-display-237310.iam.gserviceaccount.com",
          "photoLink": "https://lh3.googleusercontent.com/a/default-user=s64",
          "me": true,
          "permissionId": "06941688514420538122",
          "emailAddress": "fastlane-android-apk@mythic-display-237310.iam.gserviceaccount.com"
        }
      ],
      "lastModifyingUser": {
        "kind": "drive#user",
        "displayName": "fastlane-android-apk@mythic-display-237310.iam.gserviceaccount.com",
        "photoLink": "https://lh3.googleusercontent.com/a/default-user=s64",
        "me": true,
        "permissionId": "06941688514420538122",
        "emailAddress": "fastlane-android-apk@mythic-display-237310.iam.gserviceaccount.com"
      },
      "shared": true,
      "ownedByMe": true,
      "capabilities": {
        "canAcceptOwnership": false,
        "canAddChildren": false,
        "canAddMyDriveParent": false,
        "canChangeCopyRequiresWriterPermission": true,
        "canChangeSecurityUpdateEnabled": false,
        "canChangeViewersCanCopyContent": true,
        "canComment": true,
        "canCopy": true,
        "canDelete": true,
        "canDownload": true,
        "canEdit": true,
        "canListChildren": false,
        "canModifyContent": true,
        "canModifyLabels": false,
        "canMoveChildrenWithinDrive": false,
        "canMoveItemIntoTeamDrive": true,
        "canMoveItemOutOfDrive": true,
        "canMoveItemWithinDrive": true,
        "canReadLabels": false,
        "canReadRevisions": true,
        "canRemoveChildren": false,
        "canRemoveMyDriveParent": true,
        "canRename": true,
        "canShare": true,
        "canTrash": true,
        "canUntrash": true
      },
      "viewersCanCopyContent": true,
      "copyRequiresWriterPermission": false,
      "writersCanShare": true,
      "permissions": [
        {
          "kind": "drive#permission",
          "id": "15924969308100435788",
          "type": "user",
          "emailAddress": "vinh.thieu@antbuddy.com",
          "role": "writer",
          "displayName": "Vinh Thieu Quang",
          "photoLink": "https://lh3.googleusercontent.com/a-/AFdZucpYOGt2Om1Y9j-rbCpskN6xbI7bfsLL6Pq5dNGQyg=s64",
          "deleted": false,
          "pendingOwner": false
        },
        {
          "kind": "drive#permission",
          "id": "17303972415997736298k",
          "type": "domain",
          "domain": "antbuddy.com",
          "role": "writer",
          "allowFileDiscovery": false,
          "displayName": "AntBuddy"
        },
        {
          "kind": "drive#permission",
          "id": "06941688514420538122",
          "type": "user",
          "emailAddress": "fastlane-android-apk@mythic-display-237310.iam.gserviceaccount.com",
          "role": "owner",
          "displayName": "fastlane-android-apk@mythic-display-237310.iam.gserviceaccount.com",
          "photoLink": "https://lh3.googleusercontent.com/a/default-user=s64",
          "deleted": false,
          "pendingOwner": false
        }
      ],
      "permissionIds": [
        "15924969308100435788",
        "17303972415997736298k",
        "06941688514420538122"
      ],
      "originalFilename": "ticket-282-3.0.0-00ee14c7.apk",
      "fullFileExtension": "0-00ee14c7.apk",
      "fileExtension": "apk",
      "md5Checksum": "2ec5603cfbf102d4ae3ada650d7a2c5f",
      "size": "62734922",
      "quotaBytesUsed": "62734922",
      "headRevisionId": "0ByDi02V-dEkAV21vTzBhNzREODliQmdCS3dFOXZsZ0loVFpNPQ",
      "isAppAuthorized": true,
      "linkShareMetadata": {
        "securityUpdateEligible": false,
        "securityUpdateEnabled": true
      }
    },
    {
      "kind": "drive#file",
      "id": "19MBvidwVNovO-p11MHg7W-alwN4TyaKU",
      "name": "ticket-162-3.0.0-9ea887fe.apk",
      "mimeType": "application/vnd.android.package-archive",
      "starred": false,
      "trashed": false,
      "explicitlyTrashed": false,
      "parents": [
        "0ACDi02V-dEkAUk9PVA"
      ],
      "spaces": [
        "drive"
      ],
      "version": "6",
      "webContentLink": "https://drive.google.com/uc?id=19MBvidwVNovO-p11MHg7W-alwN4TyaKU&export=download",
      "webViewLink": "https://drive.google.com/file/d/19MBvidwVNovO-p11MHg7W-alwN4TyaKU/view?usp=drivesdk",
      "iconLink": "https://drive-thirdparty.googleusercontent.com/16/type/application/vnd.android.package-archive",
      "hasThumbnail": false,
      "thumbnailVersion": "0",
      "viewedByMe": false,
      "createdTime": "2022-01-14T08:03:36.346Z",
      "modifiedTime": "2022-01-14T08:03:36.346Z",
      "modifiedByMeTime": "2022-01-14T08:03:36.346Z",
      "modifiedByMe": true,
      "owners": [
        {
          "kind": "drive#user",
          "displayName": "fastlane-android-apk@mythic-display-237310.iam.gserviceaccount.com",
          "photoLink": "https://lh3.googleusercontent.com/a/default-user=s64",
          "me": true,
          "permissionId": "06941688514420538122",
          "emailAddress": "fastlane-android-apk@mythic-display-237310.iam.gserviceaccount.com"
        }
      ],
      "lastModifyingUser": {
        "kind": "drive#user",
        "displayName": "fastlane-android-apk@mythic-display-237310.iam.gserviceaccount.com",
        "photoLink": "https://lh3.googleusercontent.com/a/default-user=s64",
        "me": true,
        "permissionId": "06941688514420538122",
        "emailAddress": "fastlane-android-apk@mythic-display-237310.iam.gserviceaccount.com"
      },
      "shared": false,
      "ownedByMe": true,
      "capabilities": {
        "canAcceptOwnership": false,
        "canAddChildren": false,
        "canAddMyDriveParent": false,
        "canChangeCopyRequiresWriterPermission": true,
        "canChangeSecurityUpdateEnabled": false,
        "canChangeViewersCanCopyContent": true,
        "canComment": true,
        "canCopy": true,
        "canDelete": true,
        "canDownload": true,
        "canEdit": true,
        "canListChildren": false,
        "canModifyContent": true,
        "canModifyLabels": false,
        "canMoveChildrenWithinDrive": false,
        "canMoveItemIntoTeamDrive": true,
        "canMoveItemOutOfDrive": true,
        "canMoveItemWithinDrive": true,
        "canReadLabels": false,
        "canReadRevisions": true,
        "canRemoveChildren": false,
        "canRemoveMyDriveParent": true,
        "canRename": true,
        "canShare": true,
        "canTrash": true,
        "canUntrash": true
      },
      "viewersCanCopyContent": true,
      "copyRequiresWriterPermission": false,
      "writersCanShare": true,
      "permissions": [
        {
          "kind": "drive#permission",
          "id": "06941688514420538122",
          "type": "user",
          "emailAddress": "fastlane-android-apk@mythic-display-237310.iam.gserviceaccount.com",
          "role": "owner",
          "displayName": "fastlane-android-apk@mythic-display-237310.iam.gserviceaccount.com",
          "photoLink": "https://lh3.googleusercontent.com/a/default-user=s64",
          "deleted": false,
          "pendingOwner": false
        }
      ],
      "permissionIds": [
        "06941688514420538122"
      ],
      "originalFilename": "ticket-162-3.0.0-9ea887fe.apk",
      "fullFileExtension": "0-9ea887fe.apk",
      "fileExtension": "apk",
      "md5Checksum": "4533bbec35d0148f50845358f90ee91b",
      "size": "62732970",
      "quotaBytesUsed": "62732970",
      "headRevisionId": "0ByDi02V-dEkAZ1lTYWVIV05MK3NuNUpvUk94cTdPY3hBMVkwPQ",
      "isAppAuthorized": true,
      "linkShareMetadata": {
        "securityUpdateEligible": false,
        "securityUpdateEnabled": true
      }
    },
    {
      "kind": "drive#file",
      "id": "1zPsJJkV8G5FVP3nB5ERRsf4KahNAT3X2",
      "name": "ticket-275-3.0.0-965d52e0.apk",
      "mimeType": "application/vnd.android.package-archive",
      "starred": false,
      "trashed": false,
      "explicitlyTrashed": false,
      "parents": [
        "0ACDi02V-dEkAUk9PVA"
      ],
      "spaces": [
        "drive"
      ],
      "version": "5",
      "webContentLink": "https://drive.google.com/uc?id=1zPsJJkV8G5FVP3nB5ERRsf4KahNAT3X2&export=download",
      "webViewLink": "https://drive.google.com/file/d/1zPsJJkV8G5FVP3nB5ERRsf4KahNAT3X2/view?usp=drivesdk",
      "iconLink": "https://drive-thirdparty.googleusercontent.com/16/type/application/vnd.android.package-archive",
      "hasThumbnail": false,
      "thumbnailVersion": "0",
      "viewedByMe": false,
      "createdTime": "2022-01-14T09:17:01.379Z",
      "modifiedTime": "2022-01-14T09:17:01.379Z",
      "modifiedByMeTime": "2022-01-14T09:17:01.379Z",
      "modifiedByMe": true,
      "owners": [
        {
          "kind": "drive#user",
          "displayName": "fastlane-android-apk@mythic-display-237310.iam.gserviceaccount.com",
          "photoLink": "https://lh3.googleusercontent.com/a/default-user=s64",
          "me": true,
          "permissionId": "06941688514420538122",
          "emailAddress": "fastlane-android-apk@mythic-display-237310.iam.gserviceaccount.com"
        }
      ],
      "lastModifyingUser": {
        "kind": "drive#user",
        "displayName": "fastlane-android-apk@mythic-display-237310.iam.gserviceaccount.com",
        "photoLink": "https://lh3.googleusercontent.com/a/default-user=s64",
        "me": true,
        "permissionId": "06941688514420538122",
        "emailAddress": "fastlane-android-apk@mythic-display-237310.iam.gserviceaccount.com"
      },
      "shared": false,
      "ownedByMe": true,
      "capabilities": {
        "canAcceptOwnership": false,
        "canAddChildren": false,
        "canAddMyDriveParent": false,
        "canChangeCopyRequiresWriterPermission": true,
        "canChangeSecurityUpdateEnabled": false,
        "canChangeViewersCanCopyContent": true,
        "canComment": true,
        "canCopy": true,
        "canDelete": true,
        "canDownload": true,
        "canEdit": true,
        "canListChildren": false,
        "canModifyContent": true,
        "canModifyLabels": false,
        "canMoveChildrenWithinDrive": false,
        "canMoveItemIntoTeamDrive": true,
        "canMoveItemOutOfDrive": true,
        "canMoveItemWithinDrive": true,
        "canReadLabels": false,
        "canReadRevisions": true,
        "canRemoveChildren": false,
        "canRemoveMyDriveParent": true,
        "canRename": true,
        "canShare": true,
        "canTrash": true,
        "canUntrash": true
      },
      "viewersCanCopyContent": true,
      "copyRequiresWriterPermission": false,
      "writersCanShare": true,
      "permissions": [
        {
          "kind": "drive#permission",
          "id": "06941688514420538122",
          "type": "user",
          "emailAddress": "fastlane-android-apk@mythic-display-237310.iam.gserviceaccount.com",
          "role": "owner",
          "displayName": "fastlane-android-apk@mythic-display-237310.iam.gserviceaccount.com",
          "photoLink": "https://lh3.googleusercontent.com/a/default-user=s64",
          "deleted": false,
          "pendingOwner": false
        }
      ],
      "permissionIds": [
        "06941688514420538122"
      ],
      "originalFilename": "ticket-275-3.0.0-965d52e0.apk",
      "fullFileExtension": "0-965d52e0.apk",
      "fileExtension": "apk",
      "md5Checksum": "8ccbf766ec999c878773cee1f3723698",
      "size": "61646906",
      "quotaBytesUsed": "61646906",
      "headRevisionId": "0ByDi02V-dEkAM3JLRHJCRlBFYi9ZZTArYkR0SHB5TExmRm5NPQ",
      "isAppAuthorized": true,
      "linkShareMetadata": {
        "securityUpdateEligible": false,
        "securityUpdateEnabled": true
      }
    },
    {
      "kind": "drive#file",
      "id": "1hM6CiTxV8AvpuP2n_xx3bHuOQGW25M9q",
      "name": "ticket-282-3.0.0-81013f31.apk",
      "mimeType": "application/vnd.android.package-archive",
      "starred": false,
      "trashed": false,
      "explicitlyTrashed": false,
      "parents": [
        "1N3PmrCeFkRRSD4TGLO3YPW9dOU23zFHs"
      ],
      "spaces": [
        "drive"
      ],
      "version": "4",
      "webContentLink": "https://drive.google.com/uc?id=1hM6CiTxV8AvpuP2n_xx3bHuOQGW25M9q&export=download",
      "webViewLink": "https://drive.google.com/file/d/1hM6CiTxV8AvpuP2n_xx3bHuOQGW25M9q/view?usp=drivesdk",
      "iconLink": "https://drive-thirdparty.googleusercontent.com/16/type/application/vnd.android.package-archive",
      "hasThumbnail": false,
      "thumbnailVersion": "0",
      "viewedByMe": false,
      "createdTime": "2022-01-17T09:08:51.896Z",
      "modifiedTime": "2022-01-17T09:08:51.896Z",
      "modifiedByMeTime": "2022-01-17T09:08:51.896Z",
      "modifiedByMe": true,
      "owners": [
        {
          "kind": "drive#user",
          "displayName": "fastlane-android-apk@mythic-display-237310.iam.gserviceaccount.com",
          "photoLink": "https://lh3.googleusercontent.com/a/default-user=s64",
          "me": true,
          "permissionId": "06941688514420538122",
          "emailAddress": "fastlane-android-apk@mythic-display-237310.iam.gserviceaccount.com"
        }
      ],
      "lastModifyingUser": {
        "kind": "drive#user",
        "displayName": "fastlane-android-apk@mythic-display-237310.iam.gserviceaccount.com",
        "photoLink": "https://lh3.googleusercontent.com/a/default-user=s64",
        "me": true,
        "permissionId": "06941688514420538122",
        "emailAddress": "fastlane-android-apk@mythic-display-237310.iam.gserviceaccount.com"
      },
      "shared": true,
      "ownedByMe": true,
      "capabilities": {
        "canAcceptOwnership": false,
        "canAddChildren": false,
        "canAddMyDriveParent": false,
        "canChangeCopyRequiresWriterPermission": true,
        "canChangeSecurityUpdateEnabled": false,
        "canChangeViewersCanCopyContent": true,
        "canComment": true,
        "canCopy": true,
        "canDelete": true,
        "canDownload": true,
        "canEdit": true,
        "canListChildren": false,
        "canModifyContent": true,
        "canModifyLabels": false,
        "canMoveChildrenWithinDrive": false,
        "canMoveItemIntoTeamDrive": true,
        "canMoveItemOutOfDrive": true,
        "canMoveItemWithinDrive": true,
        "canReadLabels": false,
        "canReadRevisions": true,
        "canRemoveChildren": false,
        "canRemoveMyDriveParent": true,
        "canRename": true,
        "canShare": true,
        "canTrash": true,
        "canUntrash": true
      },
      "viewersCanCopyContent": true,
      "copyRequiresWriterPermission": false,
      "writersCanShare": true,
      "permissions": [
        {
          "kind": "drive#permission",
          "id": "15924969308100435788",
          "type": "user",
          "emailAddress": "vinh.thieu@antbuddy.com",
          "role": "writer",
          "displayName": "Vinh Thieu Quang",
          "photoLink": "https://lh3.googleusercontent.com/a-/AFdZucpYOGt2Om1Y9j-rbCpskN6xbI7bfsLL6Pq5dNGQyg=s64",
          "deleted": false,
          "pendingOwner": false
        },
        {
          "kind": "drive#permission",
          "id": "17303972415997736298k",
          "type": "domain",
          "domain": "antbuddy.com",
          "role": "writer",
          "allowFileDiscovery": false,
          "displayName": "AntBuddy"
        },
        {
          "kind": "drive#permission",
          "id": "06941688514420538122",
          "type": "user",
          "emailAddress": "fastlane-android-apk@mythic-display-237310.iam.gserviceaccount.com",
          "role": "owner",
          "displayName": "fastlane-android-apk@mythic-display-237310.iam.gserviceaccount.com",
          "photoLink": "https://lh3.googleusercontent.com/a/default-user=s64",
          "deleted": false,
          "pendingOwner": false
        }
      ],
      "permissionIds": [
        "15924969308100435788",
        "17303972415997736298k",
        "06941688514420538122"
      ],
      "originalFilename": "ticket-282-3.0.0-81013f31.apk",
      "fullFileExtension": "0-81013f31.apk",
      "fileExtension": "apk",
      "md5Checksum": "5b086cd867e9ac87322353b09180bc08",
      "size": "62735285",
      "quotaBytesUsed": "62735285",
      "headRevisionId": "0ByDi02V-dEkANXZLem00MXlqZkkzTHRnTFlJa3RtcHZudmU4PQ",
      "isAppAuthorized": true,
      "linkShareMetadata": {
        "securityUpdateEligible": false,
        "securityUpdateEnabled": true
      }
    },
    {
      "kind": "drive#file",
      "id": "1JZNM8jORvtPh6iUIScDKVv_rn2HJhivM",
      "name": "ticket-283-3.0.0-a0369ff7.apk",
      "mimeType": "application/vnd.android.package-archive",
      "starred": false,
      "trashed": false,
      "explicitlyTrashed": false,
      "parents": [
        "1N3PmrCeFkRRSD4TGLO3YPW9dOU23zFHs"
      ],
      "spaces": [
        "drive"
      ],
      "version": "5",
      "webContentLink": "https://drive.google.com/uc?id=1JZNM8jORvtPh6iUIScDKVv_rn2HJhivM&export=download",
      "webViewLink": "https://drive.google.com/file/d/1JZNM8jORvtPh6iUIScDKVv_rn2HJhivM/view?usp=drivesdk",
      "iconLink": "https://drive-thirdparty.googleusercontent.com/16/type/application/vnd.android.package-archive",
      "hasThumbnail": false,
      "thumbnailVersion": "0",
      "viewedByMe": false,
      "createdTime": "2022-01-17T10:05:34.571Z",
      "modifiedTime": "2022-01-17T10:05:34.571Z",
      "modifiedByMeTime": "2022-01-17T10:05:34.571Z",
      "modifiedByMe": true,
      "owners": [
        {
          "kind": "drive#user",
          "displayName": "fastlane-android-apk@mythic-display-237310.iam.gserviceaccount.com",
          "photoLink": "https://lh3.googleusercontent.com/a/default-user=s64",
          "me": true,
          "permissionId": "06941688514420538122",
          "emailAddress": "fastlane-android-apk@mythic-display-237310.iam.gserviceaccount.com"
        }
      ],
      "lastModifyingUser": {
        "kind": "drive#user",
        "displayName": "fastlane-android-apk@mythic-display-237310.iam.gserviceaccount.com",
        "photoLink": "https://lh3.googleusercontent.com/a/default-user=s64",
        "me": true,
        "permissionId": "06941688514420538122",
        "emailAddress": "fastlane-android-apk@mythic-display-237310.iam.gserviceaccount.com"
      },
      "shared": true,
      "ownedByMe": true,
      "capabilities": {
        "canAcceptOwnership": false,
        "canAddChildren": false,
        "canAddMyDriveParent": false,
        "canChangeCopyRequiresWriterPermission": true,
        "canChangeSecurityUpdateEnabled": false,
        "canChangeViewersCanCopyContent": true,
        "canComment": true,
        "canCopy": true,
        "canDelete": true,
        "canDownload": true,
        "canEdit": true,
        "canListChildren": false,
        "canModifyContent": true,
        "canModifyLabels": false,
        "canMoveChildrenWithinDrive": false,
        "canMoveItemIntoTeamDrive": true,
        "canMoveItemOutOfDrive": true,
        "canMoveItemWithinDrive": true,
        "canReadLabels": false,
        "canReadRevisions": true,
        "canRemoveChildren": false,
        "canRemoveMyDriveParent": true,
        "canRename": true,
        "canShare": true,
        "canTrash": true,
        "canUntrash": true
      },
      "viewersCanCopyContent": true,
      "copyRequiresWriterPermission": false,
      "writersCanShare": true,
      "permissions": [
        {
          "kind": "drive#permission",
          "id": "15924969308100435788",
          "type": "user",
          "emailAddress": "vinh.thieu@antbuddy.com",
          "role": "writer",
          "displayName": "Vinh Thieu Quang",
          "photoLink": "https://lh3.googleusercontent.com/a-/AFdZucpYOGt2Om1Y9j-rbCpskN6xbI7bfsLL6Pq5dNGQyg=s64",
          "deleted": false,
          "pendingOwner": false
        },
        {
          "kind": "drive#permission",
          "id": "17303972415997736298k",
          "type": "domain",
          "domain": "antbuddy.com",
          "role": "writer",
          "allowFileDiscovery": false,
          "displayName": "AntBuddy"
        },
        {
          "kind": "drive#permission",
          "id": "06941688514420538122",
          "type": "user",
          "emailAddress": "fastlane-android-apk@mythic-display-237310.iam.gserviceaccount.com",
          "role": "owner",
          "displayName": "fastlane-android-apk@mythic-display-237310.iam.gserviceaccount.com",
          "photoLink": "https://lh3.googleusercontent.com/a/default-user=s64",
          "deleted": false,
          "pendingOwner": false
        }
      ],
      "permissionIds": [
        "15924969308100435788",
        "17303972415997736298k",
        "06941688514420538122"
      ],
      "originalFilename": "ticket-283-3.0.0-a0369ff7.apk",
      "fullFileExtension": "0-a0369ff7.apk",
      "fileExtension": "apk",
      "md5Checksum": "f5b5e1cb351aa754a8f67cfbe0ac7440",
      "size": "62735683",
      "quotaBytesUsed": "62735683",
      "headRevisionId": "0ByDi02V-dEkATW95YzlPL2NIbGRxWWhrcjNTcTliQ3BhT05jPQ",
      "isAppAuthorized": true,
      "linkShareMetadata": {
        "securityUpdateEligible": false,
        "securityUpdateEnabled": true
      }
    },
    {
      "kind": "drive#file",
      "id": "1qU7iKyO4CqDtSteZsAoKoOq1qWb-KaCU",
      "name": "ticket-282-3.0.0-fd8138e9.apk",
      "mimeType": "application/vnd.android.package-archive",
      "starred": false,
      "trashed": false,
      "explicitlyTrashed": false,
      "parents": [
        "1N3PmrCeFkRRSD4TGLO3YPW9dOU23zFHs"
      ],
      "spaces": [
        "drive"
      ],
      "version": "4",
      "webContentLink": "https://drive.google.com/uc?id=1qU7iKyO4CqDtSteZsAoKoOq1qWb-KaCU&export=download",
      "webViewLink": "https://drive.google.com/file/d/1qU7iKyO4CqDtSteZsAoKoOq1qWb-KaCU/view?usp=drivesdk",
      "iconLink": "https://drive-thirdparty.googleusercontent.com/16/type/application/vnd.android.package-archive",
      "hasThumbnail": false,
      "thumbnailVersion": "0",
      "viewedByMe": false,
      "createdTime": "2022-01-18T03:00:37.647Z",
      "modifiedTime": "2022-01-18T03:00:37.647Z",
      "modifiedByMeTime": "2022-01-18T03:00:37.647Z",
      "modifiedByMe": true,
      "owners": [
        {
          "kind": "drive#user",
          "displayName": "fastlane-android-apk@mythic-display-237310.iam.gserviceaccount.com",
          "photoLink": "https://lh3.googleusercontent.com/a/default-user=s64",
          "me": true,
          "permissionId": "06941688514420538122",
          "emailAddress": "fastlane-android-apk@mythic-display-237310.iam.gserviceaccount.com"
        }
      ],
      "lastModifyingUser": {
        "kind": "drive#user",
        "displayName": "fastlane-android-apk@mythic-display-237310.iam.gserviceaccount.com",
        "photoLink": "https://lh3.googleusercontent.com/a/default-user=s64",
        "me": true,
        "permissionId": "06941688514420538122",
        "emailAddress": "fastlane-android-apk@mythic-display-237310.iam.gserviceaccount.com"
      },
      "shared": true,
      "ownedByMe": true,
      "capabilities": {
        "canAcceptOwnership": false,
        "canAddChildren": false,
        "canAddMyDriveParent": false,
        "canChangeCopyRequiresWriterPermission": true,
        "canChangeSecurityUpdateEnabled": false,
        "canChangeViewersCanCopyContent": true,
        "canComment": true,
        "canCopy": true,
        "canDelete": true,
        "canDownload": true,
        "canEdit": true,
        "canListChildren": false,
        "canModifyContent": true,
        "canModifyLabels": false,
        "canMoveChildrenWithinDrive": false,
        "canMoveItemIntoTeamDrive": true,
        "canMoveItemOutOfDrive": true,
        "canMoveItemWithinDrive": true,
        "canReadLabels": false,
        "canReadRevisions": true,
        "canRemoveChildren": false,
        "canRemoveMyDriveParent": true,
        "canRename": true,
        "canShare": true,
        "canTrash": true,
        "canUntrash": true
      },
      "viewersCanCopyContent": true,
      "copyRequiresWriterPermission": false,
      "writersCanShare": true,
      "permissions": [
        {
          "kind": "drive#permission",
          "id": "15924969308100435788",
          "type": "user",
          "emailAddress": "vinh.thieu@antbuddy.com",
          "role": "writer",
          "displayName": "Vinh Thieu Quang",
          "photoLink": "https://lh3.googleusercontent.com/a-/AFdZucpYOGt2Om1Y9j-rbCpskN6xbI7bfsLL6Pq5dNGQyg=s64",
          "deleted": false,
          "pendingOwner": false
        },
        {
          "kind": "drive#permission",
          "id": "17303972415997736298k",
          "type": "domain",
          "domain": "antbuddy.com",
          "role": "writer",
          "allowFileDiscovery": false,
          "displayName": "AntBuddy"
        },
        {
          "kind": "drive#permission",
          "id": "06941688514420538122",
          "type": "user",
          "emailAddress": "fastlane-android-apk@mythic-display-237310.iam.gserviceaccount.com",
          "role": "owner",
          "displayName": "fastlane-android-apk@mythic-display-237310.iam.gserviceaccount.com",
          "photoLink": "https://lh3.googleusercontent.com/a/default-user=s64",
          "deleted": false,
          "pendingOwner": false
        }
      ],
      "permissionIds": [
        "15924969308100435788",
        "17303972415997736298k",
        "06941688514420538122"
      ],
      "originalFilename": "ticket-282-3.0.0-fd8138e9.apk",
      "fullFileExtension": "0-fd8138e9.apk",
      "fileExtension": "apk",
      "md5Checksum": "8c0344160815b31cdaea36aa187accfb",
      "size": "62735312",
      "quotaBytesUsed": "62735312",
      "headRevisionId": "0ByDi02V-dEkAMjFxNk9YTmtLYlprRENZSmNycHJZWDEycnNFPQ",
      "isAppAuthorized": true,
      "linkShareMetadata": {
        "securityUpdateEligible": false,
        "securityUpdateEnabled": true
      }
    },
    {
      "kind": "drive#file",
      "id": "1oql3fT6YIHJOwssT-rjd1syu5KJeqP7w",
      "name": "ticket-282-3.0.0-2b3e7486.apk",
      "mimeType": "application/vnd.android.package-archive",
      "starred": false,
      "trashed": false,
      "explicitlyTrashed": false,
      "parents": [
        "1N3PmrCeFkRRSD4TGLO3YPW9dOU23zFHs"
      ],
      "spaces": [
        "drive"
      ],
      "version": "5",
      "webContentLink": "https://drive.google.com/uc?id=1oql3fT6YIHJOwssT-rjd1syu5KJeqP7w&export=download",
      "webViewLink": "https://drive.google.com/file/d/1oql3fT6YIHJOwssT-rjd1syu5KJeqP7w/view?usp=drivesdk",
      "iconLink": "https://drive-thirdparty.googleusercontent.com/16/type/application/vnd.android.package-archive",
      "hasThumbnail": false,
      "thumbnailVersion": "0",
      "viewedByMe": false,
      "createdTime": "2022-01-18T03:30:13.112Z",
      "modifiedTime": "2022-01-18T03:30:13.112Z",
      "modifiedByMeTime": "2022-01-18T03:30:13.112Z",
      "modifiedByMe": true,
      "owners": [
        {
          "kind": "drive#user",
          "displayName": "fastlane-android-apk@mythic-display-237310.iam.gserviceaccount.com",
          "photoLink": "https://lh3.googleusercontent.com/a/default-user=s64",
          "me": true,
          "permissionId": "06941688514420538122",
          "emailAddress": "fastlane-android-apk@mythic-display-237310.iam.gserviceaccount.com"
        }
      ],
      "lastModifyingUser": {
        "kind": "drive#user",
        "displayName": "fastlane-android-apk@mythic-display-237310.iam.gserviceaccount.com",
        "photoLink": "https://lh3.googleusercontent.com/a/default-user=s64",
        "me": true,
        "permissionId": "06941688514420538122",
        "emailAddress": "fastlane-android-apk@mythic-display-237310.iam.gserviceaccount.com"
      },
      "shared": true,
      "ownedByMe": true,
      "capabilities": {
        "canAcceptOwnership": false,
        "canAddChildren": false,
        "canAddMyDriveParent": false,
        "canChangeCopyRequiresWriterPermission": true,
        "canChangeSecurityUpdateEnabled": false,
        "canChangeViewersCanCopyContent": true,
        "canComment": true,
        "canCopy": true,
        "canDelete": true,
        "canDownload": true,
        "canEdit": true,
        "canListChildren": false,
        "canModifyContent": true,
        "canModifyLabels": false,
        "canMoveChildrenWithinDrive": false,
        "canMoveItemIntoTeamDrive": true,
        "canMoveItemOutOfDrive": true,
        "canMoveItemWithinDrive": true,
        "canReadLabels": false,
        "canReadRevisions": true,
        "canRemoveChildren": false,
        "canRemoveMyDriveParent": true,
        "canRename": true,
        "canShare": true,
        "canTrash": true,
        "canUntrash": true
      },
      "viewersCanCopyContent": true,
      "copyRequiresWriterPermission": false,
      "writersCanShare": true,
      "permissions": [
        {
          "kind": "drive#permission",
          "id": "15924969308100435788",
          "type": "user",
          "emailAddress": "vinh.thieu@antbuddy.com",
          "role": "writer",
          "displayName": "Vinh Thieu Quang",
          "photoLink": "https://lh3.googleusercontent.com/a-/AFdZucpYOGt2Om1Y9j-rbCpskN6xbI7bfsLL6Pq5dNGQyg=s64",
          "deleted": false,
          "pendingOwner": false
        },
        {
          "kind": "drive#permission",
          "id": "17303972415997736298k",
          "type": "domain",
          "domain": "antbuddy.com",
          "role": "writer",
          "allowFileDiscovery": false,
          "displayName": "AntBuddy"
        },
        {
          "kind": "drive#permission",
          "id": "06941688514420538122",
          "type": "user",
          "emailAddress": "fastlane-android-apk@mythic-display-237310.iam.gserviceaccount.com",
          "role": "owner",
          "displayName": "fastlane-android-apk@mythic-display-237310.iam.gserviceaccount.com",
          "photoLink": "https://lh3.googleusercontent.com/a/default-user=s64",
          "deleted": false,
          "pendingOwner": false
        }
      ],
      "permissionIds": [
        "15924969308100435788",
        "17303972415997736298k",
        "06941688514420538122"
      ],
      "originalFilename": "ticket-282-3.0.0-2b3e7486.apk",
      "fullFileExtension": "0-2b3e7486.apk",
      "fileExtension": "apk",
      "md5Checksum": "9de9fb13db41284b9c78c6c3dcc95ca6",
      "size": "62735618",
      "quotaBytesUsed": "62735618",
      "headRevisionId": "0ByDi02V-dEkASnV3VzFsMTRqdjd6Q09CU0F0eHNhWU1oaTFRPQ",
      "isAppAuthorized": true,
      "linkShareMetadata": {
        "securityUpdateEligible": false,
        "securityUpdateEnabled": true
      }
    },
    {
      "kind": "drive#file",
      "id": "1e-TfZWMDpV0vjiO3d0oMH9Yzu3WtXzHY",
      "name": "ticket-282-3.0.0-37fcf68e.apk",
      "mimeType": "application/vnd.android.package-archive",
      "starred": false,
      "trashed": false,
      "explicitlyTrashed": false,
      "parents": [
        "1N3PmrCeFkRRSD4TGLO3YPW9dOU23zFHs"
      ],
      "spaces": [
        "drive"
      ],
      "version": "4",
      "webContentLink": "https://drive.google.com/uc?id=1e-TfZWMDpV0vjiO3d0oMH9Yzu3WtXzHY&export=download",
      "webViewLink": "https://drive.google.com/file/d/1e-TfZWMDpV0vjiO3d0oMH9Yzu3WtXzHY/view?usp=drivesdk",
      "iconLink": "https://drive-thirdparty.googleusercontent.com/16/type/application/vnd.android.package-archive",
      "hasThumbnail": false,
      "thumbnailVersion": "0",
      "viewedByMe": false,
      "createdTime": "2022-01-18T07:53:10.081Z",
      "modifiedTime": "2022-01-18T07:53:10.081Z",
      "modifiedByMeTime": "2022-01-18T07:53:10.081Z",
      "modifiedByMe": true,
      "owners": [
        {
          "kind": "drive#user",
          "displayName": "fastlane-android-apk@mythic-display-237310.iam.gserviceaccount.com",
          "photoLink": "https://lh3.googleusercontent.com/a/default-user=s64",
          "me": true,
          "permissionId": "06941688514420538122",
          "emailAddress": "fastlane-android-apk@mythic-display-237310.iam.gserviceaccount.com"
        }
      ],
      "lastModifyingUser": {
        "kind": "drive#user",
        "displayName": "fastlane-android-apk@mythic-display-237310.iam.gserviceaccount.com",
        "photoLink": "https://lh3.googleusercontent.com/a/default-user=s64",
        "me": true,
        "permissionId": "06941688514420538122",
        "emailAddress": "fastlane-android-apk@mythic-display-237310.iam.gserviceaccount.com"
      },
      "shared": true,
      "ownedByMe": true,
      "capabilities": {
        "canAcceptOwnership": false,
        "canAddChildren": false,
        "canAddMyDriveParent": false,
        "canChangeCopyRequiresWriterPermission": true,
        "canChangeSecurityUpdateEnabled": false,
        "canChangeViewersCanCopyContent": true,
        "canComment": true,
        "canCopy": true,
        "canDelete": true,
        "canDownload": true,
        "canEdit": true,
        "canListChildren": false,
        "canModifyContent": true,
        "canModifyLabels": false,
        "canMoveChildrenWithinDrive": false,
        "canMoveItemIntoTeamDrive": true,
        "canMoveItemOutOfDrive": true,
        "canMoveItemWithinDrive": true,
        "canReadLabels": false,
        "canReadRevisions": true,
        "canRemoveChildren": false,
        "canRemoveMyDriveParent": true,
        "canRename": true,
        "canShare": true,
        "canTrash": true,
        "canUntrash": true
      },
      "viewersCanCopyContent": true,
      "copyRequiresWriterPermission": false,
      "writersCanShare": true,
      "permissions": [
        {
          "kind": "drive#permission",
          "id": "15924969308100435788",
          "type": "user",
          "emailAddress": "vinh.thieu@antbuddy.com",
          "role": "writer",
          "displayName": "Vinh Thieu Quang",
          "photoLink": "https://lh3.googleusercontent.com/a-/AFdZucpYOGt2Om1Y9j-rbCpskN6xbI7bfsLL6Pq5dNGQyg=s64",
          "deleted": false,
          "pendingOwner": false
        },
        {
          "kind": "drive#permission",
          "id": "17303972415997736298k",
          "type": "domain",
          "domain": "antbuddy.com",
          "role": "writer",
          "allowFileDiscovery": false,
          "displayName": "AntBuddy"
        },
        {
          "kind": "drive#permission",
          "id": "06941688514420538122",
          "type": "user",
          "emailAddress": "fastlane-android-apk@mythic-display-237310.iam.gserviceaccount.com",
          "role": "owner",
          "displayName": "fastlane-android-apk@mythic-display-237310.iam.gserviceaccount.com",
          "photoLink": "https://lh3.googleusercontent.com/a/default-user=s64",
          "deleted": false,
          "pendingOwner": false
        }
      ],
      "permissionIds": [
        "15924969308100435788",
        "17303972415997736298k",
        "06941688514420538122"
      ],
      "originalFilename": "ticket-282-3.0.0-37fcf68e.apk",
      "fullFileExtension": "0-37fcf68e.apk",
      "fileExtension": "apk",
      "md5Checksum": "8fe7c2adc687c9d1dfcfb7615f06fb72",
      "size": "62735610",
      "quotaBytesUsed": "62735610",
      "headRevisionId": "0ByDi02V-dEkAWmFqSWh6Q3pOMHhaNUVPRXhTSGlScTJWQXhRPQ",
      "isAppAuthorized": true,
      "linkShareMetadata": {
        "securityUpdateEligible": false,
        "securityUpdateEnabled": true
      }
    },
    {
      "kind": "drive#file",
      "id": "1Sq9SdPoblrpqG_yH-I8TJIBRygLn9rDi",
      "name": "ticket-282-3.0.0-ad44ff33.apk",
      "mimeType": "application/vnd.android.package-archive",
      "starred": false,
      "trashed": false,
      "explicitlyTrashed": false,
      "parents": [
        "1N3PmrCeFkRRSD4TGLO3YPW9dOU23zFHs"
      ],
      "spaces": [
        "drive"
      ],
      "version": "4",
      "webContentLink": "https://drive.google.com/uc?id=1Sq9SdPoblrpqG_yH-I8TJIBRygLn9rDi&export=download",
      "webViewLink": "https://drive.google.com/file/d/1Sq9SdPoblrpqG_yH-I8TJIBRygLn9rDi/view?usp=drivesdk",
      "iconLink": "https://drive-thirdparty.googleusercontent.com/16/type/application/vnd.android.package-archive",
      "hasThumbnail": false,
      "thumbnailVersion": "0",
      "viewedByMe": false,
      "createdTime": "2022-01-19T03:03:44.588Z",
      "modifiedTime": "2022-01-19T03:03:44.588Z",
      "modifiedByMeTime": "2022-01-19T03:03:44.588Z",
      "modifiedByMe": true,
      "owners": [
        {
          "kind": "drive#user",
          "displayName": "fastlane-android-apk@mythic-display-237310.iam.gserviceaccount.com",
          "photoLink": "https://lh3.googleusercontent.com/a/default-user=s64",
          "me": true,
          "permissionId": "06941688514420538122",
          "emailAddress": "fastlane-android-apk@mythic-display-237310.iam.gserviceaccount.com"
        }
      ],
      "lastModifyingUser": {
        "kind": "drive#user",
        "displayName": "fastlane-android-apk@mythic-display-237310.iam.gserviceaccount.com",
        "photoLink": "https://lh3.googleusercontent.com/a/default-user=s64",
        "me": true,
        "permissionId": "06941688514420538122",
        "emailAddress": "fastlane-android-apk@mythic-display-237310.iam.gserviceaccount.com"
      },
      "shared": true,
      "ownedByMe": true,
      "capabilities": {
        "canAcceptOwnership": false,
        "canAddChildren": false,
        "canAddMyDriveParent": false,
        "canChangeCopyRequiresWriterPermission": true,
        "canChangeSecurityUpdateEnabled": false,
        "canChangeViewersCanCopyContent": true,
        "canComment": true,
        "canCopy": true,
        "canDelete": true,
        "canDownload": true,
        "canEdit": true,
        "canListChildren": false,
        "canModifyContent": true,
        "canModifyLabels": false,
        "canMoveChildrenWithinDrive": false,
        "canMoveItemIntoTeamDrive": true,
        "canMoveItemOutOfDrive": true,
        "canMoveItemWithinDrive": true,
        "canReadLabels": false,
        "canReadRevisions": true,
        "canRemoveChildren": false,
        "canRemoveMyDriveParent": true,
        "canRename": true,
        "canShare": true,
        "canTrash": true,
        "canUntrash": true
      },
      "viewersCanCopyContent": true,
      "copyRequiresWriterPermission": false,
      "writersCanShare": true,
      "permissions": [
        {
          "kind": "drive#permission",
          "id": "15924969308100435788",
          "type": "user",
          "emailAddress": "vinh.thieu@antbuddy.com",
          "role": "writer",
          "displayName": "Vinh Thieu Quang",
          "photoLink": "https://lh3.googleusercontent.com/a-/AFdZucpYOGt2Om1Y9j-rbCpskN6xbI7bfsLL6Pq5dNGQyg=s64",
          "deleted": false,
          "pendingOwner": false
        },
        {
          "kind": "drive#permission",
          "id": "17303972415997736298k",
          "type": "domain",
          "domain": "antbuddy.com",
          "role": "writer",
          "allowFileDiscovery": false,
          "displayName": "AntBuddy"
        },
        {
          "kind": "drive#permission",
          "id": "06941688514420538122",
          "type": "user",
          "emailAddress": "fastlane-android-apk@mythic-display-237310.iam.gserviceaccount.com",
          "role": "owner",
          "displayName": "fastlane-android-apk@mythic-display-237310.iam.gserviceaccount.com",
          "photoLink": "https://lh3.googleusercontent.com/a/default-user=s64",
          "deleted": false,
          "pendingOwner": false
        }
      ],
      "permissionIds": [
        "15924969308100435788",
        "17303972415997736298k",
        "06941688514420538122"
      ],
      "originalFilename": "ticket-282-3.0.0-ad44ff33.apk",
      "fullFileExtension": "0-ad44ff33.apk",
      "fileExtension": "apk",
      "md5Checksum": "6108ec17be495318bebcadabfb4aecae",
      "size": "62735668",
      "quotaBytesUsed": "62735668",
      "headRevisionId": "0ByDi02V-dEkAOXlVdjBhN0diNEdhUmNOcVFVSVMya2pPRFNnPQ",
      "isAppAuthorized": true,
      "linkShareMetadata": {
        "securityUpdateEligible": false,
        "securityUpdateEnabled": true
      }
    },
    {
      "kind": "drive#file",
      "id": "1mW_upfBr23By5udPqssEo5ck4cUhXLD3",
      "name": "ticket-154-3.0.0-60affe23.apk",
      "mimeType": "application/vnd.android.package-archive",
      "starred": false,
      "trashed": false,
      "explicitlyTrashed": false,
      "parents": [
        "0ACDi02V-dEkAUk9PVA"
      ],
      "spaces": [
        "drive"
      ],
      "version": "5",
      "webContentLink": "https://drive.google.com/uc?id=1mW_upfBr23By5udPqssEo5ck4cUhXLD3&export=download",
      "webViewLink": "https://drive.google.com/file/d/1mW_upfBr23By5udPqssEo5ck4cUhXLD3/view?usp=drivesdk",
      "iconLink": "https://drive-thirdparty.googleusercontent.com/16/type/application/vnd.android.package-archive",
      "hasThumbnail": false,
      "thumbnailVersion": "0",
      "viewedByMe": false,
      "createdTime": "2022-01-19T08:38:38.276Z",
      "modifiedTime": "2022-01-19T08:38:38.276Z",
      "modifiedByMeTime": "2022-01-19T08:38:38.276Z",
      "modifiedByMe": true,
      "owners": [
        {
          "kind": "drive#user",
          "displayName": "fastlane-android-apk@mythic-display-237310.iam.gserviceaccount.com",
          "photoLink": "https://lh3.googleusercontent.com/a/default-user=s64",
          "me": true,
          "permissionId": "06941688514420538122",
          "emailAddress": "fastlane-android-apk@mythic-display-237310.iam.gserviceaccount.com"
        }
      ],
      "lastModifyingUser": {
        "kind": "drive#user",
        "displayName": "fastlane-android-apk@mythic-display-237310.iam.gserviceaccount.com",
        "photoLink": "https://lh3.googleusercontent.com/a/default-user=s64",
        "me": true,
        "permissionId": "06941688514420538122",
        "emailAddress": "fastlane-android-apk@mythic-display-237310.iam.gserviceaccount.com"
      },
      "shared": false,
      "ownedByMe": true,
      "capabilities": {
        "canAcceptOwnership": false,
        "canAddChildren": false,
        "canAddMyDriveParent": false,
        "canChangeCopyRequiresWriterPermission": true,
        "canChangeSecurityUpdateEnabled": false,
        "canChangeViewersCanCopyContent": true,
        "canComment": true,
        "canCopy": true,
        "canDelete": true,
        "canDownload": true,
        "canEdit": true,
        "canListChildren": false,
        "canModifyContent": true,
        "canModifyLabels": false,
        "canMoveChildrenWithinDrive": false,
        "canMoveItemIntoTeamDrive": true,
        "canMoveItemOutOfDrive": true,
        "canMoveItemWithinDrive": true,
        "canReadLabels": false,
        "canReadRevisions": true,
        "canRemoveChildren": false,
        "canRemoveMyDriveParent": true,
        "canRename": true,
        "canShare": true,
        "canTrash": true,
        "canUntrash": true
      },
      "viewersCanCopyContent": true,
      "copyRequiresWriterPermission": false,
      "writersCanShare": true,
      "permissions": [
        {
          "kind": "drive#permission",
          "id": "06941688514420538122",
          "type": "user",
          "emailAddress": "fastlane-android-apk@mythic-display-237310.iam.gserviceaccount.com",
          "role": "owner",
          "displayName": "fastlane-android-apk@mythic-display-237310.iam.gserviceaccount.com",
          "photoLink": "https://lh3.googleusercontent.com/a/default-user=s64",
          "deleted": false,
          "pendingOwner": false
        }
      ],
      "permissionIds": [
        "06941688514420538122"
      ],
      "originalFilename": "ticket-154-3.0.0-60affe23.apk",
      "fullFileExtension": "0-60affe23.apk",
      "fileExtension": "apk",
      "md5Checksum": "1eb38f8a72260087500324356eb32db8",
      "size": "62737504",
      "quotaBytesUsed": "62737504",
      "headRevisionId": "0ByDi02V-dEkAUGRET0RWY2ZOT0hWNUFYbEhSUTdtOEZtUEF3PQ",
      "isAppAuthorized": true,
      "linkShareMetadata": {
        "securityUpdateEligible": false,
        "securityUpdateEnabled": true
      }
    },
    {
      "kind": "drive#file",
      "id": "1_a6W1jVLgYJLiwCnYu5O7RGiU6EPXF5q",
      "name": "ticket-285-3.0.0-489b169a.apk",
      "mimeType": "application/vnd.android.package-archive",
      "starred": false,
      "trashed": false,
      "explicitlyTrashed": false,
      "parents": [
        "1N3PmrCeFkRRSD4TGLO3YPW9dOU23zFHs"
      ],
      "spaces": [
        "drive"
      ],
      "version": "4",
      "webContentLink": "https://drive.google.com/uc?id=1_a6W1jVLgYJLiwCnYu5O7RGiU6EPXF5q&export=download",
      "webViewLink": "https://drive.google.com/file/d/1_a6W1jVLgYJLiwCnYu5O7RGiU6EPXF5q/view?usp=drivesdk",
      "iconLink": "https://drive-thirdparty.googleusercontent.com/16/type/application/vnd.android.package-archive",
      "hasThumbnail": false,
      "thumbnailVersion": "0",
      "viewedByMe": false,
      "createdTime": "2022-01-24T13:04:38.687Z",
      "modifiedTime": "2022-01-24T13:04:38.687Z",
      "modifiedByMeTime": "2022-01-24T13:04:38.687Z",
      "modifiedByMe": true,
      "owners": [
        {
          "kind": "drive#user",
          "displayName": "fastlane-android-apk@mythic-display-237310.iam.gserviceaccount.com",
          "photoLink": "https://lh3.googleusercontent.com/a/default-user=s64",
          "me": true,
          "permissionId": "06941688514420538122",
          "emailAddress": "fastlane-android-apk@mythic-display-237310.iam.gserviceaccount.com"
        }
      ],
      "lastModifyingUser": {
        "kind": "drive#user",
        "displayName": "fastlane-android-apk@mythic-display-237310.iam.gserviceaccount.com",
        "photoLink": "https://lh3.googleusercontent.com/a/default-user=s64",
        "me": true,
        "permissionId": "06941688514420538122",
        "emailAddress": "fastlane-android-apk@mythic-display-237310.iam.gserviceaccount.com"
      },
      "shared": true,
      "ownedByMe": true,
      "capabilities": {
        "canAcceptOwnership": false,
        "canAddChildren": false,
        "canAddMyDriveParent": false,
        "canChangeCopyRequiresWriterPermission": true,
        "canChangeSecurityUpdateEnabled": false,
        "canChangeViewersCanCopyContent": true,
        "canComment": true,
        "canCopy": true,
        "canDelete": true,
        "canDownload": true,
        "canEdit": true,
        "canListChildren": false,
        "canModifyContent": true,
        "canModifyLabels": false,
        "canMoveChildrenWithinDrive": false,
        "canMoveItemIntoTeamDrive": true,
        "canMoveItemOutOfDrive": true,
        "canMoveItemWithinDrive": true,
        "canReadLabels": false,
        "canReadRevisions": true,
        "canRemoveChildren": false,
        "canRemoveMyDriveParent": true,
        "canRename": true,
        "canShare": true,
        "canTrash": true,
        "canUntrash": true
      },
      "viewersCanCopyContent": true,
      "copyRequiresWriterPermission": false,
      "writersCanShare": true,
      "permissions": [
        {
          "kind": "drive#permission",
          "id": "15924969308100435788",
          "type": "user",
          "emailAddress": "vinh.thieu@antbuddy.com",
          "role": "writer",
          "displayName": "Vinh Thieu Quang",
          "photoLink": "https://lh3.googleusercontent.com/a-/AFdZucpYOGt2Om1Y9j-rbCpskN6xbI7bfsLL6Pq5dNGQyg=s64",
          "deleted": false,
          "pendingOwner": false
        },
        {
          "kind": "drive#permission",
          "id": "17303972415997736298k",
          "type": "domain",
          "domain": "antbuddy.com",
          "role": "writer",
          "allowFileDiscovery": false,
          "displayName": "AntBuddy"
        },
        {
          "kind": "drive#permission",
          "id": "06941688514420538122",
          "type": "user",
          "emailAddress": "fastlane-android-apk@mythic-display-237310.iam.gserviceaccount.com",
          "role": "owner",
          "displayName": "fastlane-android-apk@mythic-display-237310.iam.gserviceaccount.com",
          "photoLink": "https://lh3.googleusercontent.com/a/default-user=s64",
          "deleted": false,
          "pendingOwner": false
        }
      ],
      "permissionIds": [
        "15924969308100435788",
        "17303972415997736298k",
        "06941688514420538122"
      ],
      "originalFilename": "ticket-285-3.0.0-489b169a.apk",
      "fullFileExtension": "0-489b169a.apk",
      "fileExtension": "apk",
      "md5Checksum": "ae57f9e89b1542b03bb85d85e490d713",
      "size": "62737503",
      "quotaBytesUsed": "62737503",
      "headRevisionId": "0ByDi02V-dEkATVhGL3Jid1RYMUM5c2ZaT1VjMlNVU0dqK2pVPQ",
      "isAppAuthorized": true,
      "linkShareMetadata": {
        "securityUpdateEligible": false,
        "securityUpdateEnabled": true
      }
    },
    {
      "kind": "drive#file",
      "id": "1Q62g1HdJUrZ0DKyB4LA4cwoiQdhYADo8",
      "name": "ticket-285-3.1.0-f434815d.apk",
      "mimeType": "application/vnd.android.package-archive",
      "starred": false,
      "trashed": false,
      "explicitlyTrashed": false,
      "parents": [
        "1N3PmrCeFkRRSD4TGLO3YPW9dOU23zFHs"
      ],
      "spaces": [
        "drive"
      ],
      "version": "4",
      "webContentLink": "https://drive.google.com/uc?id=1Q62g1HdJUrZ0DKyB4LA4cwoiQdhYADo8&export=download",
      "webViewLink": "https://drive.google.com/file/d/1Q62g1HdJUrZ0DKyB4LA4cwoiQdhYADo8/view?usp=drivesdk",
      "iconLink": "https://drive-thirdparty.googleusercontent.com/16/type/application/vnd.android.package-archive",
      "hasThumbnail": false,
      "thumbnailVersion": "0",
      "viewedByMe": false,
      "createdTime": "2022-01-25T08:13:21.620Z",
      "modifiedTime": "2022-01-25T08:13:21.620Z",
      "modifiedByMeTime": "2022-01-25T08:13:21.620Z",
      "modifiedByMe": true,
      "owners": [
        {
          "kind": "drive#user",
          "displayName": "fastlane-android-apk@mythic-display-237310.iam.gserviceaccount.com",
          "photoLink": "https://lh3.googleusercontent.com/a/default-user=s64",
          "me": true,
          "permissionId": "06941688514420538122",
          "emailAddress": "fastlane-android-apk@mythic-display-237310.iam.gserviceaccount.com"
        }
      ],
      "lastModifyingUser": {
        "kind": "drive#user",
        "displayName": "fastlane-android-apk@mythic-display-237310.iam.gserviceaccount.com",
        "photoLink": "https://lh3.googleusercontent.com/a/default-user=s64",
        "me": true,
        "permissionId": "06941688514420538122",
        "emailAddress": "fastlane-android-apk@mythic-display-237310.iam.gserviceaccount.com"
      },
      "shared": true,
      "ownedByMe": true,
      "capabilities": {
        "canAcceptOwnership": false,
        "canAddChildren": false,
        "canAddMyDriveParent": false,
        "canChangeCopyRequiresWriterPermission": true,
        "canChangeSecurityUpdateEnabled": false,
        "canChangeViewersCanCopyContent": true,
        "canComment": true,
        "canCopy": true,
        "canDelete": true,
        "canDownload": true,
        "canEdit": true,
        "canListChildren": false,
        "canModifyContent": true,
        "canModifyLabels": false,
        "canMoveChildrenWithinDrive": false,
        "canMoveItemIntoTeamDrive": true,
        "canMoveItemOutOfDrive": true,
        "canMoveItemWithinDrive": true,
        "canReadLabels": false,
        "canReadRevisions": true,
        "canRemoveChildren": false,
        "canRemoveMyDriveParent": true,
        "canRename": true,
        "canShare": true,
        "canTrash": true,
        "canUntrash": true
      },
      "viewersCanCopyContent": true,
      "copyRequiresWriterPermission": false,
      "writersCanShare": true,
      "permissions": [
        {
          "kind": "drive#permission",
          "id": "15924969308100435788",
          "type": "user",
          "emailAddress": "vinh.thieu@antbuddy.com",
          "role": "writer",
          "displayName": "Vinh Thieu Quang",
          "photoLink": "https://lh3.googleusercontent.com/a-/AFdZucpYOGt2Om1Y9j-rbCpskN6xbI7bfsLL6Pq5dNGQyg=s64",
          "deleted": false,
          "pendingOwner": false
        },
        {
          "kind": "drive#permission",
          "id": "17303972415997736298k",
          "type": "domain",
          "domain": "antbuddy.com",
          "role": "writer",
          "allowFileDiscovery": false,
          "displayName": "AntBuddy"
        },
        {
          "kind": "drive#permission",
          "id": "06941688514420538122",
          "type": "user",
          "emailAddress": "fastlane-android-apk@mythic-display-237310.iam.gserviceaccount.com",
          "role": "owner",
          "displayName": "fastlane-android-apk@mythic-display-237310.iam.gserviceaccount.com",
          "photoLink": "https://lh3.googleusercontent.com/a/default-user=s64",
          "deleted": false,
          "pendingOwner": false
        }
      ],
      "permissionIds": [
        "15924969308100435788",
        "17303972415997736298k",
        "06941688514420538122"
      ],
      "originalFilename": "ticket-285-3.1.0-f434815d.apk",
      "fullFileExtension": "0-f434815d.apk",
      "fileExtension": "apk",
      "md5Checksum": "3700855bd9d06c4016669fc51979a38d",
      "size": "62737685",
      "quotaBytesUsed": "62737685",
      "headRevisionId": "0ByDi02V-dEkAakpKREI3YTRjZnBpZStzQUhJeTVzc2N2dktBPQ",
      "isAppAuthorized": true,
      "linkShareMetadata": {
        "securityUpdateEligible": false,
        "securityUpdateEnabled": true
      }
    },
    {
      "kind": "drive#file",
      "id": "1BWULvYn7ro-26bAwhPJFT79HfN_F7dlJ",
      "name": "ticket-254-3.1.0-61215d49.apk",
      "mimeType": "application/vnd.android.package-archive",
      "starred": false,
      "trashed": false,
      "explicitlyTrashed": false,
      "parents": [
        "0ACDi02V-dEkAUk9PVA"
      ],
      "spaces": [
        "drive"
      ],
      "version": "6",
      "webContentLink": "https://drive.google.com/uc?id=1BWULvYn7ro-26bAwhPJFT79HfN_F7dlJ&export=download",
      "webViewLink": "https://drive.google.com/file/d/1BWULvYn7ro-26bAwhPJFT79HfN_F7dlJ/view?usp=drivesdk",
      "iconLink": "https://drive-thirdparty.googleusercontent.com/16/type/application/vnd.android.package-archive",
      "hasThumbnail": false,
      "thumbnailVersion": "0",
      "viewedByMe": false,
      "createdTime": "2022-01-25T11:43:31.023Z",
      "modifiedTime": "2022-01-25T11:43:31.023Z",
      "modifiedByMeTime": "2022-01-25T11:43:31.023Z",
      "modifiedByMe": true,
      "owners": [
        {
          "kind": "drive#user",
          "displayName": "fastlane-android-apk@mythic-display-237310.iam.gserviceaccount.com",
          "photoLink": "https://lh3.googleusercontent.com/a/default-user=s64",
          "me": true,
          "permissionId": "06941688514420538122",
          "emailAddress": "fastlane-android-apk@mythic-display-237310.iam.gserviceaccount.com"
        }
      ],
      "lastModifyingUser": {
        "kind": "drive#user",
        "displayName": "fastlane-android-apk@mythic-display-237310.iam.gserviceaccount.com",
        "photoLink": "https://lh3.googleusercontent.com/a/default-user=s64",
        "me": true,
        "permissionId": "06941688514420538122",
        "emailAddress": "fastlane-android-apk@mythic-display-237310.iam.gserviceaccount.com"
      },
      "shared": false,
      "ownedByMe": true,
      "capabilities": {
        "canAcceptOwnership": false,
        "canAddChildren": false,
        "canAddMyDriveParent": false,
        "canChangeCopyRequiresWriterPermission": true,
        "canChangeSecurityUpdateEnabled": false,
        "canChangeViewersCanCopyContent": true,
        "canComment": true,
        "canCopy": true,
        "canDelete": true,
        "canDownload": true,
        "canEdit": true,
        "canListChildren": false,
        "canModifyContent": true,
        "canModifyLabels": false,
        "canMoveChildrenWithinDrive": false,
        "canMoveItemIntoTeamDrive": true,
        "canMoveItemOutOfDrive": true,
        "canMoveItemWithinDrive": true,
        "canReadLabels": false,
        "canReadRevisions": true,
        "canRemoveChildren": false,
        "canRemoveMyDriveParent": true,
        "canRename": true,
        "canShare": true,
        "canTrash": true,
        "canUntrash": true
      },
      "viewersCanCopyContent": true,
      "copyRequiresWriterPermission": false,
      "writersCanShare": true,
      "permissions": [
        {
          "kind": "drive#permission",
          "id": "06941688514420538122",
          "type": "user",
          "emailAddress": "fastlane-android-apk@mythic-display-237310.iam.gserviceaccount.com",
          "role": "owner",
          "displayName": "fastlane-android-apk@mythic-display-237310.iam.gserviceaccount.com",
          "photoLink": "https://lh3.googleusercontent.com/a/default-user=s64",
          "deleted": false,
          "pendingOwner": false
        }
      ],
      "permissionIds": [
        "06941688514420538122"
      ],
      "originalFilename": "ticket-254-3.1.0-61215d49.apk",
      "fullFileExtension": "0-61215d49.apk",
      "fileExtension": "apk",
      "md5Checksum": "f436ea8dec9745cd6c16235c1ba56c5c",
      "size": "62738133",
      "quotaBytesUsed": "62738133",
      "headRevisionId": "0ByDi02V-dEkANUNRK0p6VFhrVjMxMGY3bG5Mb2x6ek8zbGkwPQ",
      "isAppAuthorized": true,
      "linkShareMetadata": {
        "securityUpdateEligible": false,
        "securityUpdateEnabled": true
      }
    },
    {
      "kind": "drive#file",
      "id": "1Sj5yLpB0gobKcVCOO3KnN04pMiBKI7Hr",
      "name": "ticket-286-3.1.0-6f494873.apk",
      "mimeType": "application/vnd.android.package-archive",
      "starred": false,
      "trashed": false,
      "explicitlyTrashed": false,
      "parents": [
        "1N3PmrCeFkRRSD4TGLO3YPW9dOU23zFHs"
      ],
      "spaces": [
        "drive"
      ],
      "version": "4",
      "webContentLink": "https://drive.google.com/uc?id=1Sj5yLpB0gobKcVCOO3KnN04pMiBKI7Hr&export=download",
      "webViewLink": "https://drive.google.com/file/d/1Sj5yLpB0gobKcVCOO3KnN04pMiBKI7Hr/view?usp=drivesdk",
      "iconLink": "https://drive-thirdparty.googleusercontent.com/16/type/application/vnd.android.package-archive",
      "hasThumbnail": false,
      "thumbnailVersion": "0",
      "viewedByMe": false,
      "createdTime": "2022-01-25T11:53:23.794Z",
      "modifiedTime": "2022-01-25T11:53:23.794Z",
      "modifiedByMeTime": "2022-01-25T11:53:23.794Z",
      "modifiedByMe": true,
      "owners": [
        {
          "kind": "drive#user",
          "displayName": "fastlane-android-apk@mythic-display-237310.iam.gserviceaccount.com",
          "photoLink": "https://lh3.googleusercontent.com/a/default-user=s64",
          "me": true,
          "permissionId": "06941688514420538122",
          "emailAddress": "fastlane-android-apk@mythic-display-237310.iam.gserviceaccount.com"
        }
      ],
      "lastModifyingUser": {
        "kind": "drive#user",
        "displayName": "fastlane-android-apk@mythic-display-237310.iam.gserviceaccount.com",
        "photoLink": "https://lh3.googleusercontent.com/a/default-user=s64",
        "me": true,
        "permissionId": "06941688514420538122",
        "emailAddress": "fastlane-android-apk@mythic-display-237310.iam.gserviceaccount.com"
      },
      "shared": true,
      "ownedByMe": true,
      "capabilities": {
        "canAcceptOwnership": false,
        "canAddChildren": false,
        "canAddMyDriveParent": false,
        "canChangeCopyRequiresWriterPermission": true,
        "canChangeSecurityUpdateEnabled": false,
        "canChangeViewersCanCopyContent": true,
        "canComment": true,
        "canCopy": true,
        "canDelete": true,
        "canDownload": true,
        "canEdit": true,
        "canListChildren": false,
        "canModifyContent": true,
        "canModifyLabels": false,
        "canMoveChildrenWithinDrive": false,
        "canMoveItemIntoTeamDrive": true,
        "canMoveItemOutOfDrive": true,
        "canMoveItemWithinDrive": true,
        "canReadLabels": false,
        "canReadRevisions": true,
        "canRemoveChildren": false,
        "canRemoveMyDriveParent": true,
        "canRename": true,
        "canShare": true,
        "canTrash": true,
        "canUntrash": true
      },
      "viewersCanCopyContent": true,
      "copyRequiresWriterPermission": false,
      "writersCanShare": true,
      "permissions": [
        {
          "kind": "drive#permission",
          "id": "15924969308100435788",
          "type": "user",
          "emailAddress": "vinh.thieu@antbuddy.com",
          "role": "writer",
          "displayName": "Vinh Thieu Quang",
          "photoLink": "https://lh3.googleusercontent.com/a-/AFdZucpYOGt2Om1Y9j-rbCpskN6xbI7bfsLL6Pq5dNGQyg=s64",
          "deleted": false,
          "pendingOwner": false
        },
        {
          "kind": "drive#permission",
          "id": "17303972415997736298k",
          "type": "domain",
          "domain": "antbuddy.com",
          "role": "writer",
          "allowFileDiscovery": false,
          "displayName": "AntBuddy"
        },
        {
          "kind": "drive#permission",
          "id": "06941688514420538122",
          "type": "user",
          "emailAddress": "fastlane-android-apk@mythic-display-237310.iam.gserviceaccount.com",
          "role": "owner",
          "displayName": "fastlane-android-apk@mythic-display-237310.iam.gserviceaccount.com",
          "photoLink": "https://lh3.googleusercontent.com/a/default-user=s64",
          "deleted": false,
          "pendingOwner": false
        }
      ],
      "permissionIds": [
        "15924969308100435788",
        "17303972415997736298k",
        "06941688514420538122"
      ],
      "originalFilename": "ticket-286-3.1.0-6f494873.apk",
      "fullFileExtension": "0-6f494873.apk",
      "fileExtension": "apk",
      "md5Checksum": "b5c11cbd0ae99af97c4b73dfbf0ce254",
      "size": "62742521",
      "quotaBytesUsed": "62742521",
      "headRevisionId": "0ByDi02V-dEkAOU5qMGpKeXdXdmRzeFlmcURQejBNVUU4aThRPQ",
      "isAppAuthorized": true,
      "linkShareMetadata": {
        "securityUpdateEligible": false,
        "securityUpdateEnabled": true
      }
    },
    {
      "kind": "drive#file",
      "id": "1d7rwy-R8a0grJUbpmmvH1v_DEqHvfSwc",
      "name": "ticket-286-3.1.0-6f494873.apk",
      "mimeType": "application/vnd.android.package-archive",
      "starred": false,
      "trashed": false,
      "explicitlyTrashed": false,
      "parents": [
        "1N3PmrCeFkRRSD4TGLO3YPW9dOU23zFHs"
      ],
      "spaces": [
        "drive"
      ],
      "version": "4",
      "webContentLink": "https://drive.google.com/uc?id=1d7rwy-R8a0grJUbpmmvH1v_DEqHvfSwc&export=download",
      "webViewLink": "https://drive.google.com/file/d/1d7rwy-R8a0grJUbpmmvH1v_DEqHvfSwc/view?usp=drivesdk",
      "iconLink": "https://drive-thirdparty.googleusercontent.com/16/type/application/vnd.android.package-archive",
      "hasThumbnail": false,
      "thumbnailVersion": "0",
      "viewedByMe": false,
      "createdTime": "2022-01-25T12:48:30.179Z",
      "modifiedTime": "2022-01-25T12:48:30.179Z",
      "modifiedByMeTime": "2022-01-25T12:48:30.179Z",
      "modifiedByMe": true,
      "owners": [
        {
          "kind": "drive#user",
          "displayName": "fastlane-android-apk@mythic-display-237310.iam.gserviceaccount.com",
          "photoLink": "https://lh3.googleusercontent.com/a/default-user=s64",
          "me": true,
          "permissionId": "06941688514420538122",
          "emailAddress": "fastlane-android-apk@mythic-display-237310.iam.gserviceaccount.com"
        }
      ],
      "lastModifyingUser": {
        "kind": "drive#user",
        "displayName": "fastlane-android-apk@mythic-display-237310.iam.gserviceaccount.com",
        "photoLink": "https://lh3.googleusercontent.com/a/default-user=s64",
        "me": true,
        "permissionId": "06941688514420538122",
        "emailAddress": "fastlane-android-apk@mythic-display-237310.iam.gserviceaccount.com"
      },
      "shared": true,
      "ownedByMe": true,
      "capabilities": {
        "canAcceptOwnership": false,
        "canAddChildren": false,
        "canAddMyDriveParent": false,
        "canChangeCopyRequiresWriterPermission": true,
        "canChangeSecurityUpdateEnabled": false,
        "canChangeViewersCanCopyContent": true,
        "canComment": true,
        "canCopy": true,
        "canDelete": true,
        "canDownload": true,
        "canEdit": true,
        "canListChildren": false,
        "canModifyContent": true,
        "canModifyLabels": false,
        "canMoveChildrenWithinDrive": false,
        "canMoveItemIntoTeamDrive": true,
        "canMoveItemOutOfDrive": true,
        "canMoveItemWithinDrive": true,
        "canReadLabels": false,
        "canReadRevisions": true,
        "canRemoveChildren": false,
        "canRemoveMyDriveParent": true,
        "canRename": true,
        "canShare": true,
        "canTrash": true,
        "canUntrash": true
      },
      "viewersCanCopyContent": true,
      "copyRequiresWriterPermission": false,
      "writersCanShare": true,
      "permissions": [
        {
          "kind": "drive#permission",
          "id": "15924969308100435788",
          "type": "user",
          "emailAddress": "vinh.thieu@antbuddy.com",
          "role": "writer",
          "displayName": "Vinh Thieu Quang",
          "photoLink": "https://lh3.googleusercontent.com/a-/AFdZucpYOGt2Om1Y9j-rbCpskN6xbI7bfsLL6Pq5dNGQyg=s64",
          "deleted": false,
          "pendingOwner": false
        },
        {
          "kind": "drive#permission",
          "id": "17303972415997736298k",
          "type": "domain",
          "domain": "antbuddy.com",
          "role": "writer",
          "allowFileDiscovery": false,
          "displayName": "AntBuddy"
        },
        {
          "kind": "drive#permission",
          "id": "06941688514420538122",
          "type": "user",
          "emailAddress": "fastlane-android-apk@mythic-display-237310.iam.gserviceaccount.com",
          "role": "owner",
          "displayName": "fastlane-android-apk@mythic-display-237310.iam.gserviceaccount.com",
          "photoLink": "https://lh3.googleusercontent.com/a/default-user=s64",
          "deleted": false,
          "pendingOwner": false
        }
      ],
      "permissionIds": [
        "15924969308100435788",
        "17303972415997736298k",
        "06941688514420538122"
      ],
      "originalFilename": "ticket-286-3.1.0-6f494873.apk",
      "fullFileExtension": "0-6f494873.apk",
      "fileExtension": "apk",
      "md5Checksum": "8b30dde60c6d41d36b556671b103ea83",
      "size": "62742521",
      "quotaBytesUsed": "62742521",
      "headRevisionId": "0ByDi02V-dEkAaGhTOWo2MTJvb1U2SWFncW9GQm1qNnZ6eWtrPQ",
      "isAppAuthorized": true,
      "linkShareMetadata": {
        "securityUpdateEligible": false,
        "securityUpdateEnabled": true
      }
    },
    {
      "kind": "drive#file",
      "id": "11Obrl1mM0gfW-Uls5qBEmwNo4juPpMyZ",
      "name": "ticket-284-3.0.0-c41cb0d5.apk",
      "mimeType": "application/vnd.android.package-archive",
      "starred": false,
      "trashed": false,
      "explicitlyTrashed": false,
      "parents": [
        "1N3PmrCeFkRRSD4TGLO3YPW9dOU23zFHs"
      ],
      "spaces": [
        "drive"
      ],
      "version": "4",
      "webContentLink": "https://drive.google.com/uc?id=11Obrl1mM0gfW-Uls5qBEmwNo4juPpMyZ&export=download",
      "webViewLink": "https://drive.google.com/file/d/11Obrl1mM0gfW-Uls5qBEmwNo4juPpMyZ/view?usp=drivesdk",
      "iconLink": "https://drive-thirdparty.googleusercontent.com/16/type/application/vnd.android.package-archive",
      "hasThumbnail": false,
      "thumbnailVersion": "0",
      "viewedByMe": false,
      "createdTime": "2022-01-26T09:54:06.531Z",
      "modifiedTime": "2022-01-26T09:54:06.531Z",
      "modifiedByMeTime": "2022-01-26T09:54:06.531Z",
      "modifiedByMe": true,
      "owners": [
        {
          "kind": "drive#user",
          "displayName": "fastlane-android-apk@mythic-display-237310.iam.gserviceaccount.com",
          "photoLink": "https://lh3.googleusercontent.com/a/default-user=s64",
          "me": true,
          "permissionId": "06941688514420538122",
          "emailAddress": "fastlane-android-apk@mythic-display-237310.iam.gserviceaccount.com"
        }
      ],
      "lastModifyingUser": {
        "kind": "drive#user",
        "displayName": "fastlane-android-apk@mythic-display-237310.iam.gserviceaccount.com",
        "photoLink": "https://lh3.googleusercontent.com/a/default-user=s64",
        "me": true,
        "permissionId": "06941688514420538122",
        "emailAddress": "fastlane-android-apk@mythic-display-237310.iam.gserviceaccount.com"
      },
      "shared": true,
      "ownedByMe": true,
      "capabilities": {
        "canAcceptOwnership": false,
        "canAddChildren": false,
        "canAddMyDriveParent": false,
        "canChangeCopyRequiresWriterPermission": true,
        "canChangeSecurityUpdateEnabled": false,
        "canChangeViewersCanCopyContent": true,
        "canComment": true,
        "canCopy": true,
        "canDelete": true,
        "canDownload": true,
        "canEdit": true,
        "canListChildren": false,
        "canModifyContent": true,
        "canModifyLabels": false,
        "canMoveChildrenWithinDrive": false,
        "canMoveItemIntoTeamDrive": true,
        "canMoveItemOutOfDrive": true,
        "canMoveItemWithinDrive": true,
        "canReadLabels": false,
        "canReadRevisions": true,
        "canRemoveChildren": false,
        "canRemoveMyDriveParent": true,
        "canRename": true,
        "canShare": true,
        "canTrash": true,
        "canUntrash": true
      },
      "viewersCanCopyContent": true,
      "copyRequiresWriterPermission": false,
      "writersCanShare": true,
      "permissions": [
        {
          "kind": "drive#permission",
          "id": "15924969308100435788",
          "type": "user",
          "emailAddress": "vinh.thieu@antbuddy.com",
          "role": "writer",
          "displayName": "Vinh Thieu Quang",
          "photoLink": "https://lh3.googleusercontent.com/a-/AFdZucpYOGt2Om1Y9j-rbCpskN6xbI7bfsLL6Pq5dNGQyg=s64",
          "deleted": false,
          "pendingOwner": false
        },
        {
          "kind": "drive#permission",
          "id": "17303972415997736298k",
          "type": "domain",
          "domain": "antbuddy.com",
          "role": "writer",
          "allowFileDiscovery": false,
          "displayName": "AntBuddy"
        },
        {
          "kind": "drive#permission",
          "id": "06941688514420538122",
          "type": "user",
          "emailAddress": "fastlane-android-apk@mythic-display-237310.iam.gserviceaccount.com",
          "role": "owner",
          "displayName": "fastlane-android-apk@mythic-display-237310.iam.gserviceaccount.com",
          "photoLink": "https://lh3.googleusercontent.com/a/default-user=s64",
          "deleted": false,
          "pendingOwner": false
        }
      ],
      "permissionIds": [
        "15924969308100435788",
        "17303972415997736298k",
        "06941688514420538122"
      ],
      "originalFilename": "ticket-284-3.0.0-c41cb0d5.apk",
      "fullFileExtension": "0-c41cb0d5.apk",
      "fileExtension": "apk",
      "md5Checksum": "a9ec80d272fe7f91a062b1e17ba05407",
      "size": "62741126",
      "quotaBytesUsed": "62741126",
      "headRevisionId": "0ByDi02V-dEkARndtQm1SLytCK0FaSSttR0c0VndDekVCblVrPQ",
      "isAppAuthorized": true,
      "linkShareMetadata": {
        "securityUpdateEligible": false,
        "securityUpdateEnabled": true
      }
    },
    {
      "kind": "drive#file",
      "id": "1L9gEh6folTjFIrpE5fDVZFaiZlwojIKu",
      "name": "ticket-154-3.1.0-fc88e2da.apk",
      "mimeType": "application/vnd.android.package-archive",
      "starred": false,
      "trashed": false,
      "explicitlyTrashed": false,
      "parents": [
        "0ACDi02V-dEkAUk9PVA"
      ],
      "spaces": [
        "drive"
      ],
      "version": "6",
      "webContentLink": "https://drive.google.com/uc?id=1L9gEh6folTjFIrpE5fDVZFaiZlwojIKu&export=download",
      "webViewLink": "https://drive.google.com/file/d/1L9gEh6folTjFIrpE5fDVZFaiZlwojIKu/view?usp=drivesdk",
      "iconLink": "https://drive-thirdparty.googleusercontent.com/16/type/application/vnd.android.package-archive",
      "hasThumbnail": false,
      "thumbnailVersion": "0",
      "viewedByMe": false,
      "createdTime": "2022-01-26T11:41:05.910Z",
      "modifiedTime": "2022-01-26T11:41:05.910Z",
      "modifiedByMeTime": "2022-01-26T11:41:05.910Z",
      "modifiedByMe": true,
      "owners": [
        {
          "kind": "drive#user",
          "displayName": "fastlane-android-apk@mythic-display-237310.iam.gserviceaccount.com",
          "photoLink": "https://lh3.googleusercontent.com/a/default-user=s64",
          "me": true,
          "permissionId": "06941688514420538122",
          "emailAddress": "fastlane-android-apk@mythic-display-237310.iam.gserviceaccount.com"
        }
      ],
      "lastModifyingUser": {
        "kind": "drive#user",
        "displayName": "fastlane-android-apk@mythic-display-237310.iam.gserviceaccount.com",
        "photoLink": "https://lh3.googleusercontent.com/a/default-user=s64",
        "me": true,
        "permissionId": "06941688514420538122",
        "emailAddress": "fastlane-android-apk@mythic-display-237310.iam.gserviceaccount.com"
      },
      "shared": false,
      "ownedByMe": true,
      "capabilities": {
        "canAcceptOwnership": false,
        "canAddChildren": false,
        "canAddMyDriveParent": false,
        "canChangeCopyRequiresWriterPermission": true,
        "canChangeSecurityUpdateEnabled": false,
        "canChangeViewersCanCopyContent": true,
        "canComment": true,
        "canCopy": true,
        "canDelete": true,
        "canDownload": true,
        "canEdit": true,
        "canListChildren": false,
        "canModifyContent": true,
        "canModifyLabels": false,
        "canMoveChildrenWithinDrive": false,
        "canMoveItemIntoTeamDrive": true,
        "canMoveItemOutOfDrive": true,
        "canMoveItemWithinDrive": true,
        "canReadLabels": false,
        "canReadRevisions": true,
        "canRemoveChildren": false,
        "canRemoveMyDriveParent": true,
        "canRename": true,
        "canShare": true,
        "canTrash": true,
        "canUntrash": true
      },
      "viewersCanCopyContent": true,
      "copyRequiresWriterPermission": false,
      "writersCanShare": true,
      "permissions": [
        {
          "kind": "drive#permission",
          "id": "06941688514420538122",
          "type": "user",
          "emailAddress": "fastlane-android-apk@mythic-display-237310.iam.gserviceaccount.com",
          "role": "owner",
          "displayName": "fastlane-android-apk@mythic-display-237310.iam.gserviceaccount.com",
          "photoLink": "https://lh3.googleusercontent.com/a/default-user=s64",
          "deleted": false,
          "pendingOwner": false
        }
      ],
      "permissionIds": [
        "06941688514420538122"
      ],
      "originalFilename": "ticket-154-3.1.0-fc88e2da.apk",
      "fullFileExtension": "0-fc88e2da.apk",
      "fileExtension": "apk",
      "md5Checksum": "702cd96b92d5c8f9c2f26b8496040a07",
      "size": "62738096",
      "quotaBytesUsed": "62738096",
      "headRevisionId": "0ByDi02V-dEkANDJIcDh4UkRzVVRoUUl5OEFqUXVNcXJ5SEdzPQ",
      "isAppAuthorized": true,
      "linkShareMetadata": {
        "securityUpdateEligible": false,
        "securityUpdateEnabled": true
      }
    },
    {
      "kind": "drive#file",
      "id": "1wL6o0crZxX9h72pEVlOf9OwS9552Jp7k",
      "name": "ticket-284-3.1.0-655ac72d.apk",
      "mimeType": "application/vnd.android.package-archive",
      "starred": false,
      "trashed": false,
      "explicitlyTrashed": false,
      "parents": [
        "1N3PmrCeFkRRSD4TGLO3YPW9dOU23zFHs"
      ],
      "spaces": [
        "drive"
      ],
      "version": "5",
      "webContentLink": "https://drive.google.com/uc?id=1wL6o0crZxX9h72pEVlOf9OwS9552Jp7k&export=download",
      "webViewLink": "https://drive.google.com/file/d/1wL6o0crZxX9h72pEVlOf9OwS9552Jp7k/view?usp=drivesdk",
      "iconLink": "https://drive-thirdparty.googleusercontent.com/16/type/application/vnd.android.package-archive",
      "hasThumbnail": false,
      "thumbnailVersion": "0",
      "viewedByMe": false,
      "createdTime": "2022-01-27T03:50:10.861Z",
      "modifiedTime": "2022-01-27T03:50:10.861Z",
      "modifiedByMeTime": "2022-01-27T03:50:10.861Z",
      "modifiedByMe": true,
      "owners": [
        {
          "kind": "drive#user",
          "displayName": "fastlane-android-apk@mythic-display-237310.iam.gserviceaccount.com",
          "photoLink": "https://lh3.googleusercontent.com/a/default-user=s64",
          "me": true,
          "permissionId": "06941688514420538122",
          "emailAddress": "fastlane-android-apk@mythic-display-237310.iam.gserviceaccount.com"
        }
      ],
      "lastModifyingUser": {
        "kind": "drive#user",
        "displayName": "fastlane-android-apk@mythic-display-237310.iam.gserviceaccount.com",
        "photoLink": "https://lh3.googleusercontent.com/a/default-user=s64",
        "me": true,
        "permissionId": "06941688514420538122",
        "emailAddress": "fastlane-android-apk@mythic-display-237310.iam.gserviceaccount.com"
      },
      "shared": true,
      "ownedByMe": true,
      "capabilities": {
        "canAcceptOwnership": false,
        "canAddChildren": false,
        "canAddMyDriveParent": false,
        "canChangeCopyRequiresWriterPermission": true,
        "canChangeSecurityUpdateEnabled": false,
        "canChangeViewersCanCopyContent": true,
        "canComment": true,
        "canCopy": true,
        "canDelete": true,
        "canDownload": true,
        "canEdit": true,
        "canListChildren": false,
        "canModifyContent": true,
        "canModifyLabels": false,
        "canMoveChildrenWithinDrive": false,
        "canMoveItemIntoTeamDrive": true,
        "canMoveItemOutOfDrive": true,
        "canMoveItemWithinDrive": true,
        "canReadLabels": false,
        "canReadRevisions": true,
        "canRemoveChildren": false,
        "canRemoveMyDriveParent": true,
        "canRename": true,
        "canShare": true,
        "canTrash": true,
        "canUntrash": true
      },
      "viewersCanCopyContent": true,
      "copyRequiresWriterPermission": false,
      "writersCanShare": true,
      "permissions": [
        {
          "kind": "drive#permission",
          "id": "15924969308100435788",
          "type": "user",
          "emailAddress": "vinh.thieu@antbuddy.com",
          "role": "writer",
          "displayName": "Vinh Thieu Quang",
          "photoLink": "https://lh3.googleusercontent.com/a-/AFdZucpYOGt2Om1Y9j-rbCpskN6xbI7bfsLL6Pq5dNGQyg=s64",
          "deleted": false,
          "pendingOwner": false
        },
        {
          "kind": "drive#permission",
          "id": "17303972415997736298k",
          "type": "domain",
          "domain": "antbuddy.com",
          "role": "writer",
          "allowFileDiscovery": false,
          "displayName": "AntBuddy"
        },
        {
          "kind": "drive#permission",
          "id": "06941688514420538122",
          "type": "user",
          "emailAddress": "fastlane-android-apk@mythic-display-237310.iam.gserviceaccount.com",
          "role": "owner",
          "displayName": "fastlane-android-apk@mythic-display-237310.iam.gserviceaccount.com",
          "photoLink": "https://lh3.googleusercontent.com/a/default-user=s64",
          "deleted": false,
          "pendingOwner": false
        }
      ],
      "permissionIds": [
        "15924969308100435788",
        "17303972415997736298k",
        "06941688514420538122"
      ],
      "originalFilename": "ticket-284-3.1.0-655ac72d.apk",
      "fullFileExtension": "0-655ac72d.apk",
      "fileExtension": "apk",
      "md5Checksum": "8150c44315c257f4a1b555100481bb20",
      "size": "62741325",
      "quotaBytesUsed": "62741325",
      "headRevisionId": "0ByDi02V-dEkAUGcrMEZ6V2ZwVDZVTHVGcDJqbTJzU2swWHhJPQ",
      "isAppAuthorized": true,
      "linkShareMetadata": {
        "securityUpdateEligible": false,
        "securityUpdateEnabled": true
      }
    },
    {
      "kind": "drive#file",
      "id": "1Hh_F1GV3o_J9UjyqVz8ovF70_XVNiX6f",
      "name": "ticket-225-3.1.0-f40b2403.apk",
      "mimeType": "application/vnd.android.package-archive",
      "starred": false,
      "trashed": false,
      "explicitlyTrashed": false,
      "parents": [
        "0ACDi02V-dEkAUk9PVA"
      ],
      "spaces": [
        "drive"
      ],
      "version": "6",
      "webContentLink": "https://drive.google.com/uc?id=1Hh_F1GV3o_J9UjyqVz8ovF70_XVNiX6f&export=download",
      "webViewLink": "https://drive.google.com/file/d/1Hh_F1GV3o_J9UjyqVz8ovF70_XVNiX6f/view?usp=drivesdk",
      "iconLink": "https://drive-thirdparty.googleusercontent.com/16/type/application/vnd.android.package-archive",
      "hasThumbnail": false,
      "thumbnailVersion": "0",
      "viewedByMe": false,
      "createdTime": "2022-01-27T04:22:35.451Z",
      "modifiedTime": "2022-01-27T04:22:35.451Z",
      "modifiedByMeTime": "2022-01-27T04:22:35.451Z",
      "modifiedByMe": true,
      "owners": [
        {
          "kind": "drive#user",
          "displayName": "fastlane-android-apk@mythic-display-237310.iam.gserviceaccount.com",
          "photoLink": "https://lh3.googleusercontent.com/a/default-user=s64",
          "me": true,
          "permissionId": "06941688514420538122",
          "emailAddress": "fastlane-android-apk@mythic-display-237310.iam.gserviceaccount.com"
        }
      ],
      "lastModifyingUser": {
        "kind": "drive#user",
        "displayName": "fastlane-android-apk@mythic-display-237310.iam.gserviceaccount.com",
        "photoLink": "https://lh3.googleusercontent.com/a/default-user=s64",
        "me": true,
        "permissionId": "06941688514420538122",
        "emailAddress": "fastlane-android-apk@mythic-display-237310.iam.gserviceaccount.com"
      },
      "shared": false,
      "ownedByMe": true,
      "capabilities": {
        "canAcceptOwnership": false,
        "canAddChildren": false,
        "canAddMyDriveParent": false,
        "canChangeCopyRequiresWriterPermission": true,
        "canChangeSecurityUpdateEnabled": false,
        "canChangeViewersCanCopyContent": true,
        "canComment": true,
        "canCopy": true,
        "canDelete": true,
        "canDownload": true,
        "canEdit": true,
        "canListChildren": false,
        "canModifyContent": true,
        "canModifyLabels": false,
        "canMoveChildrenWithinDrive": false,
        "canMoveItemIntoTeamDrive": true,
        "canMoveItemOutOfDrive": true,
        "canMoveItemWithinDrive": true,
        "canReadLabels": false,
        "canReadRevisions": true,
        "canRemoveChildren": false,
        "canRemoveMyDriveParent": true,
        "canRename": true,
        "canShare": true,
        "canTrash": true,
        "canUntrash": true
      },
      "viewersCanCopyContent": true,
      "copyRequiresWriterPermission": false,
      "writersCanShare": true,
      "permissions": [
        {
          "kind": "drive#permission",
          "id": "06941688514420538122",
          "type": "user",
          "emailAddress": "fastlane-android-apk@mythic-display-237310.iam.gserviceaccount.com",
          "role": "owner",
          "displayName": "fastlane-android-apk@mythic-display-237310.iam.gserviceaccount.com",
          "photoLink": "https://lh3.googleusercontent.com/a/default-user=s64",
          "deleted": false,
          "pendingOwner": false
        }
      ],
      "permissionIds": [
        "06941688514420538122"
      ],
      "originalFilename": "ticket-225-3.1.0-f40b2403.apk",
      "fullFileExtension": "0-f40b2403.apk",
      "fileExtension": "apk",
      "md5Checksum": "11a4d23a25657dca2442193a120c1a05",
      "size": "62737727",
      "quotaBytesUsed": "62737727",
      "headRevisionId": "0ByDi02V-dEkAbGRCR2UzWTE1bWF5MDYwU1pOQ3Rld3J2aUE0PQ",
      "isAppAuthorized": true,
      "linkShareMetadata": {
        "securityUpdateEligible": false,
        "securityUpdateEnabled": true
      }
    },
    {
      "kind": "drive#file",
      "id": "1VsH8O8GFSpnYkn6pdoQA3yX_MTGhoc3B",
      "name": "ticket-115-3.1.0-ff6f827b.apk",
      "mimeType": "application/vnd.android.package-archive",
      "starred": false,
      "trashed": false,
      "explicitlyTrashed": false,
      "parents": [
        "0ACDi02V-dEkAUk9PVA"
      ],
      "spaces": [
        "drive"
      ],
      "version": "11",
      "webContentLink": "https://drive.google.com/uc?id=1VsH8O8GFSpnYkn6pdoQA3yX_MTGhoc3B&export=download",
      "webViewLink": "https://drive.google.com/file/d/1VsH8O8GFSpnYkn6pdoQA3yX_MTGhoc3B/view?usp=drivesdk",
      "iconLink": "https://drive-thirdparty.googleusercontent.com/16/type/application/vnd.android.package-archive",
      "hasThumbnail": false,
      "thumbnailVersion": "0",
      "viewedByMe": false,
      "createdTime": "2022-02-07T03:50:22.397Z",
      "modifiedTime": "2022-02-07T03:50:22.397Z",
      "modifiedByMeTime": "2022-02-07T03:50:22.397Z",
      "modifiedByMe": true,
      "owners": [
        {
          "kind": "drive#user",
          "displayName": "fastlane-android-apk@mythic-display-237310.iam.gserviceaccount.com",
          "photoLink": "https://lh3.googleusercontent.com/a/default-user=s64",
          "me": true,
          "permissionId": "06941688514420538122",
          "emailAddress": "fastlane-android-apk@mythic-display-237310.iam.gserviceaccount.com"
        }
      ],
      "lastModifyingUser": {
        "kind": "drive#user",
        "displayName": "fastlane-android-apk@mythic-display-237310.iam.gserviceaccount.com",
        "photoLink": "https://lh3.googleusercontent.com/a/default-user=s64",
        "me": true,
        "permissionId": "06941688514420538122",
        "emailAddress": "fastlane-android-apk@mythic-display-237310.iam.gserviceaccount.com"
      },
      "shared": false,
      "ownedByMe": true,
      "capabilities": {
        "canAcceptOwnership": false,
        "canAddChildren": false,
        "canAddMyDriveParent": false,
        "canChangeCopyRequiresWriterPermission": true,
        "canChangeSecurityUpdateEnabled": false,
        "canChangeViewersCanCopyContent": true,
        "canComment": true,
        "canCopy": true,
        "canDelete": true,
        "canDownload": true,
        "canEdit": true,
        "canListChildren": false,
        "canModifyContent": true,
        "canModifyLabels": false,
        "canMoveChildrenWithinDrive": false,
        "canMoveItemIntoTeamDrive": true,
        "canMoveItemOutOfDrive": true,
        "canMoveItemWithinDrive": true,
        "canReadLabels": false,
        "canReadRevisions": true,
        "canRemoveChildren": false,
        "canRemoveMyDriveParent": true,
        "canRename": true,
        "canShare": true,
        "canTrash": true,
        "canUntrash": true
      },
      "viewersCanCopyContent": true,
      "copyRequiresWriterPermission": false,
      "writersCanShare": true,
      "permissions": [
        {
          "kind": "drive#permission",
          "id": "06941688514420538122",
          "type": "user",
          "emailAddress": "fastlane-android-apk@mythic-display-237310.iam.gserviceaccount.com",
          "role": "owner",
          "displayName": "fastlane-android-apk@mythic-display-237310.iam.gserviceaccount.com",
          "photoLink": "https://lh3.googleusercontent.com/a/default-user=s64",
          "deleted": false,
          "pendingOwner": false
        }
      ],
      "permissionIds": [
        "06941688514420538122"
      ],
      "originalFilename": "ticket-115-3.1.0-ff6f827b.apk",
      "fullFileExtension": "0-ff6f827b.apk",
      "fileExtension": "apk",
      "md5Checksum": "6841ba15ec04c2b0b0a708e595131ad4",
      "size": "62737634",
      "quotaBytesUsed": "62737634",
      "headRevisionId": "0ByDi02V-dEkAUXE4bnFlaUNGWEErWXNxdjFtb1ZQWTJSUHdvPQ",
      "isAppAuthorized": true,
      "linkShareMetadata": {
        "securityUpdateEligible": false,
        "securityUpdateEnabled": true
      }
    },
    {
      "kind": "drive#file",
      "id": "1XUueeVDNb8IyOShHjNxENXSPwGATNoLS",
      "name": "ticket-287-3.0.0-016dc21b.apk",
      "mimeType": "application/vnd.android.package-archive",
      "starred": false,
      "trashed": false,
      "explicitlyTrashed": false,
      "parents": [
        "1N3PmrCeFkRRSD4TGLO3YPW9dOU23zFHs"
      ],
      "spaces": [
        "drive"
      ],
      "version": "4",
      "webContentLink": "https://drive.google.com/uc?id=1XUueeVDNb8IyOShHjNxENXSPwGATNoLS&export=download",
      "webViewLink": "https://drive.google.com/file/d/1XUueeVDNb8IyOShHjNxENXSPwGATNoLS/view?usp=drivesdk",
      "iconLink": "https://drive-thirdparty.googleusercontent.com/16/type/application/vnd.android.package-archive",
      "hasThumbnail": false,
      "thumbnailVersion": "0",
      "viewedByMe": false,
      "createdTime": "2022-02-08T03:14:20.717Z",
      "modifiedTime": "2022-02-08T03:14:20.717Z",
      "modifiedByMeTime": "2022-02-08T03:14:20.717Z",
      "modifiedByMe": true,
      "owners": [
        {
          "kind": "drive#user",
          "displayName": "fastlane-android-apk@mythic-display-237310.iam.gserviceaccount.com",
          "photoLink": "https://lh3.googleusercontent.com/a/default-user=s64",
          "me": true,
          "permissionId": "06941688514420538122",
          "emailAddress": "fastlane-android-apk@mythic-display-237310.iam.gserviceaccount.com"
        }
      ],
      "lastModifyingUser": {
        "kind": "drive#user",
        "displayName": "fastlane-android-apk@mythic-display-237310.iam.gserviceaccount.com",
        "photoLink": "https://lh3.googleusercontent.com/a/default-user=s64",
        "me": true,
        "permissionId": "06941688514420538122",
        "emailAddress": "fastlane-android-apk@mythic-display-237310.iam.gserviceaccount.com"
      },
      "shared": true,
      "ownedByMe": true,
      "capabilities": {
        "canAcceptOwnership": false,
        "canAddChildren": false,
        "canAddMyDriveParent": false,
        "canChangeCopyRequiresWriterPermission": true,
        "canChangeSecurityUpdateEnabled": false,
        "canChangeViewersCanCopyContent": true,
        "canComment": true,
        "canCopy": true,
        "canDelete": true,
        "canDownload": true,
        "canEdit": true,
        "canListChildren": false,
        "canModifyContent": true,
        "canModifyLabels": false,
        "canMoveChildrenWithinDrive": false,
        "canMoveItemIntoTeamDrive": true,
        "canMoveItemOutOfDrive": true,
        "canMoveItemWithinDrive": true,
        "canReadLabels": false,
        "canReadRevisions": true,
        "canRemoveChildren": false,
        "canRemoveMyDriveParent": true,
        "canRename": true,
        "canShare": true,
        "canTrash": true,
        "canUntrash": true
      },
      "viewersCanCopyContent": true,
      "copyRequiresWriterPermission": false,
      "writersCanShare": true,
      "permissions": [
        {
          "kind": "drive#permission",
          "id": "15924969308100435788",
          "type": "user",
          "emailAddress": "vinh.thieu@antbuddy.com",
          "role": "writer",
          "displayName": "Vinh Thieu Quang",
          "photoLink": "https://lh3.googleusercontent.com/a-/AFdZucpYOGt2Om1Y9j-rbCpskN6xbI7bfsLL6Pq5dNGQyg=s64",
          "deleted": false,
          "pendingOwner": false
        },
        {
          "kind": "drive#permission",
          "id": "17303972415997736298k",
          "type": "domain",
          "domain": "antbuddy.com",
          "role": "writer",
          "allowFileDiscovery": false,
          "displayName": "AntBuddy"
        },
        {
          "kind": "drive#permission",
          "id": "06941688514420538122",
          "type": "user",
          "emailAddress": "fastlane-android-apk@mythic-display-237310.iam.gserviceaccount.com",
          "role": "owner",
          "displayName": "fastlane-android-apk@mythic-display-237310.iam.gserviceaccount.com",
          "photoLink": "https://lh3.googleusercontent.com/a/default-user=s64",
          "deleted": false,
          "pendingOwner": false
        }
      ],
      "permissionIds": [
        "15924969308100435788",
        "17303972415997736298k",
        "06941688514420538122"
      ],
      "originalFilename": "ticket-287-3.0.0-016dc21b.apk",
      "fullFileExtension": "0-016dc21b.apk",
      "fileExtension": "apk",
      "md5Checksum": "54f4ca2f9db112d2ea4e3219c3d61231",
      "size": "62737483",
      "quotaBytesUsed": "62737483",
      "headRevisionId": "0ByDi02V-dEkAcXcyaXl6dThLaFdtVlZkSU1VeTRMdEtEYU1RPQ",
      "isAppAuthorized": true,
      "linkShareMetadata": {
        "securityUpdateEligible": false,
        "securityUpdateEnabled": true
      }
    },
    {
      "kind": "drive#file",
      "id": "10hyDoKjrqP6uq_wecedyQ7i7b771Xwhp",
      "name": "ticket-155-3.1.0-9c35049c.apk",
      "mimeType": "application/vnd.android.package-archive",
      "starred": false,
      "trashed": false,
      "explicitlyTrashed": false,
      "parents": [
        "0ACDi02V-dEkAUk9PVA"
      ],
      "spaces": [
        "drive"
      ],
      "version": "5",
      "webContentLink": "https://drive.google.com/uc?id=10hyDoKjrqP6uq_wecedyQ7i7b771Xwhp&export=download",
      "webViewLink": "https://drive.google.com/file/d/10hyDoKjrqP6uq_wecedyQ7i7b771Xwhp/view?usp=drivesdk",
      "iconLink": "https://drive-thirdparty.googleusercontent.com/16/type/application/vnd.android.package-archive",
      "hasThumbnail": false,
      "thumbnailVersion": "0",
      "viewedByMe": false,
      "createdTime": "2022-02-08T07:49:11.347Z",
      "modifiedTime": "2022-02-08T07:49:11.347Z",
      "modifiedByMeTime": "2022-02-08T07:49:11.347Z",
      "modifiedByMe": true,
      "owners": [
        {
          "kind": "drive#user",
          "displayName": "fastlane-android-apk@mythic-display-237310.iam.gserviceaccount.com",
          "photoLink": "https://lh3.googleusercontent.com/a/default-user=s64",
          "me": true,
          "permissionId": "06941688514420538122",
          "emailAddress": "fastlane-android-apk@mythic-display-237310.iam.gserviceaccount.com"
        }
      ],
      "lastModifyingUser": {
        "kind": "drive#user",
        "displayName": "fastlane-android-apk@mythic-display-237310.iam.gserviceaccount.com",
        "photoLink": "https://lh3.googleusercontent.com/a/default-user=s64",
        "me": true,
        "permissionId": "06941688514420538122",
        "emailAddress": "fastlane-android-apk@mythic-display-237310.iam.gserviceaccount.com"
      },
      "shared": false,
      "ownedByMe": true,
      "capabilities": {
        "canAcceptOwnership": false,
        "canAddChildren": false,
        "canAddMyDriveParent": false,
        "canChangeCopyRequiresWriterPermission": true,
        "canChangeSecurityUpdateEnabled": false,
        "canChangeViewersCanCopyContent": true,
        "canComment": true,
        "canCopy": true,
        "canDelete": true,
        "canDownload": true,
        "canEdit": true,
        "canListChildren": false,
        "canModifyContent": true,
        "canModifyLabels": false,
        "canMoveChildrenWithinDrive": false,
        "canMoveItemIntoTeamDrive": true,
        "canMoveItemOutOfDrive": true,
        "canMoveItemWithinDrive": true,
        "canReadLabels": false,
        "canReadRevisions": true,
        "canRemoveChildren": false,
        "canRemoveMyDriveParent": true,
        "canRename": true,
        "canShare": true,
        "canTrash": true,
        "canUntrash": true
      },
      "viewersCanCopyContent": true,
      "copyRequiresWriterPermission": false,
      "writersCanShare": true,
      "permissions": [
        {
          "kind": "drive#permission",
          "id": "06941688514420538122",
          "type": "user",
          "emailAddress": "fastlane-android-apk@mythic-display-237310.iam.gserviceaccount.com",
          "role": "owner",
          "displayName": "fastlane-android-apk@mythic-display-237310.iam.gserviceaccount.com",
          "photoLink": "https://lh3.googleusercontent.com/a/default-user=s64",
          "deleted": false,
          "pendingOwner": false
        }
      ],
      "permissionIds": [
        "06941688514420538122"
      ],
      "originalFilename": "ticket-155-3.1.0-9c35049c.apk",
      "fullFileExtension": "0-9c35049c.apk",
      "fileExtension": "apk",
      "md5Checksum": "f7486babc60902b77fcd35e80335f9f8",
      "size": "62738309",
      "quotaBytesUsed": "62738309",
      "headRevisionId": "0ByDi02V-dEkAOTNpN0hZRkZQRnJtcHh2NEJlWHEyY3Jab1U4PQ",
      "isAppAuthorized": true,
      "linkShareMetadata": {
        "securityUpdateEligible": false,
        "securityUpdateEnabled": true
      }
    },
    {
      "kind": "drive#file",
      "id": "1Uqz-Pm-yaxqKc2dhUIIO_ijD5Osg1QUf",
      "name": "ticket-289-3.1.0-f3cb5c9b.apk",
      "mimeType": "application/vnd.android.package-archive",
      "starred": false,
      "trashed": false,
      "explicitlyTrashed": false,
      "parents": [
        "1N3PmrCeFkRRSD4TGLO3YPW9dOU23zFHs"
      ],
      "spaces": [
        "drive"
      ],
      "version": "4",
      "webContentLink": "https://drive.google.com/uc?id=1Uqz-Pm-yaxqKc2dhUIIO_ijD5Osg1QUf&export=download",
      "webViewLink": "https://drive.google.com/file/d/1Uqz-Pm-yaxqKc2dhUIIO_ijD5Osg1QUf/view?usp=drivesdk",
      "iconLink": "https://drive-thirdparty.googleusercontent.com/16/type/application/vnd.android.package-archive",
      "hasThumbnail": false,
      "thumbnailVersion": "0",
      "viewedByMe": false,
      "createdTime": "2022-02-09T09:30:58.575Z",
      "modifiedTime": "2022-02-09T09:30:58.575Z",
      "modifiedByMeTime": "2022-02-09T09:30:58.575Z",
      "modifiedByMe": true,
      "owners": [
        {
          "kind": "drive#user",
          "displayName": "fastlane-android-apk@mythic-display-237310.iam.gserviceaccount.com",
          "photoLink": "https://lh3.googleusercontent.com/a/default-user=s64",
          "me": true,
          "permissionId": "06941688514420538122",
          "emailAddress": "fastlane-android-apk@mythic-display-237310.iam.gserviceaccount.com"
        }
      ],
      "lastModifyingUser": {
        "kind": "drive#user",
        "displayName": "fastlane-android-apk@mythic-display-237310.iam.gserviceaccount.com",
        "photoLink": "https://lh3.googleusercontent.com/a/default-user=s64",
        "me": true,
        "permissionId": "06941688514420538122",
        "emailAddress": "fastlane-android-apk@mythic-display-237310.iam.gserviceaccount.com"
      },
      "shared": true,
      "ownedByMe": true,
      "capabilities": {
        "canAcceptOwnership": false,
        "canAddChildren": false,
        "canAddMyDriveParent": false,
        "canChangeCopyRequiresWriterPermission": true,
        "canChangeSecurityUpdateEnabled": false,
        "canChangeViewersCanCopyContent": true,
        "canComment": true,
        "canCopy": true,
        "canDelete": true,
        "canDownload": true,
        "canEdit": true,
        "canListChildren": false,
        "canModifyContent": true,
        "canModifyLabels": false,
        "canMoveChildrenWithinDrive": false,
        "canMoveItemIntoTeamDrive": true,
        "canMoveItemOutOfDrive": true,
        "canMoveItemWithinDrive": true,
        "canReadLabels": false,
        "canReadRevisions": true,
        "canRemoveChildren": false,
        "canRemoveMyDriveParent": true,
        "canRename": true,
        "canShare": true,
        "canTrash": true,
        "canUntrash": true
      },
      "viewersCanCopyContent": true,
      "copyRequiresWriterPermission": false,
      "writersCanShare": true,
      "permissions": [
        {
          "kind": "drive#permission",
          "id": "15924969308100435788",
          "type": "user",
          "emailAddress": "vinh.thieu@antbuddy.com",
          "role": "writer",
          "displayName": "Vinh Thieu Quang",
          "photoLink": "https://lh3.googleusercontent.com/a-/AFdZucpYOGt2Om1Y9j-rbCpskN6xbI7bfsLL6Pq5dNGQyg=s64",
          "deleted": false,
          "pendingOwner": false
        },
        {
          "kind": "drive#permission",
          "id": "17303972415997736298k",
          "type": "domain",
          "domain": "antbuddy.com",
          "role": "writer",
          "allowFileDiscovery": false,
          "displayName": "AntBuddy"
        },
        {
          "kind": "drive#permission",
          "id": "06941688514420538122",
          "type": "user",
          "emailAddress": "fastlane-android-apk@mythic-display-237310.iam.gserviceaccount.com",
          "role": "owner",
          "displayName": "fastlane-android-apk@mythic-display-237310.iam.gserviceaccount.com",
          "photoLink": "https://lh3.googleusercontent.com/a/default-user=s64",
          "deleted": false,
          "pendingOwner": false
        }
      ],
      "permissionIds": [
        "15924969308100435788",
        "17303972415997736298k",
        "06941688514420538122"
      ],
      "originalFilename": "ticket-289-3.1.0-f3cb5c9b.apk",
      "fullFileExtension": "0-f3cb5c9b.apk",
      "fileExtension": "apk",
      "md5Checksum": "9da1e8386ea0447d0666739b6b20f374",
      "size": "62737548",
      "quotaBytesUsed": "62737548",
      "headRevisionId": "0ByDi02V-dEkAZHR2U3VCbURXUnJVdHJ5Sm9jYnp6b3FJOEdjPQ",
      "isAppAuthorized": true,
      "linkShareMetadata": {
        "securityUpdateEligible": false,
        "securityUpdateEnabled": true
      }
    },
    {
      "kind": "drive#file",
      "id": "1XxA5pbDB4pU4AhTbZnA4NhBbFTQlORrz",
      "name": "ticket-287-3.1.0-cd36163f.apk",
      "mimeType": "application/vnd.android.package-archive",
      "starred": false,
      "trashed": false,
      "explicitlyTrashed": false,
      "parents": [
        "1N3PmrCeFkRRSD4TGLO3YPW9dOU23zFHs"
      ],
      "spaces": [
        "drive"
      ],
      "version": "5",
      "webContentLink": "https://drive.google.com/uc?id=1XxA5pbDB4pU4AhTbZnA4NhBbFTQlORrz&export=download",
      "webViewLink": "https://drive.google.com/file/d/1XxA5pbDB4pU4AhTbZnA4NhBbFTQlORrz/view?usp=drivesdk",
      "iconLink": "https://drive-thirdparty.googleusercontent.com/16/type/application/vnd.android.package-archive",
      "hasThumbnail": false,
      "thumbnailVersion": "0",
      "viewedByMe": false,
      "createdTime": "2022-02-09T10:18:18.300Z",
      "modifiedTime": "2022-02-09T10:18:18.300Z",
      "modifiedByMeTime": "2022-02-09T10:18:18.300Z",
      "modifiedByMe": true,
      "owners": [
        {
          "kind": "drive#user",
          "displayName": "fastlane-android-apk@mythic-display-237310.iam.gserviceaccount.com",
          "photoLink": "https://lh3.googleusercontent.com/a/default-user=s64",
          "me": true,
          "permissionId": "06941688514420538122",
          "emailAddress": "fastlane-android-apk@mythic-display-237310.iam.gserviceaccount.com"
        }
      ],
      "lastModifyingUser": {
        "kind": "drive#user",
        "displayName": "fastlane-android-apk@mythic-display-237310.iam.gserviceaccount.com",
        "photoLink": "https://lh3.googleusercontent.com/a/default-user=s64",
        "me": true,
        "permissionId": "06941688514420538122",
        "emailAddress": "fastlane-android-apk@mythic-display-237310.iam.gserviceaccount.com"
      },
      "shared": true,
      "ownedByMe": true,
      "capabilities": {
        "canAcceptOwnership": false,
        "canAddChildren": false,
        "canAddMyDriveParent": false,
        "canChangeCopyRequiresWriterPermission": true,
        "canChangeSecurityUpdateEnabled": false,
        "canChangeViewersCanCopyContent": true,
        "canComment": true,
        "canCopy": true,
        "canDelete": true,
        "canDownload": true,
        "canEdit": true,
        "canListChildren": false,
        "canModifyContent": true,
        "canModifyLabels": false,
        "canMoveChildrenWithinDrive": false,
        "canMoveItemIntoTeamDrive": true,
        "canMoveItemOutOfDrive": true,
        "canMoveItemWithinDrive": true,
        "canReadLabels": false,
        "canReadRevisions": true,
        "canRemoveChildren": false,
        "canRemoveMyDriveParent": true,
        "canRename": true,
        "canShare": true,
        "canTrash": true,
        "canUntrash": true
      },
      "viewersCanCopyContent": true,
      "copyRequiresWriterPermission": false,
      "writersCanShare": true,
      "permissions": [
        {
          "kind": "drive#permission",
          "id": "15924969308100435788",
          "type": "user",
          "emailAddress": "vinh.thieu@antbuddy.com",
          "role": "writer",
          "displayName": "Vinh Thieu Quang",
          "photoLink": "https://lh3.googleusercontent.com/a-/AFdZucpYOGt2Om1Y9j-rbCpskN6xbI7bfsLL6Pq5dNGQyg=s64",
          "deleted": false,
          "pendingOwner": false
        },
        {
          "kind": "drive#permission",
          "id": "17303972415997736298k",
          "type": "domain",
          "domain": "antbuddy.com",
          "role": "writer",
          "allowFileDiscovery": false,
          "displayName": "AntBuddy"
        },
        {
          "kind": "drive#permission",
          "id": "06941688514420538122",
          "type": "user",
          "emailAddress": "fastlane-android-apk@mythic-display-237310.iam.gserviceaccount.com",
          "role": "owner",
          "displayName": "fastlane-android-apk@mythic-display-237310.iam.gserviceaccount.com",
          "photoLink": "https://lh3.googleusercontent.com/a/default-user=s64",
          "deleted": false,
          "pendingOwner": false
        }
      ],
      "permissionIds": [
        "15924969308100435788",
        "17303972415997736298k",
        "06941688514420538122"
      ],
      "originalFilename": "ticket-287-3.1.0-cd36163f.apk",
      "fullFileExtension": "0-cd36163f.apk",
      "fileExtension": "apk",
      "md5Checksum": "e72e00900a95e2a063c6a1611e19d8c0",
      "size": "62737686",
      "quotaBytesUsed": "62737686",
      "headRevisionId": "0ByDi02V-dEkAVnByNEFoRGZjUlFCVGZlSW9iakhkdjNIaUhFPQ",
      "isAppAuthorized": true,
      "linkShareMetadata": {
        "securityUpdateEligible": false,
        "securityUpdateEnabled": true
      }
    },
    {
      "kind": "drive#file",
      "id": "1LC5k8hJsXKC8SJfudyHIlK6fuVOL_NbO",
      "name": "ticket-287-3.1.0-2a13b23f.apk",
      "mimeType": "application/vnd.android.package-archive",
      "starred": false,
      "trashed": false,
      "explicitlyTrashed": false,
      "parents": [
        "1N3PmrCeFkRRSD4TGLO3YPW9dOU23zFHs"
      ],
      "spaces": [
        "drive"
      ],
      "version": "5",
      "webContentLink": "https://drive.google.com/uc?id=1LC5k8hJsXKC8SJfudyHIlK6fuVOL_NbO&export=download",
      "webViewLink": "https://drive.google.com/file/d/1LC5k8hJsXKC8SJfudyHIlK6fuVOL_NbO/view?usp=drivesdk",
      "iconLink": "https://drive-thirdparty.googleusercontent.com/16/type/application/vnd.android.package-archive",
      "hasThumbnail": false,
      "thumbnailVersion": "0",
      "viewedByMe": false,
      "createdTime": "2022-02-11T08:40:42.314Z",
      "modifiedTime": "2022-02-11T08:40:42.314Z",
      "modifiedByMeTime": "2022-02-11T08:40:42.314Z",
      "modifiedByMe": true,
      "owners": [
        {
          "kind": "drive#user",
          "displayName": "fastlane-android-apk@mythic-display-237310.iam.gserviceaccount.com",
          "photoLink": "https://lh3.googleusercontent.com/a/default-user=s64",
          "me": true,
          "permissionId": "06941688514420538122",
          "emailAddress": "fastlane-android-apk@mythic-display-237310.iam.gserviceaccount.com"
        }
      ],
      "lastModifyingUser": {
        "kind": "drive#user",
        "displayName": "fastlane-android-apk@mythic-display-237310.iam.gserviceaccount.com",
        "photoLink": "https://lh3.googleusercontent.com/a/default-user=s64",
        "me": true,
        "permissionId": "06941688514420538122",
        "emailAddress": "fastlane-android-apk@mythic-display-237310.iam.gserviceaccount.com"
      },
      "shared": true,
      "ownedByMe": true,
      "capabilities": {
        "canAcceptOwnership": false,
        "canAddChildren": false,
        "canAddMyDriveParent": false,
        "canChangeCopyRequiresWriterPermission": true,
        "canChangeSecurityUpdateEnabled": false,
        "canChangeViewersCanCopyContent": true,
        "canComment": true,
        "canCopy": true,
        "canDelete": true,
        "canDownload": true,
        "canEdit": true,
        "canListChildren": false,
        "canModifyContent": true,
        "canModifyLabels": false,
        "canMoveChildrenWithinDrive": false,
        "canMoveItemIntoTeamDrive": true,
        "canMoveItemOutOfDrive": true,
        "canMoveItemWithinDrive": true,
        "canReadLabels": false,
        "canReadRevisions": true,
        "canRemoveChildren": false,
        "canRemoveMyDriveParent": true,
        "canRename": true,
        "canShare": true,
        "canTrash": true,
        "canUntrash": true
      },
      "viewersCanCopyContent": true,
      "copyRequiresWriterPermission": false,
      "writersCanShare": true,
      "permissions": [
        {
          "kind": "drive#permission",
          "id": "15924969308100435788",
          "type": "user",
          "emailAddress": "vinh.thieu@antbuddy.com",
          "role": "writer",
          "displayName": "Vinh Thieu Quang",
          "photoLink": "https://lh3.googleusercontent.com/a-/AFdZucpYOGt2Om1Y9j-rbCpskN6xbI7bfsLL6Pq5dNGQyg=s64",
          "deleted": false,
          "pendingOwner": false
        },
        {
          "kind": "drive#permission",
          "id": "17303972415997736298k",
          "type": "domain",
          "domain": "antbuddy.com",
          "role": "writer",
          "allowFileDiscovery": false,
          "displayName": "AntBuddy"
        },
        {
          "kind": "drive#permission",
          "id": "06941688514420538122",
          "type": "user",
          "emailAddress": "fastlane-android-apk@mythic-display-237310.iam.gserviceaccount.com",
          "role": "owner",
          "displayName": "fastlane-android-apk@mythic-display-237310.iam.gserviceaccount.com",
          "photoLink": "https://lh3.googleusercontent.com/a/default-user=s64",
          "deleted": false,
          "pendingOwner": false
        }
      ],
      "permissionIds": [
        "15924969308100435788",
        "17303972415997736298k",
        "06941688514420538122"
      ],
      "originalFilename": "ticket-287-3.1.0-2a13b23f.apk",
      "fullFileExtension": "0-2a13b23f.apk",
      "fileExtension": "apk",
      "md5Checksum": "740eb8d63ac751d5ac529bd2082d0e9c",
      "size": "62737736",
      "quotaBytesUsed": "62737736",
      "headRevisionId": "0ByDi02V-dEkAU2JtWXlMWVIxak5Oc2ZWUEZkRzBOcFpUUGZvPQ",
      "isAppAuthorized": true,
      "linkShareMetadata": {
        "securityUpdateEligible": false,
        "securityUpdateEnabled": true
      }
    },
    {
      "kind": "drive#file",
      "id": "1CRMf8QswjU5jkkOCvmGfh1fYOorZqa7h",
      "name": "ticket-288-3.1.0-2a13b23f.apk",
      "mimeType": "application/vnd.android.package-archive",
      "starred": false,
      "trashed": false,
      "explicitlyTrashed": false,
      "parents": [
        "1N3PmrCeFkRRSD4TGLO3YPW9dOU23zFHs"
      ],
      "spaces": [
        "drive"
      ],
      "version": "4",
      "webContentLink": "https://drive.google.com/uc?id=1CRMf8QswjU5jkkOCvmGfh1fYOorZqa7h&export=download",
      "webViewLink": "https://drive.google.com/file/d/1CRMf8QswjU5jkkOCvmGfh1fYOorZqa7h/view?usp=drivesdk",
      "iconLink": "https://drive-thirdparty.googleusercontent.com/16/type/application/vnd.android.package-archive",
      "hasThumbnail": false,
      "thumbnailVersion": "0",
      "viewedByMe": false,
      "createdTime": "2022-02-14T02:46:21.829Z",
      "modifiedTime": "2022-02-14T02:46:21.829Z",
      "modifiedByMeTime": "2022-02-14T02:46:21.829Z",
      "modifiedByMe": true,
      "owners": [
        {
          "kind": "drive#user",
          "displayName": "fastlane-android-apk@mythic-display-237310.iam.gserviceaccount.com",
          "photoLink": "https://lh3.googleusercontent.com/a/default-user=s64",
          "me": true,
          "permissionId": "06941688514420538122",
          "emailAddress": "fastlane-android-apk@mythic-display-237310.iam.gserviceaccount.com"
        }
      ],
      "lastModifyingUser": {
        "kind": "drive#user",
        "displayName": "fastlane-android-apk@mythic-display-237310.iam.gserviceaccount.com",
        "photoLink": "https://lh3.googleusercontent.com/a/default-user=s64",
        "me": true,
        "permissionId": "06941688514420538122",
        "emailAddress": "fastlane-android-apk@mythic-display-237310.iam.gserviceaccount.com"
      },
      "shared": true,
      "ownedByMe": true,
      "capabilities": {
        "canAcceptOwnership": false,
        "canAddChildren": false,
        "canAddMyDriveParent": false,
        "canChangeCopyRequiresWriterPermission": true,
        "canChangeSecurityUpdateEnabled": false,
        "canChangeViewersCanCopyContent": true,
        "canComment": true,
        "canCopy": true,
        "canDelete": true,
        "canDownload": true,
        "canEdit": true,
        "canListChildren": false,
        "canModifyContent": true,
        "canModifyLabels": false,
        "canMoveChildrenWithinDrive": false,
        "canMoveItemIntoTeamDrive": true,
        "canMoveItemOutOfDrive": true,
        "canMoveItemWithinDrive": true,
        "canReadLabels": false,
        "canReadRevisions": true,
        "canRemoveChildren": false,
        "canRemoveMyDriveParent": true,
        "canRename": true,
        "canShare": true,
        "canTrash": true,
        "canUntrash": true
      },
      "viewersCanCopyContent": true,
      "copyRequiresWriterPermission": false,
      "writersCanShare": true,
      "permissions": [
        {
          "kind": "drive#permission",
          "id": "15924969308100435788",
          "type": "user",
          "emailAddress": "vinh.thieu@antbuddy.com",
          "role": "writer",
          "displayName": "Vinh Thieu Quang",
          "photoLink": "https://lh3.googleusercontent.com/a-/AFdZucpYOGt2Om1Y9j-rbCpskN6xbI7bfsLL6Pq5dNGQyg=s64",
          "deleted": false,
          "pendingOwner": false
        },
        {
          "kind": "drive#permission",
          "id": "17303972415997736298k",
          "type": "domain",
          "domain": "antbuddy.com",
          "role": "writer",
          "allowFileDiscovery": false,
          "displayName": "AntBuddy"
        },
        {
          "kind": "drive#permission",
          "id": "06941688514420538122",
          "type": "user",
          "emailAddress": "fastlane-android-apk@mythic-display-237310.iam.gserviceaccount.com",
          "role": "owner",
          "displayName": "fastlane-android-apk@mythic-display-237310.iam.gserviceaccount.com",
          "photoLink": "https://lh3.googleusercontent.com/a/default-user=s64",
          "deleted": false,
          "pendingOwner": false
        }
      ],
      "permissionIds": [
        "15924969308100435788",
        "17303972415997736298k",
        "06941688514420538122"
      ],
      "originalFilename": "ticket-288-3.1.0-2a13b23f.apk",
      "fullFileExtension": "0-2a13b23f.apk",
      "fileExtension": "apk",
      "md5Checksum": "22fd8adfa0de919f9e50e5b4a2f057d0",
      "size": "62736150",
      "quotaBytesUsed": "62736150",
      "headRevisionId": "0ByDi02V-dEkAamVxRWtRVnRNYzRJelNsL2RCUUZyYlZ5SEtzPQ",
      "isAppAuthorized": true,
      "linkShareMetadata": {
        "securityUpdateEligible": false,
        "securityUpdateEnabled": true
      }
    },
    {
      "kind": "drive#file",
      "id": "1EYepJh3IXV-IVfTvTzgpM5riLsJyeFBd",
      "name": "ticket-155-3.1.0-159270c4.apk",
      "mimeType": "application/vnd.android.package-archive",
      "starred": false,
      "trashed": false,
      "explicitlyTrashed": false,
      "parents": [
        "0ACDi02V-dEkAUk9PVA"
      ],
      "spaces": [
        "drive"
      ],
      "version": "6",
      "webContentLink": "https://drive.google.com/uc?id=1EYepJh3IXV-IVfTvTzgpM5riLsJyeFBd&export=download",
      "webViewLink": "https://drive.google.com/file/d/1EYepJh3IXV-IVfTvTzgpM5riLsJyeFBd/view?usp=drivesdk",
      "iconLink": "https://drive-thirdparty.googleusercontent.com/16/type/application/vnd.android.package-archive",
      "hasThumbnail": false,
      "thumbnailVersion": "0",
      "viewedByMe": false,
      "createdTime": "2022-02-14T07:59:44.261Z",
      "modifiedTime": "2022-02-14T07:59:44.261Z",
      "modifiedByMeTime": "2022-02-14T07:59:44.261Z",
      "modifiedByMe": true,
      "owners": [
        {
          "kind": "drive#user",
          "displayName": "fastlane-android-apk@mythic-display-237310.iam.gserviceaccount.com",
          "photoLink": "https://lh3.googleusercontent.com/a/default-user=s64",
          "me": true,
          "permissionId": "06941688514420538122",
          "emailAddress": "fastlane-android-apk@mythic-display-237310.iam.gserviceaccount.com"
        }
      ],
      "lastModifyingUser": {
        "kind": "drive#user",
        "displayName": "fastlane-android-apk@mythic-display-237310.iam.gserviceaccount.com",
        "photoLink": "https://lh3.googleusercontent.com/a/default-user=s64",
        "me": true,
        "permissionId": "06941688514420538122",
        "emailAddress": "fastlane-android-apk@mythic-display-237310.iam.gserviceaccount.com"
      },
      "shared": false,
      "ownedByMe": true,
      "capabilities": {
        "canAcceptOwnership": false,
        "canAddChildren": false,
        "canAddMyDriveParent": false,
        "canChangeCopyRequiresWriterPermission": true,
        "canChangeSecurityUpdateEnabled": false,
        "canChangeViewersCanCopyContent": true,
        "canComment": true,
        "canCopy": true,
        "canDelete": true,
        "canDownload": true,
        "canEdit": true,
        "canListChildren": false,
        "canModifyContent": true,
        "canModifyLabels": false,
        "canMoveChildrenWithinDrive": false,
        "canMoveItemIntoTeamDrive": true,
        "canMoveItemOutOfDrive": true,
        "canMoveItemWithinDrive": true,
        "canReadLabels": false,
        "canReadRevisions": true,
        "canRemoveChildren": false,
        "canRemoveMyDriveParent": true,
        "canRename": true,
        "canShare": true,
        "canTrash": true,
        "canUntrash": true
      },
      "viewersCanCopyContent": true,
      "copyRequiresWriterPermission": false,
      "writersCanShare": true,
      "permissions": [
        {
          "kind": "drive#permission",
          "id": "06941688514420538122",
          "type": "user",
          "emailAddress": "fastlane-android-apk@mythic-display-237310.iam.gserviceaccount.com",
          "role": "owner",
          "displayName": "fastlane-android-apk@mythic-display-237310.iam.gserviceaccount.com",
          "photoLink": "https://lh3.googleusercontent.com/a/default-user=s64",
          "deleted": false,
          "pendingOwner": false
        }
      ],
      "permissionIds": [
        "06941688514420538122"
      ],
      "originalFilename": "ticket-155-3.1.0-159270c4.apk",
      "fullFileExtension": "0-159270c4.apk",
      "fileExtension": "apk",
      "md5Checksum": "ad2550e65c6b8a30583771304ce65b75",
      "size": "62737101",
      "quotaBytesUsed": "62737101",
      "headRevisionId": "0ByDi02V-dEkAVVY4c3BIUUJGUFllbkFuTTN3N3owSjhKWFdNPQ",
      "isAppAuthorized": true,
      "linkShareMetadata": {
        "securityUpdateEligible": false,
        "securityUpdateEnabled": true
      }
    },
    {
      "kind": "drive#file",
      "id": "1YtqISPYLbCq95V01ezrIwuQog7dw_7lh",
      "name": "ticket-283-3.1.0-c166ca19.apk",
      "mimeType": "application/vnd.android.package-archive",
      "starred": false,
      "trashed": false,
      "explicitlyTrashed": false,
      "parents": [
        "1N3PmrCeFkRRSD4TGLO3YPW9dOU23zFHs"
      ],
      "spaces": [
        "drive"
      ],
      "version": "5",
      "webContentLink": "https://drive.google.com/uc?id=1YtqISPYLbCq95V01ezrIwuQog7dw_7lh&export=download",
      "webViewLink": "https://drive.google.com/file/d/1YtqISPYLbCq95V01ezrIwuQog7dw_7lh/view?usp=drivesdk",
      "iconLink": "https://drive-thirdparty.googleusercontent.com/16/type/application/vnd.android.package-archive",
      "hasThumbnail": false,
      "thumbnailVersion": "0",
      "viewedByMe": false,
      "createdTime": "2022-02-15T03:31:43.093Z",
      "modifiedTime": "2022-02-15T03:31:43.093Z",
      "modifiedByMeTime": "2022-02-15T03:31:43.093Z",
      "modifiedByMe": true,
      "owners": [
        {
          "kind": "drive#user",
          "displayName": "fastlane-android-apk@mythic-display-237310.iam.gserviceaccount.com",
          "photoLink": "https://lh3.googleusercontent.com/a/default-user=s64",
          "me": true,
          "permissionId": "06941688514420538122",
          "emailAddress": "fastlane-android-apk@mythic-display-237310.iam.gserviceaccount.com"
        }
      ],
      "lastModifyingUser": {
        "kind": "drive#user",
        "displayName": "fastlane-android-apk@mythic-display-237310.iam.gserviceaccount.com",
        "photoLink": "https://lh3.googleusercontent.com/a/default-user=s64",
        "me": true,
        "permissionId": "06941688514420538122",
        "emailAddress": "fastlane-android-apk@mythic-display-237310.iam.gserviceaccount.com"
      },
      "shared": true,
      "ownedByMe": true,
      "capabilities": {
        "canAcceptOwnership": false,
        "canAddChildren": false,
        "canAddMyDriveParent": false,
        "canChangeCopyRequiresWriterPermission": true,
        "canChangeSecurityUpdateEnabled": false,
        "canChangeViewersCanCopyContent": true,
        "canComment": true,
        "canCopy": true,
        "canDelete": true,
        "canDownload": true,
        "canEdit": true,
        "canListChildren": false,
        "canModifyContent": true,
        "canModifyLabels": false,
        "canMoveChildrenWithinDrive": false,
        "canMoveItemIntoTeamDrive": true,
        "canMoveItemOutOfDrive": true,
        "canMoveItemWithinDrive": true,
        "canReadLabels": false,
        "canReadRevisions": true,
        "canRemoveChildren": false,
        "canRemoveMyDriveParent": true,
        "canRename": true,
        "canShare": true,
        "canTrash": true,
        "canUntrash": true
      },
      "viewersCanCopyContent": true,
      "copyRequiresWriterPermission": false,
      "writersCanShare": true,
      "permissions": [
        {
          "kind": "drive#permission",
          "id": "15924969308100435788",
          "type": "user",
          "emailAddress": "vinh.thieu@antbuddy.com",
          "role": "writer",
          "displayName": "Vinh Thieu Quang",
          "photoLink": "https://lh3.googleusercontent.com/a-/AFdZucpYOGt2Om1Y9j-rbCpskN6xbI7bfsLL6Pq5dNGQyg=s64",
          "deleted": false,
          "pendingOwner": false
        },
        {
          "kind": "drive#permission",
          "id": "17303972415997736298k",
          "type": "domain",
          "domain": "antbuddy.com",
          "role": "writer",
          "allowFileDiscovery": false,
          "displayName": "AntBuddy"
        },
        {
          "kind": "drive#permission",
          "id": "06941688514420538122",
          "type": "user",
          "emailAddress": "fastlane-android-apk@mythic-display-237310.iam.gserviceaccount.com",
          "role": "owner",
          "displayName": "fastlane-android-apk@mythic-display-237310.iam.gserviceaccount.com",
          "photoLink": "https://lh3.googleusercontent.com/a/default-user=s64",
          "deleted": false,
          "pendingOwner": false
        }
      ],
      "permissionIds": [
        "15924969308100435788",
        "17303972415997736298k",
        "06941688514420538122"
      ],
      "originalFilename": "ticket-283-3.1.0-c166ca19.apk",
      "fullFileExtension": "0-c166ca19.apk",
      "fileExtension": "apk",
      "md5Checksum": "0f0acad8482695f53d3c4cc2bcb0aed3",
      "size": "62736158",
      "quotaBytesUsed": "62736158",
      "headRevisionId": "0ByDi02V-dEkAZWY4VStTZHVOUlZBMDVFYnVLR293MGN2L1lBPQ",
      "isAppAuthorized": true,
      "linkShareMetadata": {
        "securityUpdateEligible": false,
        "securityUpdateEnabled": true
      }
    },
    {
      "kind": "drive#file",
      "id": "1ynTUq1MnTfa7Cnlh9Vpu2_Qka6bSK5jt",
      "name": "ticket-284-3.1.0-afb68c63.apk",
      "mimeType": "application/vnd.android.package-archive",
      "starred": false,
      "trashed": false,
      "explicitlyTrashed": false,
      "parents": [
        "1N3PmrCeFkRRSD4TGLO3YPW9dOU23zFHs"
      ],
      "spaces": [
        "drive"
      ],
      "version": "4",
      "webContentLink": "https://drive.google.com/uc?id=1ynTUq1MnTfa7Cnlh9Vpu2_Qka6bSK5jt&export=download",
      "webViewLink": "https://drive.google.com/file/d/1ynTUq1MnTfa7Cnlh9Vpu2_Qka6bSK5jt/view?usp=drivesdk",
      "iconLink": "https://drive-thirdparty.googleusercontent.com/16/type/application/vnd.android.package-archive",
      "hasThumbnail": false,
      "thumbnailVersion": "0",
      "viewedByMe": false,
      "createdTime": "2022-02-15T07:32:22.482Z",
      "modifiedTime": "2022-02-15T07:32:22.482Z",
      "modifiedByMeTime": "2022-02-15T07:32:22.482Z",
      "modifiedByMe": true,
      "owners": [
        {
          "kind": "drive#user",
          "displayName": "fastlane-android-apk@mythic-display-237310.iam.gserviceaccount.com",
          "photoLink": "https://lh3.googleusercontent.com/a/default-user=s64",
          "me": true,
          "permissionId": "06941688514420538122",
          "emailAddress": "fastlane-android-apk@mythic-display-237310.iam.gserviceaccount.com"
        }
      ],
      "lastModifyingUser": {
        "kind": "drive#user",
        "displayName": "fastlane-android-apk@mythic-display-237310.iam.gserviceaccount.com",
        "photoLink": "https://lh3.googleusercontent.com/a/default-user=s64",
        "me": true,
        "permissionId": "06941688514420538122",
        "emailAddress": "fastlane-android-apk@mythic-display-237310.iam.gserviceaccount.com"
      },
      "shared": true,
      "ownedByMe": true,
      "capabilities": {
        "canAcceptOwnership": false,
        "canAddChildren": false,
        "canAddMyDriveParent": false,
        "canChangeCopyRequiresWriterPermission": true,
        "canChangeSecurityUpdateEnabled": false,
        "canChangeViewersCanCopyContent": true,
        "canComment": true,
        "canCopy": true,
        "canDelete": true,
        "canDownload": true,
        "canEdit": true,
        "canListChildren": false,
        "canModifyContent": true,
        "canModifyLabels": false,
        "canMoveChildrenWithinDrive": false,
        "canMoveItemIntoTeamDrive": true,
        "canMoveItemOutOfDrive": true,
        "canMoveItemWithinDrive": true,
        "canReadLabels": false,
        "canReadRevisions": true,
        "canRemoveChildren": false,
        "canRemoveMyDriveParent": true,
        "canRename": true,
        "canShare": true,
        "canTrash": true,
        "canUntrash": true
      },
      "viewersCanCopyContent": true,
      "copyRequiresWriterPermission": false,
      "writersCanShare": true,
      "permissions": [
        {
          "kind": "drive#permission",
          "id": "15924969308100435788",
          "type": "user",
          "emailAddress": "vinh.thieu@antbuddy.com",
          "role": "writer",
          "displayName": "Vinh Thieu Quang",
          "photoLink": "https://lh3.googleusercontent.com/a-/AFdZucpYOGt2Om1Y9j-rbCpskN6xbI7bfsLL6Pq5dNGQyg=s64",
          "deleted": false,
          "pendingOwner": false
        },
        {
          "kind": "drive#permission",
          "id": "17303972415997736298k",
          "type": "domain",
          "domain": "antbuddy.com",
          "role": "writer",
          "allowFileDiscovery": false,
          "displayName": "AntBuddy"
        },
        {
          "kind": "drive#permission",
          "id": "06941688514420538122",
          "type": "user",
          "emailAddress": "fastlane-android-apk@mythic-display-237310.iam.gserviceaccount.com",
          "role": "owner",
          "displayName": "fastlane-android-apk@mythic-display-237310.iam.gserviceaccount.com",
          "photoLink": "https://lh3.googleusercontent.com/a/default-user=s64",
          "deleted": false,
          "pendingOwner": false
        }
      ],
      "permissionIds": [
        "15924969308100435788",
        "17303972415997736298k",
        "06941688514420538122"
      ],
      "originalFilename": "ticket-284-3.1.0-afb68c63.apk",
      "fullFileExtension": "0-afb68c63.apk",
      "fileExtension": "apk",
      "md5Checksum": "70cd963f026b44c43be1c2c057836a85",
      "size": "62739762",
      "quotaBytesUsed": "62739762",
      "headRevisionId": "0ByDi02V-dEkAVk0wWjdaTVN4bkF2ekllNXBEVi9ueXZaNnFrPQ",
      "isAppAuthorized": true,
      "linkShareMetadata": {
        "securityUpdateEligible": false,
        "securityUpdateEnabled": true
      }
    },
    {
      "kind": "drive#file",
      "id": "1OooMNjXkD_sFtN1NO8BcqPUu0bqNRAJT",
      "name": "ticket-284-3.1.0-0d6e78bc.apk",
      "mimeType": "application/vnd.android.package-archive",
      "starred": false,
      "trashed": false,
      "explicitlyTrashed": false,
      "parents": [
        "1N3PmrCeFkRRSD4TGLO3YPW9dOU23zFHs"
      ],
      "spaces": [
        "drive"
      ],
      "version": "4",
      "webContentLink": "https://drive.google.com/uc?id=1OooMNjXkD_sFtN1NO8BcqPUu0bqNRAJT&export=download",
      "webViewLink": "https://drive.google.com/file/d/1OooMNjXkD_sFtN1NO8BcqPUu0bqNRAJT/view?usp=drivesdk",
      "iconLink": "https://drive-thirdparty.googleusercontent.com/16/type/application/vnd.android.package-archive",
      "hasThumbnail": false,
      "thumbnailVersion": "0",
      "viewedByMe": false,
      "createdTime": "2022-02-15T08:50:06.391Z",
      "modifiedTime": "2022-02-15T08:50:06.391Z",
      "modifiedByMeTime": "2022-02-15T08:50:06.391Z",
      "modifiedByMe": true,
      "owners": [
        {
          "kind": "drive#user",
          "displayName": "fastlane-android-apk@mythic-display-237310.iam.gserviceaccount.com",
          "photoLink": "https://lh3.googleusercontent.com/a/default-user=s64",
          "me": true,
          "permissionId": "06941688514420538122",
          "emailAddress": "fastlane-android-apk@mythic-display-237310.iam.gserviceaccount.com"
        }
      ],
      "lastModifyingUser": {
        "kind": "drive#user",
        "displayName": "fastlane-android-apk@mythic-display-237310.iam.gserviceaccount.com",
        "photoLink": "https://lh3.googleusercontent.com/a/default-user=s64",
        "me": true,
        "permissionId": "06941688514420538122",
        "emailAddress": "fastlane-android-apk@mythic-display-237310.iam.gserviceaccount.com"
      },
      "shared": true,
      "ownedByMe": true,
      "capabilities": {
        "canAcceptOwnership": false,
        "canAddChildren": false,
        "canAddMyDriveParent": false,
        "canChangeCopyRequiresWriterPermission": true,
        "canChangeSecurityUpdateEnabled": false,
        "canChangeViewersCanCopyContent": true,
        "canComment": true,
        "canCopy": true,
        "canDelete": true,
        "canDownload": true,
        "canEdit": true,
        "canListChildren": false,
        "canModifyContent": true,
        "canModifyLabels": false,
        "canMoveChildrenWithinDrive": false,
        "canMoveItemIntoTeamDrive": true,
        "canMoveItemOutOfDrive": true,
        "canMoveItemWithinDrive": true,
        "canReadLabels": false,
        "canReadRevisions": true,
        "canRemoveChildren": false,
        "canRemoveMyDriveParent": true,
        "canRename": true,
        "canShare": true,
        "canTrash": true,
        "canUntrash": true
      },
      "viewersCanCopyContent": true,
      "copyRequiresWriterPermission": false,
      "writersCanShare": true,
      "permissions": [
        {
          "kind": "drive#permission",
          "id": "15924969308100435788",
          "type": "user",
          "emailAddress": "vinh.thieu@antbuddy.com",
          "role": "writer",
          "displayName": "Vinh Thieu Quang",
          "photoLink": "https://lh3.googleusercontent.com/a-/AFdZucpYOGt2Om1Y9j-rbCpskN6xbI7bfsLL6Pq5dNGQyg=s64",
          "deleted": false,
          "pendingOwner": false
        },
        {
          "kind": "drive#permission",
          "id": "17303972415997736298k",
          "type": "domain",
          "domain": "antbuddy.com",
          "role": "writer",
          "allowFileDiscovery": false,
          "displayName": "AntBuddy"
        },
        {
          "kind": "drive#permission",
          "id": "06941688514420538122",
          "type": "user",
          "emailAddress": "fastlane-android-apk@mythic-display-237310.iam.gserviceaccount.com",
          "role": "owner",
          "displayName": "fastlane-android-apk@mythic-display-237310.iam.gserviceaccount.com",
          "photoLink": "https://lh3.googleusercontent.com/a/default-user=s64",
          "deleted": false,
          "pendingOwner": false
        }
      ],
      "permissionIds": [
        "15924969308100435788",
        "17303972415997736298k",
        "06941688514420538122"
      ],
      "originalFilename": "ticket-284-3.1.0-0d6e78bc.apk",
      "fullFileExtension": "0-0d6e78bc.apk",
      "fileExtension": "apk",
      "md5Checksum": "e583c1bef44adcc821f59c6151d3e3f5",
      "size": "62739890",
      "quotaBytesUsed": "62739890",
      "headRevisionId": "0ByDi02V-dEkAMVZlMnNmS1N0cjNHZVdQMnNiR1lhWTVSK0RZPQ",
      "isAppAuthorized": true,
      "linkShareMetadata": {
        "securityUpdateEligible": false,
        "securityUpdateEnabled": true
      }
    },
    {
      "kind": "drive#file",
      "id": "1BePpq1u3n7bYEwvSTF8DNnAnKLCLIQKl",
      "name": "ticket-284-3.1.0-8d32e246.apk",
      "mimeType": "application/vnd.android.package-archive",
      "starred": false,
      "trashed": false,
      "explicitlyTrashed": false,
      "parents": [
        "1N3PmrCeFkRRSD4TGLO3YPW9dOU23zFHs"
      ],
      "spaces": [
        "drive"
      ],
      "version": "7",
      "webContentLink": "https://drive.google.com/uc?id=1BePpq1u3n7bYEwvSTF8DNnAnKLCLIQKl&export=download",
      "webViewLink": "https://drive.google.com/file/d/1BePpq1u3n7bYEwvSTF8DNnAnKLCLIQKl/view?usp=drivesdk",
      "iconLink": "https://drive-thirdparty.googleusercontent.com/16/type/application/vnd.android.package-archive",
      "hasThumbnail": false,
      "thumbnailVersion": "0",
      "viewedByMe": false,
      "createdTime": "2022-02-16T07:32:18.567Z",
      "modifiedTime": "2022-02-16T07:32:18.567Z",
      "modifiedByMeTime": "2022-02-16T07:32:18.567Z",
      "modifiedByMe": true,
      "owners": [
        {
          "kind": "drive#user",
          "displayName": "fastlane-android-apk@mythic-display-237310.iam.gserviceaccount.com",
          "photoLink": "https://lh3.googleusercontent.com/a/default-user=s64",
          "me": true,
          "permissionId": "06941688514420538122",
          "emailAddress": "fastlane-android-apk@mythic-display-237310.iam.gserviceaccount.com"
        }
      ],
      "lastModifyingUser": {
        "kind": "drive#user",
        "displayName": "fastlane-android-apk@mythic-display-237310.iam.gserviceaccount.com",
        "photoLink": "https://lh3.googleusercontent.com/a/default-user=s64",
        "me": true,
        "permissionId": "06941688514420538122",
        "emailAddress": "fastlane-android-apk@mythic-display-237310.iam.gserviceaccount.com"
      },
      "shared": true,
      "ownedByMe": true,
      "capabilities": {
        "canAcceptOwnership": false,
        "canAddChildren": false,
        "canAddMyDriveParent": false,
        "canChangeCopyRequiresWriterPermission": true,
        "canChangeSecurityUpdateEnabled": false,
        "canChangeViewersCanCopyContent": true,
        "canComment": true,
        "canCopy": true,
        "canDelete": true,
        "canDownload": true,
        "canEdit": true,
        "canListChildren": false,
        "canModifyContent": true,
        "canModifyLabels": false,
        "canMoveChildrenWithinDrive": false,
        "canMoveItemIntoTeamDrive": true,
        "canMoveItemOutOfDrive": true,
        "canMoveItemWithinDrive": true,
        "canReadLabels": false,
        "canReadRevisions": true,
        "canRemoveChildren": false,
        "canRemoveMyDriveParent": true,
        "canRename": true,
        "canShare": true,
        "canTrash": true,
        "canUntrash": true
      },
      "viewersCanCopyContent": true,
      "copyRequiresWriterPermission": false,
      "writersCanShare": true,
      "permissions": [
        {
          "kind": "drive#permission",
          "id": "15924969308100435788",
          "type": "user",
          "emailAddress": "vinh.thieu@antbuddy.com",
          "role": "writer",
          "displayName": "Vinh Thieu Quang",
          "photoLink": "https://lh3.googleusercontent.com/a-/AFdZucpYOGt2Om1Y9j-rbCpskN6xbI7bfsLL6Pq5dNGQyg=s64",
          "deleted": false,
          "pendingOwner": false
        },
        {
          "kind": "drive#permission",
          "id": "17303972415997736298k",
          "type": "domain",
          "domain": "antbuddy.com",
          "role": "writer",
          "allowFileDiscovery": false,
          "displayName": "AntBuddy"
        },
        {
          "kind": "drive#permission",
          "id": "06941688514420538122",
          "type": "user",
          "emailAddress": "fastlane-android-apk@mythic-display-237310.iam.gserviceaccount.com",
          "role": "owner",
          "displayName": "fastlane-android-apk@mythic-display-237310.iam.gserviceaccount.com",
          "photoLink": "https://lh3.googleusercontent.com/a/default-user=s64",
          "deleted": false,
          "pendingOwner": false
        }
      ],
      "permissionIds": [
        "15924969308100435788",
        "17303972415997736298k",
        "06941688514420538122"
      ],
      "originalFilename": "ticket-284-3.1.0-8d32e246.apk",
      "fullFileExtension": "0-8d32e246.apk",
      "fileExtension": "apk",
      "md5Checksum": "a11b2840ce88ecf2e3881c7f09a9b777",
      "size": "62739933",
      "quotaBytesUsed": "62739933",
      "headRevisionId": "0ByDi02V-dEkAekVDdFczb0pXc2Z3WlFyaTJpZm5QVHA1TStrPQ",
      "isAppAuthorized": true,
      "linkShareMetadata": {
        "securityUpdateEligible": false,
        "securityUpdateEnabled": true
      }
    },
    {
      "kind": "drive#file",
      "id": "1arb8L95GQ_f0n-XbtS-Xip7l_4Km6wvk",
      "name": "ticket-289-3.1.0-e37a2910.apk",
      "mimeType": "application/vnd.android.package-archive",
      "starred": false,
      "trashed": false,
      "explicitlyTrashed": false,
      "parents": [
        "1N3PmrCeFkRRSD4TGLO3YPW9dOU23zFHs"
      ],
      "spaces": [
        "drive"
      ],
      "version": "5",
      "webContentLink": "https://drive.google.com/uc?id=1arb8L95GQ_f0n-XbtS-Xip7l_4Km6wvk&export=download",
      "webViewLink": "https://drive.google.com/file/d/1arb8L95GQ_f0n-XbtS-Xip7l_4Km6wvk/view?usp=drivesdk",
      "iconLink": "https://drive-thirdparty.googleusercontent.com/16/type/application/vnd.android.package-archive",
      "hasThumbnail": false,
      "thumbnailVersion": "0",
      "viewedByMe": false,
      "createdTime": "2022-02-16T07:57:05.374Z",
      "modifiedTime": "2022-02-16T07:57:05.374Z",
      "modifiedByMeTime": "2022-02-16T07:57:05.374Z",
      "modifiedByMe": true,
      "owners": [
        {
          "kind": "drive#user",
          "displayName": "fastlane-android-apk@mythic-display-237310.iam.gserviceaccount.com",
          "photoLink": "https://lh3.googleusercontent.com/a/default-user=s64",
          "me": true,
          "permissionId": "06941688514420538122",
          "emailAddress": "fastlane-android-apk@mythic-display-237310.iam.gserviceaccount.com"
        }
      ],
      "lastModifyingUser": {
        "kind": "drive#user",
        "displayName": "fastlane-android-apk@mythic-display-237310.iam.gserviceaccount.com",
        "photoLink": "https://lh3.googleusercontent.com/a/default-user=s64",
        "me": true,
        "permissionId": "06941688514420538122",
        "emailAddress": "fastlane-android-apk@mythic-display-237310.iam.gserviceaccount.com"
      },
      "shared": true,
      "ownedByMe": true,
      "capabilities": {
        "canAcceptOwnership": false,
        "canAddChildren": false,
        "canAddMyDriveParent": false,
        "canChangeCopyRequiresWriterPermission": true,
        "canChangeSecurityUpdateEnabled": false,
        "canChangeViewersCanCopyContent": true,
        "canComment": true,
        "canCopy": true,
        "canDelete": true,
        "canDownload": true,
        "canEdit": true,
        "canListChildren": false,
        "canModifyContent": true,
        "canModifyLabels": false,
        "canMoveChildrenWithinDrive": false,
        "canMoveItemIntoTeamDrive": true,
        "canMoveItemOutOfDrive": true,
        "canMoveItemWithinDrive": true,
        "canReadLabels": false,
        "canReadRevisions": true,
        "canRemoveChildren": false,
        "canRemoveMyDriveParent": true,
        "canRename": true,
        "canShare": true,
        "canTrash": true,
        "canUntrash": true
      },
      "viewersCanCopyContent": true,
      "copyRequiresWriterPermission": false,
      "writersCanShare": true,
      "permissions": [
        {
          "kind": "drive#permission",
          "id": "15924969308100435788",
          "type": "user",
          "emailAddress": "vinh.thieu@antbuddy.com",
          "role": "writer",
          "displayName": "Vinh Thieu Quang",
          "photoLink": "https://lh3.googleusercontent.com/a-/AFdZucpYOGt2Om1Y9j-rbCpskN6xbI7bfsLL6Pq5dNGQyg=s64",
          "deleted": false,
          "pendingOwner": false
        },
        {
          "kind": "drive#permission",
          "id": "17303972415997736298k",
          "type": "domain",
          "domain": "antbuddy.com",
          "role": "writer",
          "allowFileDiscovery": false,
          "displayName": "AntBuddy"
        },
        {
          "kind": "drive#permission",
          "id": "06941688514420538122",
          "type": "user",
          "emailAddress": "fastlane-android-apk@mythic-display-237310.iam.gserviceaccount.com",
          "role": "owner",
          "displayName": "fastlane-android-apk@mythic-display-237310.iam.gserviceaccount.com",
          "photoLink": "https://lh3.googleusercontent.com/a/default-user=s64",
          "deleted": false,
          "pendingOwner": false
        }
      ],
      "permissionIds": [
        "15924969308100435788",
        "17303972415997736298k",
        "06941688514420538122"
      ],
      "originalFilename": "ticket-289-3.1.0-e37a2910.apk",
      "fullFileExtension": "0-e37a2910.apk",
      "fileExtension": "apk",
      "md5Checksum": "55aa37f42b89bfc45fd418e5339bf63a",
      "size": "62736114",
      "quotaBytesUsed": "62736114",
      "headRevisionId": "0ByDi02V-dEkAZ1N0SnZ4OGlQZDNRb3FZZm9McFlVSFY4QXRNPQ",
      "isAppAuthorized": true,
      "linkShareMetadata": {
        "securityUpdateEligible": false,
        "securityUpdateEnabled": true
      }
    },
    {
      "kind": "drive#file",
      "id": "1dk5GHgNUXTpvStLA87CVV81GYAKF5Bl9",
      "name": "ticket-155-3.1.0-7f8f0649.apk",
      "mimeType": "application/vnd.android.package-archive",
      "starred": false,
      "trashed": false,
      "explicitlyTrashed": false,
      "parents": [
        "0ACDi02V-dEkAUk9PVA"
      ],
      "spaces": [
        "drive"
      ],
      "version": "5",
      "webContentLink": "https://drive.google.com/uc?id=1dk5GHgNUXTpvStLA87CVV81GYAKF5Bl9&export=download",
      "webViewLink": "https://drive.google.com/file/d/1dk5GHgNUXTpvStLA87CVV81GYAKF5Bl9/view?usp=drivesdk",
      "iconLink": "https://drive-thirdparty.googleusercontent.com/16/type/application/vnd.android.package-archive",
      "hasThumbnail": false,
      "thumbnailVersion": "0",
      "viewedByMe": false,
      "createdTime": "2022-02-16T08:26:41.162Z",
      "modifiedTime": "2022-02-16T08:26:41.162Z",
      "modifiedByMeTime": "2022-02-16T08:26:41.162Z",
      "modifiedByMe": true,
      "owners": [
        {
          "kind": "drive#user",
          "displayName": "fastlane-android-apk@mythic-display-237310.iam.gserviceaccount.com",
          "photoLink": "https://lh3.googleusercontent.com/a/default-user=s64",
          "me": true,
          "permissionId": "06941688514420538122",
          "emailAddress": "fastlane-android-apk@mythic-display-237310.iam.gserviceaccount.com"
        }
      ],
      "lastModifyingUser": {
        "kind": "drive#user",
        "displayName": "fastlane-android-apk@mythic-display-237310.iam.gserviceaccount.com",
        "photoLink": "https://lh3.googleusercontent.com/a/default-user=s64",
        "me": true,
        "permissionId": "06941688514420538122",
        "emailAddress": "fastlane-android-apk@mythic-display-237310.iam.gserviceaccount.com"
      },
      "shared": false,
      "ownedByMe": true,
      "capabilities": {
        "canAcceptOwnership": false,
        "canAddChildren": false,
        "canAddMyDriveParent": false,
        "canChangeCopyRequiresWriterPermission": true,
        "canChangeSecurityUpdateEnabled": false,
        "canChangeViewersCanCopyContent": true,
        "canComment": true,
        "canCopy": true,
        "canDelete": true,
        "canDownload": true,
        "canEdit": true,
        "canListChildren": false,
        "canModifyContent": true,
        "canModifyLabels": false,
        "canMoveChildrenWithinDrive": false,
        "canMoveItemIntoTeamDrive": true,
        "canMoveItemOutOfDrive": true,
        "canMoveItemWithinDrive": true,
        "canReadLabels": false,
        "canReadRevisions": true,
        "canRemoveChildren": false,
        "canRemoveMyDriveParent": true,
        "canRename": true,
        "canShare": true,
        "canTrash": true,
        "canUntrash": true
      },
      "viewersCanCopyContent": true,
      "copyRequiresWriterPermission": false,
      "writersCanShare": true,
      "permissions": [
        {
          "kind": "drive#permission",
          "id": "06941688514420538122",
          "type": "user",
          "emailAddress": "fastlane-android-apk@mythic-display-237310.iam.gserviceaccount.com",
          "role": "owner",
          "displayName": "fastlane-android-apk@mythic-display-237310.iam.gserviceaccount.com",
          "photoLink": "https://lh3.googleusercontent.com/a/default-user=s64",
          "deleted": false,
          "pendingOwner": false
        }
      ],
      "permissionIds": [
        "06941688514420538122"
      ],
      "originalFilename": "ticket-155-3.1.0-7f8f0649.apk",
      "fullFileExtension": "0-7f8f0649.apk",
      "fileExtension": "apk",
      "md5Checksum": "bd50eed223f6cb2e0a755f82e12c34e0",
      "size": "62737101",
      "quotaBytesUsed": "62737101",
      "headRevisionId": "0ByDi02V-dEkARXR6R0xFR0dIdzVDOUhwUEJNT1pOc2pubTRFPQ",
      "isAppAuthorized": true,
      "linkShareMetadata": {
        "securityUpdateEligible": false,
        "securityUpdateEnabled": true
      }
    },
    {
      "kind": "drive#file",
      "id": "1DfLYRTAsEdzAlPLxcJ_2ggTqamv49-F_",
      "name": "ticket-155-3.1.0-eda7648e.apk",
      "mimeType": "application/vnd.android.package-archive",
      "starred": false,
      "trashed": false,
      "explicitlyTrashed": false,
      "parents": [
        "0ACDi02V-dEkAUk9PVA"
      ],
      "spaces": [
        "drive"
      ],
      "version": "6",
      "webContentLink": "https://drive.google.com/uc?id=1DfLYRTAsEdzAlPLxcJ_2ggTqamv49-F_&export=download",
      "webViewLink": "https://drive.google.com/file/d/1DfLYRTAsEdzAlPLxcJ_2ggTqamv49-F_/view?usp=drivesdk",
      "iconLink": "https://drive-thirdparty.googleusercontent.com/16/type/application/vnd.android.package-archive",
      "hasThumbnail": false,
      "thumbnailVersion": "0",
      "viewedByMe": false,
      "createdTime": "2022-02-17T03:38:42.149Z",
      "modifiedTime": "2022-02-17T03:38:42.149Z",
      "modifiedByMeTime": "2022-02-17T03:38:42.149Z",
      "modifiedByMe": true,
      "owners": [
        {
          "kind": "drive#user",
          "displayName": "fastlane-android-apk@mythic-display-237310.iam.gserviceaccount.com",
          "photoLink": "https://lh3.googleusercontent.com/a/default-user=s64",
          "me": true,
          "permissionId": "06941688514420538122",
          "emailAddress": "fastlane-android-apk@mythic-display-237310.iam.gserviceaccount.com"
        }
      ],
      "lastModifyingUser": {
        "kind": "drive#user",
        "displayName": "fastlane-android-apk@mythic-display-237310.iam.gserviceaccount.com",
        "photoLink": "https://lh3.googleusercontent.com/a/default-user=s64",
        "me": true,
        "permissionId": "06941688514420538122",
        "emailAddress": "fastlane-android-apk@mythic-display-237310.iam.gserviceaccount.com"
      },
      "shared": false,
      "ownedByMe": true,
      "capabilities": {
        "canAcceptOwnership": false,
        "canAddChildren": false,
        "canAddMyDriveParent": false,
        "canChangeCopyRequiresWriterPermission": true,
        "canChangeSecurityUpdateEnabled": false,
        "canChangeViewersCanCopyContent": true,
        "canComment": true,
        "canCopy": true,
        "canDelete": true,
        "canDownload": true,
        "canEdit": true,
        "canListChildren": false,
        "canModifyContent": true,
        "canModifyLabels": false,
        "canMoveChildrenWithinDrive": false,
        "canMoveItemIntoTeamDrive": true,
        "canMoveItemOutOfDrive": true,
        "canMoveItemWithinDrive": true,
        "canReadLabels": false,
        "canReadRevisions": true,
        "canRemoveChildren": false,
        "canRemoveMyDriveParent": true,
        "canRename": true,
        "canShare": true,
        "canTrash": true,
        "canUntrash": true
      },
      "viewersCanCopyContent": true,
      "copyRequiresWriterPermission": false,
      "writersCanShare": true,
      "permissions": [
        {
          "kind": "drive#permission",
          "id": "06941688514420538122",
          "type": "user",
          "emailAddress": "fastlane-android-apk@mythic-display-237310.iam.gserviceaccount.com",
          "role": "owner",
          "displayName": "fastlane-android-apk@mythic-display-237310.iam.gserviceaccount.com",
          "photoLink": "https://lh3.googleusercontent.com/a/default-user=s64",
          "deleted": false,
          "pendingOwner": false
        }
      ],
      "permissionIds": [
        "06941688514420538122"
      ],
      "originalFilename": "ticket-155-3.1.0-eda7648e.apk",
      "fullFileExtension": "0-eda7648e.apk",
      "fileExtension": "apk",
      "md5Checksum": "a5c780294a408be0a9056ac68bbb9a71",
      "size": "62737135",
      "quotaBytesUsed": "62737135",
      "headRevisionId": "0ByDi02V-dEkAcFF0TEdUa2t4cm05NWo3d1UybFdBa0M4SjRFPQ",
      "isAppAuthorized": true,
      "linkShareMetadata": {
        "securityUpdateEligible": false,
        "securityUpdateEnabled": true
      }
    },
    {
      "kind": "drive#file",
      "id": "10yv3GRifMtKi3KInojTYWiEU7E-XLVug",
      "name": "ticket-282-3.1.0-1be59217.apk",
      "mimeType": "application/vnd.android.package-archive",
      "starred": false,
      "trashed": false,
      "explicitlyTrashed": false,
      "parents": [
        "1N3PmrCeFkRRSD4TGLO3YPW9dOU23zFHs"
      ],
      "spaces": [
        "drive"
      ],
      "version": "5",
      "webContentLink": "https://drive.google.com/uc?id=10yv3GRifMtKi3KInojTYWiEU7E-XLVug&export=download",
      "webViewLink": "https://drive.google.com/file/d/10yv3GRifMtKi3KInojTYWiEU7E-XLVug/view?usp=drivesdk",
      "iconLink": "https://drive-thirdparty.googleusercontent.com/16/type/application/vnd.android.package-archive",
      "hasThumbnail": false,
      "thumbnailVersion": "0",
      "viewedByMe": false,
      "createdTime": "2022-02-17T07:13:20.503Z",
      "modifiedTime": "2022-02-17T07:13:20.503Z",
      "modifiedByMeTime": "2022-02-17T07:13:20.503Z",
      "modifiedByMe": true,
      "owners": [
        {
          "kind": "drive#user",
          "displayName": "fastlane-android-apk@mythic-display-237310.iam.gserviceaccount.com",
          "photoLink": "https://lh3.googleusercontent.com/a/default-user=s64",
          "me": true,
          "permissionId": "06941688514420538122",
          "emailAddress": "fastlane-android-apk@mythic-display-237310.iam.gserviceaccount.com"
        }
      ],
      "lastModifyingUser": {
        "kind": "drive#user",
        "displayName": "fastlane-android-apk@mythic-display-237310.iam.gserviceaccount.com",
        "photoLink": "https://lh3.googleusercontent.com/a/default-user=s64",
        "me": true,
        "permissionId": "06941688514420538122",
        "emailAddress": "fastlane-android-apk@mythic-display-237310.iam.gserviceaccount.com"
      },
      "shared": true,
      "ownedByMe": true,
      "capabilities": {
        "canAcceptOwnership": false,
        "canAddChildren": false,
        "canAddMyDriveParent": false,
        "canChangeCopyRequiresWriterPermission": true,
        "canChangeSecurityUpdateEnabled": false,
        "canChangeViewersCanCopyContent": true,
        "canComment": true,
        "canCopy": true,
        "canDelete": true,
        "canDownload": true,
        "canEdit": true,
        "canListChildren": false,
        "canModifyContent": true,
        "canModifyLabels": false,
        "canMoveChildrenWithinDrive": false,
        "canMoveItemIntoTeamDrive": true,
        "canMoveItemOutOfDrive": true,
        "canMoveItemWithinDrive": true,
        "canReadLabels": false,
        "canReadRevisions": true,
        "canRemoveChildren": false,
        "canRemoveMyDriveParent": true,
        "canRename": true,
        "canShare": true,
        "canTrash": true,
        "canUntrash": true
      },
      "viewersCanCopyContent": true,
      "copyRequiresWriterPermission": false,
      "writersCanShare": true,
      "permissions": [
        {
          "kind": "drive#permission",
          "id": "15924969308100435788",
          "type": "user",
          "emailAddress": "vinh.thieu@antbuddy.com",
          "role": "writer",
          "displayName": "Vinh Thieu Quang",
          "photoLink": "https://lh3.googleusercontent.com/a-/AFdZucpYOGt2Om1Y9j-rbCpskN6xbI7bfsLL6Pq5dNGQyg=s64",
          "deleted": false,
          "pendingOwner": false
        },
        {
          "kind": "drive#permission",
          "id": "17303972415997736298k",
          "type": "domain",
          "domain": "antbuddy.com",
          "role": "writer",
          "allowFileDiscovery": false,
          "displayName": "AntBuddy"
        },
        {
          "kind": "drive#permission",
          "id": "06941688514420538122",
          "type": "user",
          "emailAddress": "fastlane-android-apk@mythic-display-237310.iam.gserviceaccount.com",
          "role": "owner",
          "displayName": "fastlane-android-apk@mythic-display-237310.iam.gserviceaccount.com",
          "photoLink": "https://lh3.googleusercontent.com/a/default-user=s64",
          "deleted": false,
          "pendingOwner": false
        }
      ],
      "permissionIds": [
        "15924969308100435788",
        "17303972415997736298k",
        "06941688514420538122"
      ],
      "originalFilename": "ticket-282-3.1.0-1be59217.apk",
      "fullFileExtension": "0-1be59217.apk",
      "fileExtension": "apk",
      "md5Checksum": "0f6caf91786f9f013a0122d2656e5d5d",
      "size": "62739907",
      "quotaBytesUsed": "62739907",
      "headRevisionId": "0ByDi02V-dEkAK1lnZmFDbjFvZ1ZERkZwODZ6Sk5TWlFpWkM4PQ",
      "isAppAuthorized": true,
      "linkShareMetadata": {
        "securityUpdateEligible": false,
        "securityUpdateEnabled": true
      }
    },
    {
      "kind": "drive#file",
      "id": "1Bb5u_SISgE_Nma_sd0_U7zHbpcNoTxxz",
      "name": "ticket-284-3.1.0-d9f14d8e.apk",
      "mimeType": "application/vnd.android.package-archive",
      "starred": false,
      "trashed": false,
      "explicitlyTrashed": false,
      "parents": [
        "1N3PmrCeFkRRSD4TGLO3YPW9dOU23zFHs"
      ],
      "spaces": [
        "drive"
      ],
      "version": "4",
      "webContentLink": "https://drive.google.com/uc?id=1Bb5u_SISgE_Nma_sd0_U7zHbpcNoTxxz&export=download",
      "webViewLink": "https://drive.google.com/file/d/1Bb5u_SISgE_Nma_sd0_U7zHbpcNoTxxz/view?usp=drivesdk",
      "iconLink": "https://drive-thirdparty.googleusercontent.com/16/type/application/vnd.android.package-archive",
      "hasThumbnail": false,
      "thumbnailVersion": "0",
      "viewedByMe": false,
      "createdTime": "2022-02-17T09:02:01.654Z",
      "modifiedTime": "2022-02-17T09:02:01.654Z",
      "modifiedByMeTime": "2022-02-17T09:02:01.654Z",
      "modifiedByMe": true,
      "owners": [
        {
          "kind": "drive#user",
          "displayName": "fastlane-android-apk@mythic-display-237310.iam.gserviceaccount.com",
          "photoLink": "https://lh3.googleusercontent.com/a/default-user=s64",
          "me": true,
          "permissionId": "06941688514420538122",
          "emailAddress": "fastlane-android-apk@mythic-display-237310.iam.gserviceaccount.com"
        }
      ],
      "lastModifyingUser": {
        "kind": "drive#user",
        "displayName": "fastlane-android-apk@mythic-display-237310.iam.gserviceaccount.com",
        "photoLink": "https://lh3.googleusercontent.com/a/default-user=s64",
        "me": true,
        "permissionId": "06941688514420538122",
        "emailAddress": "fastlane-android-apk@mythic-display-237310.iam.gserviceaccount.com"
      },
      "shared": true,
      "ownedByMe": true,
      "capabilities": {
        "canAcceptOwnership": false,
        "canAddChildren": false,
        "canAddMyDriveParent": false,
        "canChangeCopyRequiresWriterPermission": true,
        "canChangeSecurityUpdateEnabled": false,
        "canChangeViewersCanCopyContent": true,
        "canComment": true,
        "canCopy": true,
        "canDelete": true,
        "canDownload": true,
        "canEdit": true,
        "canListChildren": false,
        "canModifyContent": true,
        "canModifyLabels": false,
        "canMoveChildrenWithinDrive": false,
        "canMoveItemIntoTeamDrive": true,
        "canMoveItemOutOfDrive": true,
        "canMoveItemWithinDrive": true,
        "canReadLabels": false,
        "canReadRevisions": true,
        "canRemoveChildren": false,
        "canRemoveMyDriveParent": true,
        "canRename": true,
        "canShare": true,
        "canTrash": true,
        "canUntrash": true
      },
      "viewersCanCopyContent": true,
      "copyRequiresWriterPermission": false,
      "writersCanShare": true,
      "permissions": [
        {
          "kind": "drive#permission",
          "id": "15924969308100435788",
          "type": "user",
          "emailAddress": "vinh.thieu@antbuddy.com",
          "role": "writer",
          "displayName": "Vinh Thieu Quang",
          "photoLink": "https://lh3.googleusercontent.com/a-/AFdZucpYOGt2Om1Y9j-rbCpskN6xbI7bfsLL6Pq5dNGQyg=s64",
          "deleted": false,
          "pendingOwner": false
        },
        {
          "kind": "drive#permission",
          "id": "17303972415997736298k",
          "type": "domain",
          "domain": "antbuddy.com",
          "role": "writer",
          "allowFileDiscovery": false,
          "displayName": "AntBuddy"
        },
        {
          "kind": "drive#permission",
          "id": "06941688514420538122",
          "type": "user",
          "emailAddress": "fastlane-android-apk@mythic-display-237310.iam.gserviceaccount.com",
          "role": "owner",
          "displayName": "fastlane-android-apk@mythic-display-237310.iam.gserviceaccount.com",
          "photoLink": "https://lh3.googleusercontent.com/a/default-user=s64",
          "deleted": false,
          "pendingOwner": false
        }
      ],
      "permissionIds": [
        "15924969308100435788",
        "17303972415997736298k",
        "06941688514420538122"
      ],
      "originalFilename": "ticket-284-3.1.0-d9f14d8e.apk",
      "fullFileExtension": "0-d9f14d8e.apk",
      "fileExtension": "apk",
      "md5Checksum": "801160479d288886db7886248c2bf2bf",
      "size": "62739908",
      "quotaBytesUsed": "62739908",
      "headRevisionId": "0ByDi02V-dEkANjZPN1JJQmZGZFlKRHdnWFQ3dnBoMGNNTmVrPQ",
      "isAppAuthorized": true,
      "linkShareMetadata": {
        "securityUpdateEligible": false,
        "securityUpdateEnabled": true
      }
    },
    {
      "kind": "drive#file",
      "id": "1GjeL_1f67AgYn-9zkjMuiqVmZ2Oy_VxJ",
      "name": "ticket-155-3.1.0-d6575085.apk",
      "mimeType": "application/vnd.android.package-archive",
      "starred": false,
      "trashed": false,
      "explicitlyTrashed": false,
      "parents": [
        "0ACDi02V-dEkAUk9PVA"
      ],
      "spaces": [
        "drive"
      ],
      "version": "5",
      "webContentLink": "https://drive.google.com/uc?id=1GjeL_1f67AgYn-9zkjMuiqVmZ2Oy_VxJ&export=download",
      "webViewLink": "https://drive.google.com/file/d/1GjeL_1f67AgYn-9zkjMuiqVmZ2Oy_VxJ/view?usp=drivesdk",
      "iconLink": "https://drive-thirdparty.googleusercontent.com/16/type/application/vnd.android.package-archive",
      "hasThumbnail": false,
      "thumbnailVersion": "0",
      "viewedByMe": false,
      "createdTime": "2022-02-18T02:35:31.589Z",
      "modifiedTime": "2022-02-18T02:35:31.589Z",
      "modifiedByMeTime": "2022-02-18T02:35:31.589Z",
      "modifiedByMe": true,
      "owners": [
        {
          "kind": "drive#user",
          "displayName": "fastlane-android-apk@mythic-display-237310.iam.gserviceaccount.com",
          "photoLink": "https://lh3.googleusercontent.com/a/default-user=s64",
          "me": true,
          "permissionId": "06941688514420538122",
          "emailAddress": "fastlane-android-apk@mythic-display-237310.iam.gserviceaccount.com"
        }
      ],
      "lastModifyingUser": {
        "kind": "drive#user",
        "displayName": "fastlane-android-apk@mythic-display-237310.iam.gserviceaccount.com",
        "photoLink": "https://lh3.googleusercontent.com/a/default-user=s64",
        "me": true,
        "permissionId": "06941688514420538122",
        "emailAddress": "fastlane-android-apk@mythic-display-237310.iam.gserviceaccount.com"
      },
      "shared": false,
      "ownedByMe": true,
      "capabilities": {
        "canAcceptOwnership": false,
        "canAddChildren": false,
        "canAddMyDriveParent": false,
        "canChangeCopyRequiresWriterPermission": true,
        "canChangeSecurityUpdateEnabled": false,
        "canChangeViewersCanCopyContent": true,
        "canComment": true,
        "canCopy": true,
        "canDelete": true,
        "canDownload": true,
        "canEdit": true,
        "canListChildren": false,
        "canModifyContent": true,
        "canModifyLabels": false,
        "canMoveChildrenWithinDrive": false,
        "canMoveItemIntoTeamDrive": true,
        "canMoveItemOutOfDrive": true,
        "canMoveItemWithinDrive": true,
        "canReadLabels": false,
        "canReadRevisions": true,
        "canRemoveChildren": false,
        "canRemoveMyDriveParent": true,
        "canRename": true,
        "canShare": true,
        "canTrash": true,
        "canUntrash": true
      },
      "viewersCanCopyContent": true,
      "copyRequiresWriterPermission": false,
      "writersCanShare": true,
      "permissions": [
        {
          "kind": "drive#permission",
          "id": "06941688514420538122",
          "type": "user",
          "emailAddress": "fastlane-android-apk@mythic-display-237310.iam.gserviceaccount.com",
          "role": "owner",
          "displayName": "fastlane-android-apk@mythic-display-237310.iam.gserviceaccount.com",
          "photoLink": "https://lh3.googleusercontent.com/a/default-user=s64",
          "deleted": false,
          "pendingOwner": false
        }
      ],
      "permissionIds": [
        "06941688514420538122"
      ],
      "originalFilename": "ticket-155-3.1.0-d6575085.apk",
      "fullFileExtension": "0-d6575085.apk",
      "fileExtension": "apk",
      "md5Checksum": "a11171123930f7e95037f07a7d00b5cb",
      "size": "62737147",
      "quotaBytesUsed": "62737147",
      "headRevisionId": "0ByDi02V-dEkANS9WUFk3NXlCVHFaSVJ1RmlTK09BQVFKaVBvPQ",
      "isAppAuthorized": true,
      "linkShareMetadata": {
        "securityUpdateEligible": false,
        "securityUpdateEnabled": true
      }
    },
    {
      "kind": "drive#file",
      "id": "1uKN5oj91tXXPCZw0NaEcVtVKShRi4aSo",
      "name": "ticket-155-3.1.0-688f43eb.apk",
      "mimeType": "application/vnd.android.package-archive",
      "starred": false,
      "trashed": false,
      "explicitlyTrashed": false,
      "parents": [
        "0ACDi02V-dEkAUk9PVA"
      ],
      "spaces": [
        "drive"
      ],
      "version": "5",
      "webContentLink": "https://drive.google.com/uc?id=1uKN5oj91tXXPCZw0NaEcVtVKShRi4aSo&export=download",
      "webViewLink": "https://drive.google.com/file/d/1uKN5oj91tXXPCZw0NaEcVtVKShRi4aSo/view?usp=drivesdk",
      "iconLink": "https://drive-thirdparty.googleusercontent.com/16/type/application/vnd.android.package-archive",
      "hasThumbnail": false,
      "thumbnailVersion": "0",
      "viewedByMe": false,
      "createdTime": "2022-02-18T09:30:32.756Z",
      "modifiedTime": "2022-02-18T09:30:32.756Z",
      "modifiedByMeTime": "2022-02-18T09:30:32.756Z",
      "modifiedByMe": true,
      "owners": [
        {
          "kind": "drive#user",
          "displayName": "fastlane-android-apk@mythic-display-237310.iam.gserviceaccount.com",
          "photoLink": "https://lh3.googleusercontent.com/a/default-user=s64",
          "me": true,
          "permissionId": "06941688514420538122",
          "emailAddress": "fastlane-android-apk@mythic-display-237310.iam.gserviceaccount.com"
        }
      ],
      "lastModifyingUser": {
        "kind": "drive#user",
        "displayName": "fastlane-android-apk@mythic-display-237310.iam.gserviceaccount.com",
        "photoLink": "https://lh3.googleusercontent.com/a/default-user=s64",
        "me": true,
        "permissionId": "06941688514420538122",
        "emailAddress": "fastlane-android-apk@mythic-display-237310.iam.gserviceaccount.com"
      },
      "shared": false,
      "ownedByMe": true,
      "capabilities": {
        "canAcceptOwnership": false,
        "canAddChildren": false,
        "canAddMyDriveParent": false,
        "canChangeCopyRequiresWriterPermission": true,
        "canChangeSecurityUpdateEnabled": false,
        "canChangeViewersCanCopyContent": true,
        "canComment": true,
        "canCopy": true,
        "canDelete": true,
        "canDownload": true,
        "canEdit": true,
        "canListChildren": false,
        "canModifyContent": true,
        "canModifyLabels": false,
        "canMoveChildrenWithinDrive": false,
        "canMoveItemIntoTeamDrive": true,
        "canMoveItemOutOfDrive": true,
        "canMoveItemWithinDrive": true,
        "canReadLabels": false,
        "canReadRevisions": true,
        "canRemoveChildren": false,
        "canRemoveMyDriveParent": true,
        "canRename": true,
        "canShare": true,
        "canTrash": true,
        "canUntrash": true
      },
      "viewersCanCopyContent": true,
      "copyRequiresWriterPermission": false,
      "writersCanShare": true,
      "permissions": [
        {
          "kind": "drive#permission",
          "id": "06941688514420538122",
          "type": "user",
          "emailAddress": "fastlane-android-apk@mythic-display-237310.iam.gserviceaccount.com",
          "role": "owner",
          "displayName": "fastlane-android-apk@mythic-display-237310.iam.gserviceaccount.com",
          "photoLink": "https://lh3.googleusercontent.com/a/default-user=s64",
          "deleted": false,
          "pendingOwner": false
        }
      ],
      "permissionIds": [
        "06941688514420538122"
      ],
      "originalFilename": "ticket-155-3.1.0-688f43eb.apk",
      "fullFileExtension": "0-688f43eb.apk",
      "fileExtension": "apk",
      "md5Checksum": "e7878d4d0dabfa086607cf54040884a4",
      "size": "62737491",
      "quotaBytesUsed": "62737491",
      "headRevisionId": "0ByDi02V-dEkAZ1dSKzZGTzVocjlTcnpSeHl0SVBTNkNBSjFzPQ",
      "isAppAuthorized": true,
      "linkShareMetadata": {
        "securityUpdateEligible": false,
        "securityUpdateEnabled": true
      }
    },
    {
      "kind": "drive#file",
      "id": "1NroK7OB8jOlljrMhbsTPEjqF6ImJ5-d1",
      "name": "ticket-155-3.2.0-db506633.apk",
      "mimeType": "application/vnd.android.package-archive",
      "starred": false,
      "trashed": false,
      "explicitlyTrashed": false,
      "parents": [
        "0ACDi02V-dEkAUk9PVA"
      ],
      "spaces": [
        "drive"
      ],
      "version": "6",
      "webContentLink": "https://drive.google.com/uc?id=1NroK7OB8jOlljrMhbsTPEjqF6ImJ5-d1&export=download",
      "webViewLink": "https://drive.google.com/file/d/1NroK7OB8jOlljrMhbsTPEjqF6ImJ5-d1/view?usp=drivesdk",
      "iconLink": "https://drive-thirdparty.googleusercontent.com/16/type/application/vnd.android.package-archive",
      "hasThumbnail": false,
      "thumbnailVersion": "0",
      "viewedByMe": false,
      "createdTime": "2022-02-22T05:08:44.046Z",
      "modifiedTime": "2022-02-22T05:08:44.046Z",
      "modifiedByMeTime": "2022-02-22T05:08:44.046Z",
      "modifiedByMe": true,
      "owners": [
        {
          "kind": "drive#user",
          "displayName": "fastlane-android-apk@mythic-display-237310.iam.gserviceaccount.com",
          "photoLink": "https://lh3.googleusercontent.com/a/default-user=s64",
          "me": true,
          "permissionId": "06941688514420538122",
          "emailAddress": "fastlane-android-apk@mythic-display-237310.iam.gserviceaccount.com"
        }
      ],
      "lastModifyingUser": {
        "kind": "drive#user",
        "displayName": "fastlane-android-apk@mythic-display-237310.iam.gserviceaccount.com",
        "photoLink": "https://lh3.googleusercontent.com/a/default-user=s64",
        "me": true,
        "permissionId": "06941688514420538122",
        "emailAddress": "fastlane-android-apk@mythic-display-237310.iam.gserviceaccount.com"
      },
      "shared": false,
      "ownedByMe": true,
      "capabilities": {
        "canAcceptOwnership": false,
        "canAddChildren": false,
        "canAddMyDriveParent": false,
        "canChangeCopyRequiresWriterPermission": true,
        "canChangeSecurityUpdateEnabled": false,
        "canChangeViewersCanCopyContent": true,
        "canComment": true,
        "canCopy": true,
        "canDelete": true,
        "canDownload": true,
        "canEdit": true,
        "canListChildren": false,
        "canModifyContent": true,
        "canModifyLabels": false,
        "canMoveChildrenWithinDrive": false,
        "canMoveItemIntoTeamDrive": true,
        "canMoveItemOutOfDrive": true,
        "canMoveItemWithinDrive": true,
        "canReadLabels": false,
        "canReadRevisions": true,
        "canRemoveChildren": false,
        "canRemoveMyDriveParent": true,
        "canRename": true,
        "canShare": true,
        "canTrash": true,
        "canUntrash": true
      },
      "viewersCanCopyContent": true,
      "copyRequiresWriterPermission": false,
      "writersCanShare": true,
      "permissions": [
        {
          "kind": "drive#permission",
          "id": "06941688514420538122",
          "type": "user",
          "emailAddress": "fastlane-android-apk@mythic-display-237310.iam.gserviceaccount.com",
          "role": "owner",
          "displayName": "fastlane-android-apk@mythic-display-237310.iam.gserviceaccount.com",
          "photoLink": "https://lh3.googleusercontent.com/a/default-user=s64",
          "deleted": false,
          "pendingOwner": false
        }
      ],
      "permissionIds": [
        "06941688514420538122"
      ],
      "originalFilename": "ticket-155-3.2.0-db506633.apk",
      "fullFileExtension": "0-db506633.apk",
      "fileExtension": "apk",
      "md5Checksum": "a5d16ee242cd2939fa5f0ff5963f089e",
      "size": "62747878",
      "quotaBytesUsed": "62747878",
      "headRevisionId": "0ByDi02V-dEkAKzN4NXdSWXVxb1EydUJMWjd0TlJnekMyMS80PQ",
      "isAppAuthorized": true,
      "linkShareMetadata": {
        "securityUpdateEligible": false,
        "securityUpdateEnabled": true
      }
    },
    {
      "kind": "drive#file",
      "id": "1wBOoGr0syg_mw5mVTJWZNFAitxaaiRzw",
      "name": "ticket-153-3.2.0-81f2fe1e.apk",
      "mimeType": "application/vnd.android.package-archive",
      "starred": false,
      "trashed": false,
      "explicitlyTrashed": false,
      "parents": [
        "0ACDi02V-dEkAUk9PVA"
      ],
      "spaces": [
        "drive"
      ],
      "version": "5",
      "webContentLink": "https://drive.google.com/uc?id=1wBOoGr0syg_mw5mVTJWZNFAitxaaiRzw&export=download",
      "webViewLink": "https://drive.google.com/file/d/1wBOoGr0syg_mw5mVTJWZNFAitxaaiRzw/view?usp=drivesdk",
      "iconLink": "https://drive-thirdparty.googleusercontent.com/16/type/application/vnd.android.package-archive",
      "hasThumbnail": false,
      "thumbnailVersion": "0",
      "viewedByMe": false,
      "createdTime": "2022-02-23T09:48:11.223Z",
      "modifiedTime": "2022-02-23T09:48:11.223Z",
      "modifiedByMeTime": "2022-02-23T09:48:11.223Z",
      "modifiedByMe": true,
      "owners": [
        {
          "kind": "drive#user",
          "displayName": "fastlane-android-apk@mythic-display-237310.iam.gserviceaccount.com",
          "photoLink": "https://lh3.googleusercontent.com/a/default-user=s64",
          "me": true,
          "permissionId": "06941688514420538122",
          "emailAddress": "fastlane-android-apk@mythic-display-237310.iam.gserviceaccount.com"
        }
      ],
      "lastModifyingUser": {
        "kind": "drive#user",
        "displayName": "fastlane-android-apk@mythic-display-237310.iam.gserviceaccount.com",
        "photoLink": "https://lh3.googleusercontent.com/a/default-user=s64",
        "me": true,
        "permissionId": "06941688514420538122",
        "emailAddress": "fastlane-android-apk@mythic-display-237310.iam.gserviceaccount.com"
      },
      "shared": false,
      "ownedByMe": true,
      "capabilities": {
        "canAcceptOwnership": false,
        "canAddChildren": false,
        "canAddMyDriveParent": false,
        "canChangeCopyRequiresWriterPermission": true,
        "canChangeSecurityUpdateEnabled": false,
        "canChangeViewersCanCopyContent": true,
        "canComment": true,
        "canCopy": true,
        "canDelete": true,
        "canDownload": true,
        "canEdit": true,
        "canListChildren": false,
        "canModifyContent": true,
        "canModifyLabels": false,
        "canMoveChildrenWithinDrive": false,
        "canMoveItemIntoTeamDrive": true,
        "canMoveItemOutOfDrive": true,
        "canMoveItemWithinDrive": true,
        "canReadLabels": false,
        "canReadRevisions": true,
        "canRemoveChildren": false,
        "canRemoveMyDriveParent": true,
        "canRename": true,
        "canShare": true,
        "canTrash": true,
        "canUntrash": true
      },
      "viewersCanCopyContent": true,
      "copyRequiresWriterPermission": false,
      "writersCanShare": true,
      "permissions": [
        {
          "kind": "drive#permission",
          "id": "06941688514420538122",
          "type": "user",
          "emailAddress": "fastlane-android-apk@mythic-display-237310.iam.gserviceaccount.com",
          "role": "owner",
          "displayName": "fastlane-android-apk@mythic-display-237310.iam.gserviceaccount.com",
          "photoLink": "https://lh3.googleusercontent.com/a/default-user=s64",
          "deleted": false,
          "pendingOwner": false
        }
      ],
      "permissionIds": [
        "06941688514420538122"
      ],
      "originalFilename": "ticket-153-3.2.0-81f2fe1e.apk",
      "fullFileExtension": "0-81f2fe1e.apk",
      "fileExtension": "apk",
      "md5Checksum": "5a94ccb92c484c31a7117915ca39c771",
      "size": "62749913",
      "quotaBytesUsed": "62749913",
      "headRevisionId": "0ByDi02V-dEkATWl3bWdQZFdLeVJLOG01alFGbkVDdS9XRzZrPQ",
      "isAppAuthorized": true,
      "linkShareMetadata": {
        "securityUpdateEligible": false,
        "securityUpdateEnabled": true
      }
    },
    {
      "kind": "drive#file",
      "id": "1VcnNCgnWlZQ0wp9kpmiB3-Is3tNIscXH",
      "name": "ticket-153-3.2.0-f29247c0.apk",
      "mimeType": "application/vnd.android.package-archive",
      "starred": false,
      "trashed": false,
      "explicitlyTrashed": false,
      "parents": [
        "0ACDi02V-dEkAUk9PVA"
      ],
      "spaces": [
        "drive"
      ],
      "version": "6",
      "webContentLink": "https://drive.google.com/uc?id=1VcnNCgnWlZQ0wp9kpmiB3-Is3tNIscXH&export=download",
      "webViewLink": "https://drive.google.com/file/d/1VcnNCgnWlZQ0wp9kpmiB3-Is3tNIscXH/view?usp=drivesdk",
      "iconLink": "https://drive-thirdparty.googleusercontent.com/16/type/application/vnd.android.package-archive",
      "hasThumbnail": false,
      "thumbnailVersion": "0",
      "viewedByMe": false,
      "createdTime": "2022-02-23T09:57:51.176Z",
      "modifiedTime": "2022-02-23T09:57:51.176Z",
      "modifiedByMeTime": "2022-02-23T09:57:51.176Z",
      "modifiedByMe": true,
      "owners": [
        {
          "kind": "drive#user",
          "displayName": "fastlane-android-apk@mythic-display-237310.iam.gserviceaccount.com",
          "photoLink": "https://lh3.googleusercontent.com/a/default-user=s64",
          "me": true,
          "permissionId": "06941688514420538122",
          "emailAddress": "fastlane-android-apk@mythic-display-237310.iam.gserviceaccount.com"
        }
      ],
      "lastModifyingUser": {
        "kind": "drive#user",
        "displayName": "fastlane-android-apk@mythic-display-237310.iam.gserviceaccount.com",
        "photoLink": "https://lh3.googleusercontent.com/a/default-user=s64",
        "me": true,
        "permissionId": "06941688514420538122",
        "emailAddress": "fastlane-android-apk@mythic-display-237310.iam.gserviceaccount.com"
      },
      "shared": false,
      "ownedByMe": true,
      "capabilities": {
        "canAcceptOwnership": false,
        "canAddChildren": false,
        "canAddMyDriveParent": false,
        "canChangeCopyRequiresWriterPermission": true,
        "canChangeSecurityUpdateEnabled": false,
        "canChangeViewersCanCopyContent": true,
        "canComment": true,
        "canCopy": true,
        "canDelete": true,
        "canDownload": true,
        "canEdit": true,
        "canListChildren": false,
        "canModifyContent": true,
        "canModifyLabels": false,
        "canMoveChildrenWithinDrive": false,
        "canMoveItemIntoTeamDrive": true,
        "canMoveItemOutOfDrive": true,
        "canMoveItemWithinDrive": true,
        "canReadLabels": false,
        "canReadRevisions": true,
        "canRemoveChildren": false,
        "canRemoveMyDriveParent": true,
        "canRename": true,
        "canShare": true,
        "canTrash": true,
        "canUntrash": true
      },
      "viewersCanCopyContent": true,
      "copyRequiresWriterPermission": false,
      "writersCanShare": true,
      "permissions": [
        {
          "kind": "drive#permission",
          "id": "06941688514420538122",
          "type": "user",
          "emailAddress": "fastlane-android-apk@mythic-display-237310.iam.gserviceaccount.com",
          "role": "owner",
          "displayName": "fastlane-android-apk@mythic-display-237310.iam.gserviceaccount.com",
          "photoLink": "https://lh3.googleusercontent.com/a/default-user=s64",
          "deleted": false,
          "pendingOwner": false
        }
      ],
      "permissionIds": [
        "06941688514420538122"
      ],
      "originalFilename": "ticket-153-3.2.0-f29247c0.apk",
      "fullFileExtension": "0-f29247c0.apk",
      "fileExtension": "apk",
      "md5Checksum": "a9c4ea6179d22773e3e0b0544b996d44",
      "size": "62749959",
      "quotaBytesUsed": "62749959",
      "headRevisionId": "0ByDi02V-dEkASFBKakdaeTY1ODNOZmZEVEZCRTVTZHBHSTR3PQ",
      "isAppAuthorized": true,
      "linkShareMetadata": {
        "securityUpdateEligible": false,
        "securityUpdateEnabled": true
      }
    },
    {
      "kind": "drive#file",
      "id": "1atn2n6Qb3aLA8KzzYk2NVwVzu6hF3T1d",
      "name": "ticket-117-3.0.0-7260112f.apk",
      "mimeType": "application/vnd.android.package-archive",
      "starred": false,
      "trashed": false,
      "explicitlyTrashed": false,
      "parents": [
        "0ACDi02V-dEkAUk9PVA"
      ],
      "spaces": [
        "drive"
      ],
      "version": "5",
      "webContentLink": "https://drive.google.com/uc?id=1atn2n6Qb3aLA8KzzYk2NVwVzu6hF3T1d&export=download",
      "webViewLink": "https://drive.google.com/file/d/1atn2n6Qb3aLA8KzzYk2NVwVzu6hF3T1d/view?usp=drivesdk",
      "iconLink": "https://drive-thirdparty.googleusercontent.com/16/type/application/vnd.android.package-archive",
      "hasThumbnail": false,
      "thumbnailVersion": "0",
      "viewedByMe": false,
      "createdTime": "2022-02-24T04:44:55.091Z",
      "modifiedTime": "2022-02-24T04:44:55.091Z",
      "modifiedByMeTime": "2022-02-24T04:44:55.091Z",
      "modifiedByMe": true,
      "owners": [
        {
          "kind": "drive#user",
          "displayName": "fastlane-android-apk@mythic-display-237310.iam.gserviceaccount.com",
          "photoLink": "https://lh3.googleusercontent.com/a/default-user=s64",
          "me": true,
          "permissionId": "06941688514420538122",
          "emailAddress": "fastlane-android-apk@mythic-display-237310.iam.gserviceaccount.com"
        }
      ],
      "lastModifyingUser": {
        "kind": "drive#user",
        "displayName": "fastlane-android-apk@mythic-display-237310.iam.gserviceaccount.com",
        "photoLink": "https://lh3.googleusercontent.com/a/default-user=s64",
        "me": true,
        "permissionId": "06941688514420538122",
        "emailAddress": "fastlane-android-apk@mythic-display-237310.iam.gserviceaccount.com"
      },
      "shared": false,
      "ownedByMe": true,
      "capabilities": {
        "canAcceptOwnership": false,
        "canAddChildren": false,
        "canAddMyDriveParent": false,
        "canChangeCopyRequiresWriterPermission": true,
        "canChangeSecurityUpdateEnabled": false,
        "canChangeViewersCanCopyContent": true,
        "canComment": true,
        "canCopy": true,
        "canDelete": true,
        "canDownload": true,
        "canEdit": true,
        "canListChildren": false,
        "canModifyContent": true,
        "canModifyLabels": false,
        "canMoveChildrenWithinDrive": false,
        "canMoveItemIntoTeamDrive": true,
        "canMoveItemOutOfDrive": true,
        "canMoveItemWithinDrive": true,
        "canReadLabels": false,
        "canReadRevisions": true,
        "canRemoveChildren": false,
        "canRemoveMyDriveParent": true,
        "canRename": true,
        "canShare": true,
        "canTrash": true,
        "canUntrash": true
      },
      "viewersCanCopyContent": true,
      "copyRequiresWriterPermission": false,
      "writersCanShare": true,
      "permissions": [
        {
          "kind": "drive#permission",
          "id": "06941688514420538122",
          "type": "user",
          "emailAddress": "fastlane-android-apk@mythic-display-237310.iam.gserviceaccount.com",
          "role": "owner",
          "displayName": "fastlane-android-apk@mythic-display-237310.iam.gserviceaccount.com",
          "photoLink": "https://lh3.googleusercontent.com/a/default-user=s64",
          "deleted": false,
          "pendingOwner": false
        }
      ],
      "permissionIds": [
        "06941688514420538122"
      ],
      "originalFilename": "ticket-117-3.0.0-7260112f.apk",
      "fullFileExtension": "0-7260112f.apk",
      "fileExtension": "apk",
      "md5Checksum": "89899e9e9fa193ca292c1a0df5ab1fea",
      "size": "62731545",
      "quotaBytesUsed": "62731545",
      "headRevisionId": "0ByDi02V-dEkAYjFnSGs0VnlhenZGTG5GVFp4MTNEbW1ybzJNPQ",
      "isAppAuthorized": true,
      "linkShareMetadata": {
        "securityUpdateEligible": false,
        "securityUpdateEnabled": true
      }
    },
    {
      "kind": "drive#file",
      "id": "1ffOSS4nMQr4afhuhfSTX4sttfMzkyf_t",
      "name": "ticket-117-3.2.0-12311731.apk",
      "mimeType": "application/vnd.android.package-archive",
      "starred": false,
      "trashed": false,
      "explicitlyTrashed": false,
      "parents": [
        "0ACDi02V-dEkAUk9PVA"
      ],
      "spaces": [
        "drive"
      ],
      "version": "5",
      "webContentLink": "https://drive.google.com/uc?id=1ffOSS4nMQr4afhuhfSTX4sttfMzkyf_t&export=download",
      "webViewLink": "https://drive.google.com/file/d/1ffOSS4nMQr4afhuhfSTX4sttfMzkyf_t/view?usp=drivesdk",
      "iconLink": "https://drive-thirdparty.googleusercontent.com/16/type/application/vnd.android.package-archive",
      "hasThumbnail": false,
      "thumbnailVersion": "0",
      "viewedByMe": false,
      "createdTime": "2022-02-24T05:41:10.253Z",
      "modifiedTime": "2022-02-24T05:41:10.253Z",
      "modifiedByMeTime": "2022-02-24T05:41:10.253Z",
      "modifiedByMe": true,
      "owners": [
        {
          "kind": "drive#user",
          "displayName": "fastlane-android-apk@mythic-display-237310.iam.gserviceaccount.com",
          "photoLink": "https://lh3.googleusercontent.com/a/default-user=s64",
          "me": true,
          "permissionId": "06941688514420538122",
          "emailAddress": "fastlane-android-apk@mythic-display-237310.iam.gserviceaccount.com"
        }
      ],
      "lastModifyingUser": {
        "kind": "drive#user",
        "displayName": "fastlane-android-apk@mythic-display-237310.iam.gserviceaccount.com",
        "photoLink": "https://lh3.googleusercontent.com/a/default-user=s64",
        "me": true,
        "permissionId": "06941688514420538122",
        "emailAddress": "fastlane-android-apk@mythic-display-237310.iam.gserviceaccount.com"
      },
      "shared": false,
      "ownedByMe": true,
      "capabilities": {
        "canAcceptOwnership": false,
        "canAddChildren": false,
        "canAddMyDriveParent": false,
        "canChangeCopyRequiresWriterPermission": true,
        "canChangeSecurityUpdateEnabled": false,
        "canChangeViewersCanCopyContent": true,
        "canComment": true,
        "canCopy": true,
        "canDelete": true,
        "canDownload": true,
        "canEdit": true,
        "canListChildren": false,
        "canModifyContent": true,
        "canModifyLabels": false,
        "canMoveChildrenWithinDrive": false,
        "canMoveItemIntoTeamDrive": true,
        "canMoveItemOutOfDrive": true,
        "canMoveItemWithinDrive": true,
        "canReadLabels": false,
        "canReadRevisions": true,
        "canRemoveChildren": false,
        "canRemoveMyDriveParent": true,
        "canRename": true,
        "canShare": true,
        "canTrash": true,
        "canUntrash": true
      },
      "viewersCanCopyContent": true,
      "copyRequiresWriterPermission": false,
      "writersCanShare": true,
      "permissions": [
        {
          "kind": "drive#permission",
          "id": "06941688514420538122",
          "type": "user",
          "emailAddress": "fastlane-android-apk@mythic-display-237310.iam.gserviceaccount.com",
          "role": "owner",
          "displayName": "fastlane-android-apk@mythic-display-237310.iam.gserviceaccount.com",
          "photoLink": "https://lh3.googleusercontent.com/a/default-user=s64",
          "deleted": false,
          "pendingOwner": false
        }
      ],
      "permissionIds": [
        "06941688514420538122"
      ],
      "originalFilename": "ticket-117-3.2.0-12311731.apk",
      "fullFileExtension": "apk",
      "fileExtension": "apk",
      "md5Checksum": "35156af7017fa0764c83b0a1f5eac788",
      "size": "62747176",
      "quotaBytesUsed": "62747176",
      "headRevisionId": "0ByDi02V-dEkAUjNISmRCOUtIampYVjg0MUVtczZNSmpvdUQ0PQ",
      "isAppAuthorized": true,
      "linkShareMetadata": {
        "securityUpdateEligible": false,
        "securityUpdateEnabled": true
      }
    },
    {
      "kind": "drive#file",
      "id": "12TSuGz0TZ0y1rwopM3PAotRz9z8b9Go-",
      "name": "ticket-117-3.2.0-c985ecf5.apk",
      "mimeType": "application/vnd.android.package-archive",
      "starred": false,
      "trashed": false,
      "explicitlyTrashed": false,
      "parents": [
        "0ACDi02V-dEkAUk9PVA"
      ],
      "spaces": [
        "drive"
      ],
      "version": "6",
      "webContentLink": "https://drive.google.com/uc?id=12TSuGz0TZ0y1rwopM3PAotRz9z8b9Go-&export=download",
      "webViewLink": "https://drive.google.com/file/d/12TSuGz0TZ0y1rwopM3PAotRz9z8b9Go-/view?usp=drivesdk",
      "iconLink": "https://drive-thirdparty.googleusercontent.com/16/type/application/vnd.android.package-archive",
      "hasThumbnail": false,
      "thumbnailVersion": "0",
      "viewedByMe": false,
      "createdTime": "2022-02-25T04:13:58.093Z",
      "modifiedTime": "2022-02-25T04:13:58.093Z",
      "modifiedByMeTime": "2022-02-25T04:13:58.093Z",
      "modifiedByMe": true,
      "owners": [
        {
          "kind": "drive#user",
          "displayName": "fastlane-android-apk@mythic-display-237310.iam.gserviceaccount.com",
          "photoLink": "https://lh3.googleusercontent.com/a/default-user=s64",
          "me": true,
          "permissionId": "06941688514420538122",
          "emailAddress": "fastlane-android-apk@mythic-display-237310.iam.gserviceaccount.com"
        }
      ],
      "lastModifyingUser": {
        "kind": "drive#user",
        "displayName": "fastlane-android-apk@mythic-display-237310.iam.gserviceaccount.com",
        "photoLink": "https://lh3.googleusercontent.com/a/default-user=s64",
        "me": true,
        "permissionId": "06941688514420538122",
        "emailAddress": "fastlane-android-apk@mythic-display-237310.iam.gserviceaccount.com"
      },
      "shared": false,
      "ownedByMe": true,
      "capabilities": {
        "canAcceptOwnership": false,
        "canAddChildren": false,
        "canAddMyDriveParent": false,
        "canChangeCopyRequiresWriterPermission": true,
        "canChangeSecurityUpdateEnabled": false,
        "canChangeViewersCanCopyContent": true,
        "canComment": true,
        "canCopy": true,
        "canDelete": true,
        "canDownload": true,
        "canEdit": true,
        "canListChildren": false,
        "canModifyContent": true,
        "canModifyLabels": false,
        "canMoveChildrenWithinDrive": false,
        "canMoveItemIntoTeamDrive": true,
        "canMoveItemOutOfDrive": true,
        "canMoveItemWithinDrive": true,
        "canReadLabels": false,
        "canReadRevisions": true,
        "canRemoveChildren": false,
        "canRemoveMyDriveParent": true,
        "canRename": true,
        "canShare": true,
        "canTrash": true,
        "canUntrash": true
      },
      "viewersCanCopyContent": true,
      "copyRequiresWriterPermission": false,
      "writersCanShare": true,
      "permissions": [
        {
          "kind": "drive#permission",
          "id": "06941688514420538122",
          "type": "user",
          "emailAddress": "fastlane-android-apk@mythic-display-237310.iam.gserviceaccount.com",
          "role": "owner",
          "displayName": "fastlane-android-apk@mythic-display-237310.iam.gserviceaccount.com",
          "photoLink": "https://lh3.googleusercontent.com/a/default-user=s64",
          "deleted": false,
          "pendingOwner": false
        }
      ],
      "permissionIds": [
        "06941688514420538122"
      ],
      "originalFilename": "ticket-117-3.2.0-c985ecf5.apk",
      "fullFileExtension": "0-c985ecf5.apk",
      "fileExtension": "apk",
      "md5Checksum": "22fba73b81ca6f9c8f9dc31ef46d3c43",
      "size": "62747222",
      "quotaBytesUsed": "62747222",
      "headRevisionId": "0ByDi02V-dEkAVTMyaUdnSGdTTkdCZk0wNy9NZ0dBWVlKT2Z3PQ",
      "isAppAuthorized": true,
      "linkShareMetadata": {
        "securityUpdateEligible": false,
        "securityUpdateEnabled": true
      }
    },
    {
      "kind": "drive#file",
      "id": "15laZbukN-3Ogr3XfUpfVsn0tXIUROyAB",
      "name": "ticket-287-3.1.0-24bee49f.apk",
      "mimeType": "application/vnd.android.package-archive",
      "starred": false,
      "trashed": false,
      "explicitlyTrashed": false,
      "parents": [
        "1N3PmrCeFkRRSD4TGLO3YPW9dOU23zFHs"
      ],
      "spaces": [
        "drive"
      ],
      "version": "4",
      "webContentLink": "https://drive.google.com/uc?id=15laZbukN-3Ogr3XfUpfVsn0tXIUROyAB&export=download",
      "webViewLink": "https://drive.google.com/file/d/15laZbukN-3Ogr3XfUpfVsn0tXIUROyAB/view?usp=drivesdk",
      "iconLink": "https://drive-thirdparty.googleusercontent.com/16/type/application/vnd.android.package-archive",
      "hasThumbnail": false,
      "thumbnailVersion": "0",
      "viewedByMe": false,
      "createdTime": "2022-02-25T07:21:21.806Z",
      "modifiedTime": "2022-02-25T07:21:21.806Z",
      "modifiedByMeTime": "2022-02-25T07:21:21.806Z",
      "modifiedByMe": true,
      "owners": [
        {
          "kind": "drive#user",
          "displayName": "fastlane-android-apk@mythic-display-237310.iam.gserviceaccount.com",
          "photoLink": "https://lh3.googleusercontent.com/a/default-user=s64",
          "me": true,
          "permissionId": "06941688514420538122",
          "emailAddress": "fastlane-android-apk@mythic-display-237310.iam.gserviceaccount.com"
        }
      ],
      "lastModifyingUser": {
        "kind": "drive#user",
        "displayName": "fastlane-android-apk@mythic-display-237310.iam.gserviceaccount.com",
        "photoLink": "https://lh3.googleusercontent.com/a/default-user=s64",
        "me": true,
        "permissionId": "06941688514420538122",
        "emailAddress": "fastlane-android-apk@mythic-display-237310.iam.gserviceaccount.com"
      },
      "shared": true,
      "ownedByMe": true,
      "capabilities": {
        "canAcceptOwnership": false,
        "canAddChildren": false,
        "canAddMyDriveParent": false,
        "canChangeCopyRequiresWriterPermission": true,
        "canChangeSecurityUpdateEnabled": false,
        "canChangeViewersCanCopyContent": true,
        "canComment": true,
        "canCopy": true,
        "canDelete": true,
        "canDownload": true,
        "canEdit": true,
        "canListChildren": false,
        "canModifyContent": true,
        "canModifyLabels": false,
        "canMoveChildrenWithinDrive": false,
        "canMoveItemIntoTeamDrive": true,
        "canMoveItemOutOfDrive": true,
        "canMoveItemWithinDrive": true,
        "canReadLabels": false,
        "canReadRevisions": true,
        "canRemoveChildren": false,
        "canRemoveMyDriveParent": true,
        "canRename": true,
        "canShare": true,
        "canTrash": true,
        "canUntrash": true
      },
      "viewersCanCopyContent": true,
      "copyRequiresWriterPermission": false,
      "writersCanShare": true,
      "permissions": [
        {
          "kind": "drive#permission",
          "id": "15924969308100435788",
          "type": "user",
          "emailAddress": "vinh.thieu@antbuddy.com",
          "role": "writer",
          "displayName": "Vinh Thieu Quang",
          "photoLink": "https://lh3.googleusercontent.com/a-/AFdZucpYOGt2Om1Y9j-rbCpskN6xbI7bfsLL6Pq5dNGQyg=s64",
          "deleted": false,
          "pendingOwner": false
        },
        {
          "kind": "drive#permission",
          "id": "17303972415997736298k",
          "type": "domain",
          "domain": "antbuddy.com",
          "role": "writer",
          "allowFileDiscovery": false,
          "displayName": "AntBuddy"
        },
        {
          "kind": "drive#permission",
          "id": "06941688514420538122",
          "type": "user",
          "emailAddress": "fastlane-android-apk@mythic-display-237310.iam.gserviceaccount.com",
          "role": "owner",
          "displayName": "fastlane-android-apk@mythic-display-237310.iam.gserviceaccount.com",
          "photoLink": "https://lh3.googleusercontent.com/a/default-user=s64",
          "deleted": false,
          "pendingOwner": false
        }
      ],
      "permissionIds": [
        "15924969308100435788",
        "17303972415997736298k",
        "06941688514420538122"
      ],
      "originalFilename": "ticket-287-3.1.0-24bee49f.apk",
      "fullFileExtension": "0-24bee49f.apk",
      "fileExtension": "apk",
      "md5Checksum": "657bbcc53a33bafc9c105986eca67246",
      "size": "62736172",
      "quotaBytesUsed": "62736172",
      "headRevisionId": "0ByDi02V-dEkAekNMd3hsbk5mckluZVBJOFVwL1p2Qk84TERzPQ",
      "isAppAuthorized": true,
      "linkShareMetadata": {
        "securityUpdateEligible": false,
        "securityUpdateEnabled": true
      }
    },
    {
      "kind": "drive#file",
      "id": "1h96dMhXQW8_dTONpOan53GBH_ZnSq5wr",
      "name": "ticket-282-3.2.0-a2583a1c.apk",
      "mimeType": "application/vnd.android.package-archive",
      "starred": false,
      "trashed": false,
      "explicitlyTrashed": false,
      "parents": [
        "1N3PmrCeFkRRSD4TGLO3YPW9dOU23zFHs"
      ],
      "spaces": [
        "drive"
      ],
      "version": "5",
      "webContentLink": "https://drive.google.com/uc?id=1h96dMhXQW8_dTONpOan53GBH_ZnSq5wr&export=download",
      "webViewLink": "https://drive.google.com/file/d/1h96dMhXQW8_dTONpOan53GBH_ZnSq5wr/view?usp=drivesdk",
      "iconLink": "https://drive-thirdparty.googleusercontent.com/16/type/application/vnd.android.package-archive",
      "hasThumbnail": false,
      "thumbnailVersion": "0",
      "viewedByMe": false,
      "createdTime": "2022-02-25T07:45:18.223Z",
      "modifiedTime": "2022-02-25T07:45:18.223Z",
      "modifiedByMeTime": "2022-02-25T07:45:18.223Z",
      "modifiedByMe": true,
      "owners": [
        {
          "kind": "drive#user",
          "displayName": "fastlane-android-apk@mythic-display-237310.iam.gserviceaccount.com",
          "photoLink": "https://lh3.googleusercontent.com/a/default-user=s64",
          "me": true,
          "permissionId": "06941688514420538122",
          "emailAddress": "fastlane-android-apk@mythic-display-237310.iam.gserviceaccount.com"
        }
      ],
      "lastModifyingUser": {
        "kind": "drive#user",
        "displayName": "fastlane-android-apk@mythic-display-237310.iam.gserviceaccount.com",
        "photoLink": "https://lh3.googleusercontent.com/a/default-user=s64",
        "me": true,
        "permissionId": "06941688514420538122",
        "emailAddress": "fastlane-android-apk@mythic-display-237310.iam.gserviceaccount.com"
      },
      "shared": true,
      "ownedByMe": true,
      "capabilities": {
        "canAcceptOwnership": false,
        "canAddChildren": false,
        "canAddMyDriveParent": false,
        "canChangeCopyRequiresWriterPermission": true,
        "canChangeSecurityUpdateEnabled": false,
        "canChangeViewersCanCopyContent": true,
        "canComment": true,
        "canCopy": true,
        "canDelete": true,
        "canDownload": true,
        "canEdit": true,
        "canListChildren": false,
        "canModifyContent": true,
        "canModifyLabels": false,
        "canMoveChildrenWithinDrive": false,
        "canMoveItemIntoTeamDrive": true,
        "canMoveItemOutOfDrive": true,
        "canMoveItemWithinDrive": true,
        "canReadLabels": false,
        "canReadRevisions": true,
        "canRemoveChildren": false,
        "canRemoveMyDriveParent": true,
        "canRename": true,
        "canShare": true,
        "canTrash": true,
        "canUntrash": true
      },
      "viewersCanCopyContent": true,
      "copyRequiresWriterPermission": false,
      "writersCanShare": true,
      "permissions": [
        {
          "kind": "drive#permission",
          "id": "15924969308100435788",
          "type": "user",
          "emailAddress": "vinh.thieu@antbuddy.com",
          "role": "writer",
          "displayName": "Vinh Thieu Quang",
          "photoLink": "https://lh3.googleusercontent.com/a-/AFdZucpYOGt2Om1Y9j-rbCpskN6xbI7bfsLL6Pq5dNGQyg=s64",
          "deleted": false,
          "pendingOwner": false
        },
        {
          "kind": "drive#permission",
          "id": "17303972415997736298k",
          "type": "domain",
          "domain": "antbuddy.com",
          "role": "writer",
          "allowFileDiscovery": false,
          "displayName": "AntBuddy"
        },
        {
          "kind": "drive#permission",
          "id": "06941688514420538122",
          "type": "user",
          "emailAddress": "fastlane-android-apk@mythic-display-237310.iam.gserviceaccount.com",
          "role": "owner",
          "displayName": "fastlane-android-apk@mythic-display-237310.iam.gserviceaccount.com",
          "photoLink": "https://lh3.googleusercontent.com/a/default-user=s64",
          "deleted": false,
          "pendingOwner": false
        }
      ],
      "permissionIds": [
        "15924969308100435788",
        "17303972415997736298k",
        "06941688514420538122"
      ],
      "originalFilename": "ticket-282-3.2.0-a2583a1c.apk",
      "fullFileExtension": "0-a2583a1c.apk",
      "fileExtension": "apk",
      "md5Checksum": "3f369d0c4d890936931a8d3d6a50ed62",
      "size": "62746790",
      "quotaBytesUsed": "62746790",
      "headRevisionId": "0ByDi02V-dEkAdU5YOXhmNGkxSjJWWWdyNFNMSW9VdkpiWTY4PQ",
      "isAppAuthorized": true,
      "linkShareMetadata": {
        "securityUpdateEligible": false,
        "securityUpdateEnabled": true
      }
    },
    {
      "kind": "drive#file",
      "id": "1MFxwmjBIUM4Ffc2WTy3Vt8Hc_3A5g5oQ",
      "name": "ticket-287-3.2.0-e9728a05.apk",
      "mimeType": "application/vnd.android.package-archive",
      "starred": false,
      "trashed": false,
      "explicitlyTrashed": false,
      "parents": [
        "1N3PmrCeFkRRSD4TGLO3YPW9dOU23zFHs"
      ],
      "spaces": [
        "drive"
      ],
      "version": "6",
      "webContentLink": "https://drive.google.com/uc?id=1MFxwmjBIUM4Ffc2WTy3Vt8Hc_3A5g5oQ&export=download",
      "webViewLink": "https://drive.google.com/file/d/1MFxwmjBIUM4Ffc2WTy3Vt8Hc_3A5g5oQ/view?usp=drivesdk",
      "iconLink": "https://drive-thirdparty.googleusercontent.com/16/type/application/vnd.android.package-archive",
      "hasThumbnail": false,
      "thumbnailVersion": "0",
      "viewedByMe": false,
      "createdTime": "2022-02-25T08:08:12.868Z",
      "modifiedTime": "2022-02-25T08:08:12.868Z",
      "modifiedByMeTime": "2022-02-25T08:08:12.868Z",
      "modifiedByMe": true,
      "owners": [
        {
          "kind": "drive#user",
          "displayName": "fastlane-android-apk@mythic-display-237310.iam.gserviceaccount.com",
          "photoLink": "https://lh3.googleusercontent.com/a/default-user=s64",
          "me": true,
          "permissionId": "06941688514420538122",
          "emailAddress": "fastlane-android-apk@mythic-display-237310.iam.gserviceaccount.com"
        }
      ],
      "lastModifyingUser": {
        "kind": "drive#user",
        "displayName": "fastlane-android-apk@mythic-display-237310.iam.gserviceaccount.com",
        "photoLink": "https://lh3.googleusercontent.com/a/default-user=s64",
        "me": true,
        "permissionId": "06941688514420538122",
        "emailAddress": "fastlane-android-apk@mythic-display-237310.iam.gserviceaccount.com"
      },
      "shared": true,
      "ownedByMe": true,
      "capabilities": {
        "canAcceptOwnership": false,
        "canAddChildren": false,
        "canAddMyDriveParent": false,
        "canChangeCopyRequiresWriterPermission": true,
        "canChangeSecurityUpdateEnabled": false,
        "canChangeViewersCanCopyContent": true,
        "canComment": true,
        "canCopy": true,
        "canDelete": true,
        "canDownload": true,
        "canEdit": true,
        "canListChildren": false,
        "canModifyContent": true,
        "canModifyLabels": false,
        "canMoveChildrenWithinDrive": false,
        "canMoveItemIntoTeamDrive": true,
        "canMoveItemOutOfDrive": true,
        "canMoveItemWithinDrive": true,
        "canReadLabels": false,
        "canReadRevisions": true,
        "canRemoveChildren": false,
        "canRemoveMyDriveParent": true,
        "canRename": true,
        "canShare": true,
        "canTrash": true,
        "canUntrash": true
      },
      "viewersCanCopyContent": true,
      "copyRequiresWriterPermission": false,
      "writersCanShare": true,
      "permissions": [
        {
          "kind": "drive#permission",
          "id": "15924969308100435788",
          "type": "user",
          "emailAddress": "vinh.thieu@antbuddy.com",
          "role": "writer",
          "displayName": "Vinh Thieu Quang",
          "photoLink": "https://lh3.googleusercontent.com/a-/AFdZucpYOGt2Om1Y9j-rbCpskN6xbI7bfsLL6Pq5dNGQyg=s64",
          "deleted": false,
          "pendingOwner": false
        },
        {
          "kind": "drive#permission",
          "id": "17303972415997736298k",
          "type": "domain",
          "domain": "antbuddy.com",
          "role": "writer",
          "allowFileDiscovery": false,
          "displayName": "AntBuddy"
        },
        {
          "kind": "drive#permission",
          "id": "06941688514420538122",
          "type": "user",
          "emailAddress": "fastlane-android-apk@mythic-display-237310.iam.gserviceaccount.com",
          "role": "owner",
          "displayName": "fastlane-android-apk@mythic-display-237310.iam.gserviceaccount.com",
          "photoLink": "https://lh3.googleusercontent.com/a/default-user=s64",
          "deleted": false,
          "pendingOwner": false
        }
      ],
      "permissionIds": [
        "15924969308100435788",
        "17303972415997736298k",
        "06941688514420538122"
      ],
      "originalFilename": "ticket-287-3.2.0-e9728a05.apk",
      "fullFileExtension": "0-e9728a05.apk",
      "fileExtension": "apk",
      "md5Checksum": "889f0dac234ad2a57faaccb6860aab79",
      "size": "62746861",
      "quotaBytesUsed": "62746861",
      "headRevisionId": "0ByDi02V-dEkAenlSUjQvMzZzMmUyYUJoR1grcjdXVXJpQ1RZPQ",
      "isAppAuthorized": true,
      "linkShareMetadata": {
        "securityUpdateEligible": false,
        "securityUpdateEnabled": true
      }
    },
    {
      "kind": "drive#file",
      "id": "1Xxcdl5S_ExvkeyRyRYD7fevj9flOzgwZ",
      "name": "ticket-293-3.2.0-bdecff4e.apk",
      "mimeType": "application/vnd.android.package-archive",
      "starred": false,
      "trashed": false,
      "explicitlyTrashed": false,
      "parents": [
        "1N3PmrCeFkRRSD4TGLO3YPW9dOU23zFHs"
      ],
      "spaces": [
        "drive"
      ],
      "version": "7",
      "webContentLink": "https://drive.google.com/uc?id=1Xxcdl5S_ExvkeyRyRYD7fevj9flOzgwZ&export=download",
      "webViewLink": "https://drive.google.com/file/d/1Xxcdl5S_ExvkeyRyRYD7fevj9flOzgwZ/view?usp=drivesdk",
      "iconLink": "https://drive-thirdparty.googleusercontent.com/16/type/application/vnd.android.package-archive",
      "hasThumbnail": false,
      "thumbnailVersion": "0",
      "viewedByMe": false,
      "createdTime": "2022-02-28T03:58:33.573Z",
      "modifiedTime": "2022-02-28T03:58:33.573Z",
      "modifiedByMeTime": "2022-02-28T03:58:33.573Z",
      "modifiedByMe": true,
      "owners": [
        {
          "kind": "drive#user",
          "displayName": "fastlane-android-apk@mythic-display-237310.iam.gserviceaccount.com",
          "photoLink": "https://lh3.googleusercontent.com/a/default-user=s64",
          "me": true,
          "permissionId": "06941688514420538122",
          "emailAddress": "fastlane-android-apk@mythic-display-237310.iam.gserviceaccount.com"
        }
      ],
      "lastModifyingUser": {
        "kind": "drive#user",
        "displayName": "fastlane-android-apk@mythic-display-237310.iam.gserviceaccount.com",
        "photoLink": "https://lh3.googleusercontent.com/a/default-user=s64",
        "me": true,
        "permissionId": "06941688514420538122",
        "emailAddress": "fastlane-android-apk@mythic-display-237310.iam.gserviceaccount.com"
      },
      "shared": true,
      "ownedByMe": true,
      "capabilities": {
        "canAcceptOwnership": false,
        "canAddChildren": false,
        "canAddMyDriveParent": false,
        "canChangeCopyRequiresWriterPermission": true,
        "canChangeSecurityUpdateEnabled": false,
        "canChangeViewersCanCopyContent": true,
        "canComment": true,
        "canCopy": true,
        "canDelete": true,
        "canDownload": true,
        "canEdit": true,
        "canListChildren": false,
        "canModifyContent": true,
        "canModifyLabels": false,
        "canMoveChildrenWithinDrive": false,
        "canMoveItemIntoTeamDrive": true,
        "canMoveItemOutOfDrive": true,
        "canMoveItemWithinDrive": true,
        "canReadLabels": false,
        "canReadRevisions": true,
        "canRemoveChildren": false,
        "canRemoveMyDriveParent": true,
        "canRename": true,
        "canShare": true,
        "canTrash": true,
        "canUntrash": true
      },
      "viewersCanCopyContent": true,
      "copyRequiresWriterPermission": false,
      "writersCanShare": true,
      "permissions": [
        {
          "kind": "drive#permission",
          "id": "15924969308100435788",
          "type": "user",
          "emailAddress": "vinh.thieu@antbuddy.com",
          "role": "writer",
          "displayName": "Vinh Thieu Quang",
          "photoLink": "https://lh3.googleusercontent.com/a-/AFdZucpYOGt2Om1Y9j-rbCpskN6xbI7bfsLL6Pq5dNGQyg=s64",
          "deleted": false,
          "pendingOwner": false
        },
        {
          "kind": "drive#permission",
          "id": "17303972415997736298k",
          "type": "domain",
          "domain": "antbuddy.com",
          "role": "writer",
          "allowFileDiscovery": false,
          "displayName": "AntBuddy"
        },
        {
          "kind": "drive#permission",
          "id": "06941688514420538122",
          "type": "user",
          "emailAddress": "fastlane-android-apk@mythic-display-237310.iam.gserviceaccount.com",
          "role": "owner",
          "displayName": "fastlane-android-apk@mythic-display-237310.iam.gserviceaccount.com",
          "photoLink": "https://lh3.googleusercontent.com/a/default-user=s64",
          "deleted": false,
          "pendingOwner": false
        }
      ],
      "permissionIds": [
        "15924969308100435788",
        "17303972415997736298k",
        "06941688514420538122"
      ],
      "originalFilename": "ticket-293-3.2.0-bdecff4e.apk",
      "fullFileExtension": "0-bdecff4e.apk",
      "fileExtension": "apk",
      "md5Checksum": "2fe5c5819f67ca2d9703bc6f39ce1dd7",
      "size": "62746898",
      "quotaBytesUsed": "62746898",
      "headRevisionId": "0ByDi02V-dEkAbW9qNzVYcGJhTVFsa1NlZnpVMm1mWXRERW5jPQ",
      "isAppAuthorized": true,
      "linkShareMetadata": {
        "securityUpdateEligible": false,
        "securityUpdateEnabled": true
      }
    },
    {
      "kind": "drive#file",
      "id": "1aYlpx0b3bqxfA7TILfWkJo33bPMWeman",
      "name": "ticket-292-3.2.0-3fbaa47d.apk",
      "mimeType": "application/vnd.android.package-archive",
      "starred": false,
      "trashed": false,
      "explicitlyTrashed": false,
      "parents": [
        "1N3PmrCeFkRRSD4TGLO3YPW9dOU23zFHs"
      ],
      "spaces": [
        "drive"
      ],
      "version": "5",
      "webContentLink": "https://drive.google.com/uc?id=1aYlpx0b3bqxfA7TILfWkJo33bPMWeman&export=download",
      "webViewLink": "https://drive.google.com/file/d/1aYlpx0b3bqxfA7TILfWkJo33bPMWeman/view?usp=drivesdk",
      "iconLink": "https://drive-thirdparty.googleusercontent.com/16/type/application/vnd.android.package-archive",
      "hasThumbnail": false,
      "thumbnailVersion": "0",
      "viewedByMe": false,
      "createdTime": "2022-03-02T07:28:40.283Z",
      "modifiedTime": "2022-03-02T07:28:40.283Z",
      "modifiedByMeTime": "2022-03-02T07:28:40.283Z",
      "modifiedByMe": true,
      "owners": [
        {
          "kind": "drive#user",
          "displayName": "fastlane-android-apk@mythic-display-237310.iam.gserviceaccount.com",
          "photoLink": "https://lh3.googleusercontent.com/a/default-user=s64",
          "me": true,
          "permissionId": "06941688514420538122",
          "emailAddress": "fastlane-android-apk@mythic-display-237310.iam.gserviceaccount.com"
        }
      ],
      "lastModifyingUser": {
        "kind": "drive#user",
        "displayName": "fastlane-android-apk@mythic-display-237310.iam.gserviceaccount.com",
        "photoLink": "https://lh3.googleusercontent.com/a/default-user=s64",
        "me": true,
        "permissionId": "06941688514420538122",
        "emailAddress": "fastlane-android-apk@mythic-display-237310.iam.gserviceaccount.com"
      },
      "shared": true,
      "ownedByMe": true,
      "capabilities": {
        "canAcceptOwnership": false,
        "canAddChildren": false,
        "canAddMyDriveParent": false,
        "canChangeCopyRequiresWriterPermission": true,
        "canChangeSecurityUpdateEnabled": false,
        "canChangeViewersCanCopyContent": true,
        "canComment": true,
        "canCopy": true,
        "canDelete": true,
        "canDownload": true,
        "canEdit": true,
        "canListChildren": false,
        "canModifyContent": true,
        "canModifyLabels": false,
        "canMoveChildrenWithinDrive": false,
        "canMoveItemIntoTeamDrive": true,
        "canMoveItemOutOfDrive": true,
        "canMoveItemWithinDrive": true,
        "canReadLabels": false,
        "canReadRevisions": true,
        "canRemoveChildren": false,
        "canRemoveMyDriveParent": true,
        "canRename": true,
        "canShare": true,
        "canTrash": true,
        "canUntrash": true
      },
      "viewersCanCopyContent": true,
      "copyRequiresWriterPermission": false,
      "writersCanShare": true,
      "permissions": [
        {
          "kind": "drive#permission",
          "id": "15924969308100435788",
          "type": "user",
          "emailAddress": "vinh.thieu@antbuddy.com",
          "role": "writer",
          "displayName": "Vinh Thieu Quang",
          "photoLink": "https://lh3.googleusercontent.com/a-/AFdZucpYOGt2Om1Y9j-rbCpskN6xbI7bfsLL6Pq5dNGQyg=s64",
          "deleted": false,
          "pendingOwner": false
        },
        {
          "kind": "drive#permission",
          "id": "17303972415997736298k",
          "type": "domain",
          "domain": "antbuddy.com",
          "role": "writer",
          "allowFileDiscovery": false,
          "displayName": "AntBuddy"
        },
        {
          "kind": "drive#permission",
          "id": "06941688514420538122",
          "type": "user",
          "emailAddress": "fastlane-android-apk@mythic-display-237310.iam.gserviceaccount.com",
          "role": "owner",
          "displayName": "fastlane-android-apk@mythic-display-237310.iam.gserviceaccount.com",
          "photoLink": "https://lh3.googleusercontent.com/a/default-user=s64",
          "deleted": false,
          "pendingOwner": false
        }
      ],
      "permissionIds": [
        "15924969308100435788",
        "17303972415997736298k",
        "06941688514420538122"
      ],
      "originalFilename": "ticket-292-3.2.0-3fbaa47d.apk",
      "fullFileExtension": "0-3fbaa47d.apk",
      "fileExtension": "apk",
      "md5Checksum": "475d89f1e4afee3e3873e2803f11870b",
      "size": "62749428",
      "quotaBytesUsed": "62749428",
      "headRevisionId": "0ByDi02V-dEkALzY2amtTMmRJQVVYK3NJSnhRN2FOMDdSSDlZPQ",
      "isAppAuthorized": true,
      "linkShareMetadata": {
        "securityUpdateEligible": false,
        "securityUpdateEnabled": true
      }
    },
    {
      "kind": "drive#file",
      "id": "1fG2HRzZpgYm5ope2wHkUw8IemPYsEOEb",
      "name": "ticket-153-3.2.0-ff696375.apk",
      "mimeType": "application/vnd.android.package-archive",
      "starred": false,
      "trashed": false,
      "explicitlyTrashed": false,
      "parents": [
        "0ACDi02V-dEkAUk9PVA"
      ],
      "spaces": [
        "drive"
      ],
      "version": "5",
      "webContentLink": "https://drive.google.com/uc?id=1fG2HRzZpgYm5ope2wHkUw8IemPYsEOEb&export=download",
      "webViewLink": "https://drive.google.com/file/d/1fG2HRzZpgYm5ope2wHkUw8IemPYsEOEb/view?usp=drivesdk",
      "iconLink": "https://drive-thirdparty.googleusercontent.com/16/type/application/vnd.android.package-archive",
      "hasThumbnail": false,
      "thumbnailVersion": "0",
      "viewedByMe": false,
      "createdTime": "2022-03-02T08:37:13.338Z",
      "modifiedTime": "2022-03-02T08:37:13.338Z",
      "modifiedByMeTime": "2022-03-02T08:37:13.338Z",
      "modifiedByMe": true,
      "owners": [
        {
          "kind": "drive#user",
          "displayName": "fastlane-android-apk@mythic-display-237310.iam.gserviceaccount.com",
          "photoLink": "https://lh3.googleusercontent.com/a/default-user=s64",
          "me": true,
          "permissionId": "06941688514420538122",
          "emailAddress": "fastlane-android-apk@mythic-display-237310.iam.gserviceaccount.com"
        }
      ],
      "lastModifyingUser": {
        "kind": "drive#user",
        "displayName": "fastlane-android-apk@mythic-display-237310.iam.gserviceaccount.com",
        "photoLink": "https://lh3.googleusercontent.com/a/default-user=s64",
        "me": true,
        "permissionId": "06941688514420538122",
        "emailAddress": "fastlane-android-apk@mythic-display-237310.iam.gserviceaccount.com"
      },
      "shared": false,
      "ownedByMe": true,
      "capabilities": {
        "canAcceptOwnership": false,
        "canAddChildren": false,
        "canAddMyDriveParent": false,
        "canChangeCopyRequiresWriterPermission": true,
        "canChangeSecurityUpdateEnabled": false,
        "canChangeViewersCanCopyContent": true,
        "canComment": true,
        "canCopy": true,
        "canDelete": true,
        "canDownload": true,
        "canEdit": true,
        "canListChildren": false,
        "canModifyContent": true,
        "canModifyLabels": false,
        "canMoveChildrenWithinDrive": false,
        "canMoveItemIntoTeamDrive": true,
        "canMoveItemOutOfDrive": true,
        "canMoveItemWithinDrive": true,
        "canReadLabels": false,
        "canReadRevisions": true,
        "canRemoveChildren": false,
        "canRemoveMyDriveParent": true,
        "canRename": true,
        "canShare": true,
        "canTrash": true,
        "canUntrash": true
      },
      "viewersCanCopyContent": true,
      "copyRequiresWriterPermission": false,
      "writersCanShare": true,
      "permissions": [
        {
          "kind": "drive#permission",
          "id": "06941688514420538122",
          "type": "user",
          "emailAddress": "fastlane-android-apk@mythic-display-237310.iam.gserviceaccount.com",
          "role": "owner",
          "displayName": "fastlane-android-apk@mythic-display-237310.iam.gserviceaccount.com",
          "photoLink": "https://lh3.googleusercontent.com/a/default-user=s64",
          "deleted": false,
          "pendingOwner": false
        }
      ],
      "permissionIds": [
        "06941688514420538122"
      ],
      "originalFilename": "ticket-153-3.2.0-ff696375.apk",
      "fullFileExtension": "0-ff696375.apk",
      "fileExtension": "apk",
      "md5Checksum": "461e787a27976300f80ed68cb6c9790d",
      "size": "62750043",
      "quotaBytesUsed": "62750043",
      "headRevisionId": "0ByDi02V-dEkAOHg5U2cwekJ1ZGt4L0RHNFYzb0tlY3lUSDEwPQ",
      "isAppAuthorized": true,
      "linkShareMetadata": {
        "securityUpdateEligible": false,
        "securityUpdateEnabled": true
      }
    },
    {
      "kind": "drive#file",
      "id": "17cc9UWfbERxi0QLbuZoqA_Rl_-q-9YKM",
      "name": "ticket-155-3.2.0-d430a33f.apk",
      "mimeType": "application/vnd.android.package-archive",
      "starred": false,
      "trashed": false,
      "explicitlyTrashed": false,
      "parents": [
        "0ACDi02V-dEkAUk9PVA"
      ],
      "spaces": [
        "drive"
      ],
      "version": "5",
      "webContentLink": "https://drive.google.com/uc?id=17cc9UWfbERxi0QLbuZoqA_Rl_-q-9YKM&export=download",
      "webViewLink": "https://drive.google.com/file/d/17cc9UWfbERxi0QLbuZoqA_Rl_-q-9YKM/view?usp=drivesdk",
      "iconLink": "https://drive-thirdparty.googleusercontent.com/16/type/application/vnd.android.package-archive",
      "hasThumbnail": false,
      "thumbnailVersion": "0",
      "viewedByMe": false,
      "createdTime": "2022-03-02T09:13:48.819Z",
      "modifiedTime": "2022-03-02T09:13:48.819Z",
      "modifiedByMeTime": "2022-03-02T09:13:48.819Z",
      "modifiedByMe": true,
      "owners": [
        {
          "kind": "drive#user",
          "displayName": "fastlane-android-apk@mythic-display-237310.iam.gserviceaccount.com",
          "photoLink": "https://lh3.googleusercontent.com/a/default-user=s64",
          "me": true,
          "permissionId": "06941688514420538122",
          "emailAddress": "fastlane-android-apk@mythic-display-237310.iam.gserviceaccount.com"
        }
      ],
      "lastModifyingUser": {
        "kind": "drive#user",
        "displayName": "fastlane-android-apk@mythic-display-237310.iam.gserviceaccount.com",
        "photoLink": "https://lh3.googleusercontent.com/a/default-user=s64",
        "me": true,
        "permissionId": "06941688514420538122",
        "emailAddress": "fastlane-android-apk@mythic-display-237310.iam.gserviceaccount.com"
      },
      "shared": false,
      "ownedByMe": true,
      "capabilities": {
        "canAcceptOwnership": false,
        "canAddChildren": false,
        "canAddMyDriveParent": false,
        "canChangeCopyRequiresWriterPermission": true,
        "canChangeSecurityUpdateEnabled": false,
        "canChangeViewersCanCopyContent": true,
        "canComment": true,
        "canCopy": true,
        "canDelete": true,
        "canDownload": true,
        "canEdit": true,
        "canListChildren": false,
        "canModifyContent": true,
        "canModifyLabels": false,
        "canMoveChildrenWithinDrive": false,
        "canMoveItemIntoTeamDrive": true,
        "canMoveItemOutOfDrive": true,
        "canMoveItemWithinDrive": true,
        "canReadLabels": false,
        "canReadRevisions": true,
        "canRemoveChildren": false,
        "canRemoveMyDriveParent": true,
        "canRename": true,
        "canShare": true,
        "canTrash": true,
        "canUntrash": true
      },
      "viewersCanCopyContent": true,
      "copyRequiresWriterPermission": false,
      "writersCanShare": true,
      "permissions": [
        {
          "kind": "drive#permission",
          "id": "06941688514420538122",
          "type": "user",
          "emailAddress": "fastlane-android-apk@mythic-display-237310.iam.gserviceaccount.com",
          "role": "owner",
          "displayName": "fastlane-android-apk@mythic-display-237310.iam.gserviceaccount.com",
          "photoLink": "https://lh3.googleusercontent.com/a/default-user=s64",
          "deleted": false,
          "pendingOwner": false
        }
      ],
      "permissionIds": [
        "06941688514420538122"
      ],
      "originalFilename": "ticket-155-3.2.0-d430a33f.apk",
      "fullFileExtension": "0-d430a33f.apk",
      "fileExtension": "apk",
      "md5Checksum": "a670d6d9d78a383ac7e6ae54a43d1fd1",
      "size": "62747875",
      "quotaBytesUsed": "62747875",
      "headRevisionId": "0ByDi02V-dEkATE11RnY4UHFpdzVETHhJUzEyQldPR0hHQWNnPQ",
      "isAppAuthorized": true,
      "linkShareMetadata": {
        "securityUpdateEligible": false,
        "securityUpdateEnabled": true
      }
    },
    {
      "kind": "drive#file",
      "id": "1hoB0_GmrzO4c6PJb6DU5y5_2oEQsfMPB",
      "name": "ticket-294-3.2.0-d11a83d0.apk",
      "mimeType": "application/vnd.android.package-archive",
      "starred": false,
      "trashed": false,
      "explicitlyTrashed": false,
      "parents": [
        "1N3PmrCeFkRRSD4TGLO3YPW9dOU23zFHs"
      ],
      "spaces": [
        "drive"
      ],
      "version": "4",
      "webContentLink": "https://drive.google.com/uc?id=1hoB0_GmrzO4c6PJb6DU5y5_2oEQsfMPB&export=download",
      "webViewLink": "https://drive.google.com/file/d/1hoB0_GmrzO4c6PJb6DU5y5_2oEQsfMPB/view?usp=drivesdk",
      "iconLink": "https://drive-thirdparty.googleusercontent.com/16/type/application/vnd.android.package-archive",
      "hasThumbnail": false,
      "thumbnailVersion": "0",
      "viewedByMe": false,
      "createdTime": "2022-03-02T10:30:04.855Z",
      "modifiedTime": "2022-03-02T10:30:04.855Z",
      "modifiedByMeTime": "2022-03-02T10:30:04.855Z",
      "modifiedByMe": true,
      "owners": [
        {
          "kind": "drive#user",
          "displayName": "fastlane-android-apk@mythic-display-237310.iam.gserviceaccount.com",
          "photoLink": "https://lh3.googleusercontent.com/a/default-user=s64",
          "me": true,
          "permissionId": "06941688514420538122",
          "emailAddress": "fastlane-android-apk@mythic-display-237310.iam.gserviceaccount.com"
        }
      ],
      "lastModifyingUser": {
        "kind": "drive#user",
        "displayName": "fastlane-android-apk@mythic-display-237310.iam.gserviceaccount.com",
        "photoLink": "https://lh3.googleusercontent.com/a/default-user=s64",
        "me": true,
        "permissionId": "06941688514420538122",
        "emailAddress": "fastlane-android-apk@mythic-display-237310.iam.gserviceaccount.com"
      },
      "shared": true,
      "ownedByMe": true,
      "capabilities": {
        "canAcceptOwnership": false,
        "canAddChildren": false,
        "canAddMyDriveParent": false,
        "canChangeCopyRequiresWriterPermission": true,
        "canChangeSecurityUpdateEnabled": false,
        "canChangeViewersCanCopyContent": true,
        "canComment": true,
        "canCopy": true,
        "canDelete": true,
        "canDownload": true,
        "canEdit": true,
        "canListChildren": false,
        "canModifyContent": true,
        "canModifyLabels": false,
        "canMoveChildrenWithinDrive": false,
        "canMoveItemIntoTeamDrive": true,
        "canMoveItemOutOfDrive": true,
        "canMoveItemWithinDrive": true,
        "canReadLabels": false,
        "canReadRevisions": true,
        "canRemoveChildren": false,
        "canRemoveMyDriveParent": true,
        "canRename": true,
        "canShare": true,
        "canTrash": true,
        "canUntrash": true
      },
      "viewersCanCopyContent": true,
      "copyRequiresWriterPermission": false,
      "writersCanShare": true,
      "permissions": [
        {
          "kind": "drive#permission",
          "id": "15924969308100435788",
          "type": "user",
          "emailAddress": "vinh.thieu@antbuddy.com",
          "role": "writer",
          "displayName": "Vinh Thieu Quang",
          "photoLink": "https://lh3.googleusercontent.com/a-/AFdZucpYOGt2Om1Y9j-rbCpskN6xbI7bfsLL6Pq5dNGQyg=s64",
          "deleted": false,
          "pendingOwner": false
        },
        {
          "kind": "drive#permission",
          "id": "17303972415997736298k",
          "type": "domain",
          "domain": "antbuddy.com",
          "role": "writer",
          "allowFileDiscovery": false,
          "displayName": "AntBuddy"
        },
        {
          "kind": "drive#permission",
          "id": "06941688514420538122",
          "type": "user",
          "emailAddress": "fastlane-android-apk@mythic-display-237310.iam.gserviceaccount.com",
          "role": "owner",
          "displayName": "fastlane-android-apk@mythic-display-237310.iam.gserviceaccount.com",
          "photoLink": "https://lh3.googleusercontent.com/a/default-user=s64",
          "deleted": false,
          "pendingOwner": false
        }
      ],
      "permissionIds": [
        "15924969308100435788",
        "17303972415997736298k",
        "06941688514420538122"
      ],
      "originalFilename": "ticket-294-3.2.0-d11a83d0.apk",
      "fullFileExtension": "0-d11a83d0.apk",
      "fileExtension": "apk",
      "md5Checksum": "d00c8b7d2a8c115a236fcb080c9a5854",
      "size": "62746875",
      "quotaBytesUsed": "62746875",
      "headRevisionId": "0ByDi02V-dEkAVnZYSy9iNTR0WGdYc2NadlltcXgrSVN4dU9jPQ",
      "isAppAuthorized": true,
      "linkShareMetadata": {
        "securityUpdateEligible": false,
        "securityUpdateEnabled": true
      }
    },
    {
      "kind": "drive#file",
      "id": "1p6EPerPRpNGl9SBQyAgi8hmSmqOG58Kz",
      "name": "ticket-294-3.2.0-98e9608d.apk",
      "mimeType": "application/vnd.android.package-archive",
      "starred": false,
      "trashed": false,
      "explicitlyTrashed": false,
      "parents": [
        "1N3PmrCeFkRRSD4TGLO3YPW9dOU23zFHs"
      ],
      "spaces": [
        "drive"
      ],
      "version": "4",
      "webContentLink": "https://drive.google.com/uc?id=1p6EPerPRpNGl9SBQyAgi8hmSmqOG58Kz&export=download",
      "webViewLink": "https://drive.google.com/file/d/1p6EPerPRpNGl9SBQyAgi8hmSmqOG58Kz/view?usp=drivesdk",
      "iconLink": "https://drive-thirdparty.googleusercontent.com/16/type/application/vnd.android.package-archive",
      "hasThumbnail": false,
      "thumbnailVersion": "0",
      "viewedByMe": false,
      "createdTime": "2022-03-03T08:21:00.490Z",
      "modifiedTime": "2022-03-03T08:21:00.490Z",
      "modifiedByMeTime": "2022-03-03T08:21:00.490Z",
      "modifiedByMe": true,
      "owners": [
        {
          "kind": "drive#user",
          "displayName": "fastlane-android-apk@mythic-display-237310.iam.gserviceaccount.com",
          "photoLink": "https://lh3.googleusercontent.com/a/default-user=s64",
          "me": true,
          "permissionId": "06941688514420538122",
          "emailAddress": "fastlane-android-apk@mythic-display-237310.iam.gserviceaccount.com"
        }
      ],
      "lastModifyingUser": {
        "kind": "drive#user",
        "displayName": "fastlane-android-apk@mythic-display-237310.iam.gserviceaccount.com",
        "photoLink": "https://lh3.googleusercontent.com/a/default-user=s64",
        "me": true,
        "permissionId": "06941688514420538122",
        "emailAddress": "fastlane-android-apk@mythic-display-237310.iam.gserviceaccount.com"
      },
      "shared": true,
      "ownedByMe": true,
      "capabilities": {
        "canAcceptOwnership": false,
        "canAddChildren": false,
        "canAddMyDriveParent": false,
        "canChangeCopyRequiresWriterPermission": true,
        "canChangeSecurityUpdateEnabled": false,
        "canChangeViewersCanCopyContent": true,
        "canComment": true,
        "canCopy": true,
        "canDelete": true,
        "canDownload": true,
        "canEdit": true,
        "canListChildren": false,
        "canModifyContent": true,
        "canModifyLabels": false,
        "canMoveChildrenWithinDrive": false,
        "canMoveItemIntoTeamDrive": true,
        "canMoveItemOutOfDrive": true,
        "canMoveItemWithinDrive": true,
        "canReadLabels": false,
        "canReadRevisions": true,
        "canRemoveChildren": false,
        "canRemoveMyDriveParent": true,
        "canRename": true,
        "canShare": true,
        "canTrash": true,
        "canUntrash": true
      },
      "viewersCanCopyContent": true,
      "copyRequiresWriterPermission": false,
      "writersCanShare": true,
      "permissions": [
        {
          "kind": "drive#permission",
          "id": "15924969308100435788",
          "type": "user",
          "emailAddress": "vinh.thieu@antbuddy.com",
          "role": "writer",
          "displayName": "Vinh Thieu Quang",
          "photoLink": "https://lh3.googleusercontent.com/a-/AFdZucpYOGt2Om1Y9j-rbCpskN6xbI7bfsLL6Pq5dNGQyg=s64",
          "deleted": false,
          "pendingOwner": false
        },
        {
          "kind": "drive#permission",
          "id": "17303972415997736298k",
          "type": "domain",
          "domain": "antbuddy.com",
          "role": "writer",
          "allowFileDiscovery": false,
          "displayName": "AntBuddy"
        },
        {
          "kind": "drive#permission",
          "id": "06941688514420538122",
          "type": "user",
          "emailAddress": "fastlane-android-apk@mythic-display-237310.iam.gserviceaccount.com",
          "role": "owner",
          "displayName": "fastlane-android-apk@mythic-display-237310.iam.gserviceaccount.com",
          "photoLink": "https://lh3.googleusercontent.com/a/default-user=s64",
          "deleted": false,
          "pendingOwner": false
        }
      ],
      "permissionIds": [
        "15924969308100435788",
        "17303972415997736298k",
        "06941688514420538122"
      ],
      "originalFilename": "ticket-294-3.2.0-98e9608d.apk",
      "fullFileExtension": "0-98e9608d.apk",
      "fileExtension": "apk",
      "md5Checksum": "5b94abe277045852c0bc99eaf9e0db56",
      "size": "62746865",
      "quotaBytesUsed": "62746865",
      "headRevisionId": "0ByDi02V-dEkAS21zbFF1ejVXMjZjb1hjRTRKajUzdWs2TnZjPQ",
      "isAppAuthorized": true,
      "linkShareMetadata": {
        "securityUpdateEligible": false,
        "securityUpdateEnabled": true
      }
    },
    {
      "kind": "drive#file",
      "id": "1jXMNHMtOkOHraTWs0P18F6v9_k__Agwe",
      "name": "ticket-282-3.2.0-7498a1d1.apk",
      "mimeType": "application/vnd.android.package-archive",
      "starred": false,
      "trashed": false,
      "explicitlyTrashed": false,
      "parents": [
        "1N3PmrCeFkRRSD4TGLO3YPW9dOU23zFHs"
      ],
      "spaces": [
        "drive"
      ],
      "version": "4",
      "webContentLink": "https://drive.google.com/uc?id=1jXMNHMtOkOHraTWs0P18F6v9_k__Agwe&export=download",
      "webViewLink": "https://drive.google.com/file/d/1jXMNHMtOkOHraTWs0P18F6v9_k__Agwe/view?usp=drivesdk",
      "iconLink": "https://drive-thirdparty.googleusercontent.com/16/type/application/vnd.android.package-archive",
      "hasThumbnail": false,
      "thumbnailVersion": "0",
      "viewedByMe": false,
      "createdTime": "2022-03-03T08:32:37.479Z",
      "modifiedTime": "2022-03-03T08:32:37.479Z",
      "modifiedByMeTime": "2022-03-03T08:32:37.479Z",
      "modifiedByMe": true,
      "owners": [
        {
          "kind": "drive#user",
          "displayName": "fastlane-android-apk@mythic-display-237310.iam.gserviceaccount.com",
          "photoLink": "https://lh3.googleusercontent.com/a/default-user=s64",
          "me": true,
          "permissionId": "06941688514420538122",
          "emailAddress": "fastlane-android-apk@mythic-display-237310.iam.gserviceaccount.com"
        }
      ],
      "lastModifyingUser": {
        "kind": "drive#user",
        "displayName": "fastlane-android-apk@mythic-display-237310.iam.gserviceaccount.com",
        "photoLink": "https://lh3.googleusercontent.com/a/default-user=s64",
        "me": true,
        "permissionId": "06941688514420538122",
        "emailAddress": "fastlane-android-apk@mythic-display-237310.iam.gserviceaccount.com"
      },
      "shared": true,
      "ownedByMe": true,
      "capabilities": {
        "canAcceptOwnership": false,
        "canAddChildren": false,
        "canAddMyDriveParent": false,
        "canChangeCopyRequiresWriterPermission": true,
        "canChangeSecurityUpdateEnabled": false,
        "canChangeViewersCanCopyContent": true,
        "canComment": true,
        "canCopy": true,
        "canDelete": true,
        "canDownload": true,
        "canEdit": true,
        "canListChildren": false,
        "canModifyContent": true,
        "canModifyLabels": false,
        "canMoveChildrenWithinDrive": false,
        "canMoveItemIntoTeamDrive": true,
        "canMoveItemOutOfDrive": true,
        "canMoveItemWithinDrive": true,
        "canReadLabels": false,
        "canReadRevisions": true,
        "canRemoveChildren": false,
        "canRemoveMyDriveParent": true,
        "canRename": true,
        "canShare": true,
        "canTrash": true,
        "canUntrash": true
      },
      "viewersCanCopyContent": true,
      "copyRequiresWriterPermission": false,
      "writersCanShare": true,
      "permissions": [
        {
          "kind": "drive#permission",
          "id": "15924969308100435788",
          "type": "user",
          "emailAddress": "vinh.thieu@antbuddy.com",
          "role": "writer",
          "displayName": "Vinh Thieu Quang",
          "photoLink": "https://lh3.googleusercontent.com/a-/AFdZucpYOGt2Om1Y9j-rbCpskN6xbI7bfsLL6Pq5dNGQyg=s64",
          "deleted": false,
          "pendingOwner": false
        },
        {
          "kind": "drive#permission",
          "id": "17303972415997736298k",
          "type": "domain",
          "domain": "antbuddy.com",
          "role": "writer",
          "allowFileDiscovery": false,
          "displayName": "AntBuddy"
        },
        {
          "kind": "drive#permission",
          "id": "06941688514420538122",
          "type": "user",
          "emailAddress": "fastlane-android-apk@mythic-display-237310.iam.gserviceaccount.com",
          "role": "owner",
          "displayName": "fastlane-android-apk@mythic-display-237310.iam.gserviceaccount.com",
          "photoLink": "https://lh3.googleusercontent.com/a/default-user=s64",
          "deleted": false,
          "pendingOwner": false
        }
      ],
      "permissionIds": [
        "15924969308100435788",
        "17303972415997736298k",
        "06941688514420538122"
      ],
      "originalFilename": "ticket-282-3.2.0-7498a1d1.apk",
      "fullFileExtension": "0-7498a1d1.apk",
      "fileExtension": "apk",
      "md5Checksum": "14dbfe347d1e612bf74975fb0838853a",
      "size": "62746977",
      "quotaBytesUsed": "62746977",
      "headRevisionId": "0ByDi02V-dEkAQ3IzMDdvdDVNZVlqTkNrOUhrVzM2QVY2ZnRnPQ",
      "isAppAuthorized": true,
      "linkShareMetadata": {
        "securityUpdateEligible": false,
        "securityUpdateEnabled": true
      }
    },
    {
      "kind": "drive#file",
      "id": "1KmPzmi79vd3uNvjyyWxA-bO6UohDseSL",
      "name": "ticket-282-3.2.0-a39113c3.apk",
      "mimeType": "application/vnd.android.package-archive",
      "starred": false,
      "trashed": false,
      "explicitlyTrashed": false,
      "parents": [
        "1N3PmrCeFkRRSD4TGLO3YPW9dOU23zFHs"
      ],
      "spaces": [
        "drive"
      ],
      "version": "4",
      "webContentLink": "https://drive.google.com/uc?id=1KmPzmi79vd3uNvjyyWxA-bO6UohDseSL&export=download",
      "webViewLink": "https://drive.google.com/file/d/1KmPzmi79vd3uNvjyyWxA-bO6UohDseSL/view?usp=drivesdk",
      "iconLink": "https://drive-thirdparty.googleusercontent.com/16/type/application/vnd.android.package-archive",
      "hasThumbnail": false,
      "thumbnailVersion": "0",
      "viewedByMe": false,
      "createdTime": "2022-03-04T07:51:51.720Z",
      "modifiedTime": "2022-03-04T07:51:51.720Z",
      "modifiedByMeTime": "2022-03-04T07:51:51.720Z",
      "modifiedByMe": true,
      "owners": [
        {
          "kind": "drive#user",
          "displayName": "fastlane-android-apk@mythic-display-237310.iam.gserviceaccount.com",
          "photoLink": "https://lh3.googleusercontent.com/a/default-user=s64",
          "me": true,
          "permissionId": "06941688514420538122",
          "emailAddress": "fastlane-android-apk@mythic-display-237310.iam.gserviceaccount.com"
        }
      ],
      "lastModifyingUser": {
        "kind": "drive#user",
        "displayName": "fastlane-android-apk@mythic-display-237310.iam.gserviceaccount.com",
        "photoLink": "https://lh3.googleusercontent.com/a/default-user=s64",
        "me": true,
        "permissionId": "06941688514420538122",
        "emailAddress": "fastlane-android-apk@mythic-display-237310.iam.gserviceaccount.com"
      },
      "shared": true,
      "ownedByMe": true,
      "capabilities": {
        "canAcceptOwnership": false,
        "canAddChildren": false,
        "canAddMyDriveParent": false,
        "canChangeCopyRequiresWriterPermission": true,
        "canChangeSecurityUpdateEnabled": false,
        "canChangeViewersCanCopyContent": true,
        "canComment": true,
        "canCopy": true,
        "canDelete": true,
        "canDownload": true,
        "canEdit": true,
        "canListChildren": false,
        "canModifyContent": true,
        "canModifyLabels": false,
        "canMoveChildrenWithinDrive": false,
        "canMoveItemIntoTeamDrive": true,
        "canMoveItemOutOfDrive": true,
        "canMoveItemWithinDrive": true,
        "canReadLabels": false,
        "canReadRevisions": true,
        "canRemoveChildren": false,
        "canRemoveMyDriveParent": true,
        "canRename": true,
        "canShare": true,
        "canTrash": true,
        "canUntrash": true
      },
      "viewersCanCopyContent": true,
      "copyRequiresWriterPermission": false,
      "writersCanShare": true,
      "permissions": [
        {
          "kind": "drive#permission",
          "id": "15924969308100435788",
          "type": "user",
          "emailAddress": "vinh.thieu@antbuddy.com",
          "role": "writer",
          "displayName": "Vinh Thieu Quang",
          "photoLink": "https://lh3.googleusercontent.com/a-/AFdZucpYOGt2Om1Y9j-rbCpskN6xbI7bfsLL6Pq5dNGQyg=s64",
          "deleted": false,
          "pendingOwner": false
        },
        {
          "kind": "drive#permission",
          "id": "17303972415997736298k",
          "type": "domain",
          "domain": "antbuddy.com",
          "role": "writer",
          "allowFileDiscovery": false,
          "displayName": "AntBuddy"
        },
        {
          "kind": "drive#permission",
          "id": "06941688514420538122",
          "type": "user",
          "emailAddress": "fastlane-android-apk@mythic-display-237310.iam.gserviceaccount.com",
          "role": "owner",
          "displayName": "fastlane-android-apk@mythic-display-237310.iam.gserviceaccount.com",
          "photoLink": "https://lh3.googleusercontent.com/a/default-user=s64",
          "deleted": false,
          "pendingOwner": false
        }
      ],
      "permissionIds": [
        "15924969308100435788",
        "17303972415997736298k",
        "06941688514420538122"
      ],
      "originalFilename": "ticket-282-3.2.0-a39113c3.apk",
      "fullFileExtension": "0-a39113c3.apk",
      "fileExtension": "apk",
      "md5Checksum": "3d2ccb560bf0b240b189d19f2ec0db96",
      "size": "62746970",
      "quotaBytesUsed": "62746970",
      "headRevisionId": "0ByDi02V-dEkAOXJKdEROODFJSjNlQVRvbjdnV09EdmpET1FZPQ",
      "isAppAuthorized": true,
      "linkShareMetadata": {
        "securityUpdateEligible": false,
        "securityUpdateEnabled": true
      }
    },
    {
      "kind": "drive#file",
      "id": "18KhIXP82_2cvDIaDbPRBJg59UiiFnn2q",
      "name": "ticket-292-3.2.0-5309313a.apk",
      "mimeType": "application/vnd.android.package-archive",
      "starred": false,
      "trashed": false,
      "explicitlyTrashed": false,
      "parents": [
        "1N3PmrCeFkRRSD4TGLO3YPW9dOU23zFHs"
      ],
      "spaces": [
        "drive"
      ],
      "version": "5",
      "webContentLink": "https://drive.google.com/uc?id=18KhIXP82_2cvDIaDbPRBJg59UiiFnn2q&export=download",
      "webViewLink": "https://drive.google.com/file/d/18KhIXP82_2cvDIaDbPRBJg59UiiFnn2q/view?usp=drivesdk",
      "iconLink": "https://drive-thirdparty.googleusercontent.com/16/type/application/vnd.android.package-archive",
      "hasThumbnail": false,
      "thumbnailVersion": "0",
      "viewedByMe": false,
      "createdTime": "2022-03-04T08:49:00.833Z",
      "modifiedTime": "2022-03-04T08:49:00.833Z",
      "modifiedByMeTime": "2022-03-04T08:49:00.833Z",
      "modifiedByMe": true,
      "owners": [
        {
          "kind": "drive#user",
          "displayName": "fastlane-android-apk@mythic-display-237310.iam.gserviceaccount.com",
          "photoLink": "https://lh3.googleusercontent.com/a/default-user=s64",
          "me": true,
          "permissionId": "06941688514420538122",
          "emailAddress": "fastlane-android-apk@mythic-display-237310.iam.gserviceaccount.com"
        }
      ],
      "lastModifyingUser": {
        "kind": "drive#user",
        "displayName": "fastlane-android-apk@mythic-display-237310.iam.gserviceaccount.com",
        "photoLink": "https://lh3.googleusercontent.com/a/default-user=s64",
        "me": true,
        "permissionId": "06941688514420538122",
        "emailAddress": "fastlane-android-apk@mythic-display-237310.iam.gserviceaccount.com"
      },
      "shared": true,
      "ownedByMe": true,
      "capabilities": {
        "canAcceptOwnership": false,
        "canAddChildren": false,
        "canAddMyDriveParent": false,
        "canChangeCopyRequiresWriterPermission": true,
        "canChangeSecurityUpdateEnabled": false,
        "canChangeViewersCanCopyContent": true,
        "canComment": true,
        "canCopy": true,
        "canDelete": true,
        "canDownload": true,
        "canEdit": true,
        "canListChildren": false,
        "canModifyContent": true,
        "canModifyLabels": false,
        "canMoveChildrenWithinDrive": false,
        "canMoveItemIntoTeamDrive": true,
        "canMoveItemOutOfDrive": true,
        "canMoveItemWithinDrive": true,
        "canReadLabels": false,
        "canReadRevisions": true,
        "canRemoveChildren": false,
        "canRemoveMyDriveParent": true,
        "canRename": true,
        "canShare": true,
        "canTrash": true,
        "canUntrash": true
      },
      "viewersCanCopyContent": true,
      "copyRequiresWriterPermission": false,
      "writersCanShare": true,
      "permissions": [
        {
          "kind": "drive#permission",
          "id": "15924969308100435788",
          "type": "user",
          "emailAddress": "vinh.thieu@antbuddy.com",
          "role": "writer",
          "displayName": "Vinh Thieu Quang",
          "photoLink": "https://lh3.googleusercontent.com/a-/AFdZucpYOGt2Om1Y9j-rbCpskN6xbI7bfsLL6Pq5dNGQyg=s64",
          "deleted": false,
          "pendingOwner": false
        },
        {
          "kind": "drive#permission",
          "id": "17303972415997736298k",
          "type": "domain",
          "domain": "antbuddy.com",
          "role": "writer",
          "allowFileDiscovery": false,
          "displayName": "AntBuddy"
        },
        {
          "kind": "drive#permission",
          "id": "06941688514420538122",
          "type": "user",
          "emailAddress": "fastlane-android-apk@mythic-display-237310.iam.gserviceaccount.com",
          "role": "owner",
          "displayName": "fastlane-android-apk@mythic-display-237310.iam.gserviceaccount.com",
          "photoLink": "https://lh3.googleusercontent.com/a/default-user=s64",
          "deleted": false,
          "pendingOwner": false
        }
      ],
      "permissionIds": [
        "15924969308100435788",
        "17303972415997736298k",
        "06941688514420538122"
      ],
      "originalFilename": "ticket-292-3.2.0-5309313a.apk",
      "fullFileExtension": "0-5309313a.apk",
      "fileExtension": "apk",
      "md5Checksum": "fa350b37a21f705200427bc33c80126e",
      "size": "62749885",
      "quotaBytesUsed": "62749885",
      "headRevisionId": "0ByDi02V-dEkATXcyWjNFeGJBT1diRzcvUFJEbTE2RUFKN0VJPQ",
      "isAppAuthorized": true,
      "linkShareMetadata": {
        "securityUpdateEligible": false,
        "securityUpdateEnabled": true
      }
    },
    {
      "kind": "drive#file",
      "id": "195ZKLtz2OJ7j1N8hD8H0Axz_OXQP6mGJ",
      "name": "ticket-117-3.2.0-c2e089e8.apk",
      "mimeType": "application/vnd.android.package-archive",
      "starred": false,
      "trashed": false,
      "explicitlyTrashed": false,
      "parents": [
        "0ACDi02V-dEkAUk9PVA"
      ],
      "spaces": [
        "drive"
      ],
      "version": "5",
      "webContentLink": "https://drive.google.com/uc?id=195ZKLtz2OJ7j1N8hD8H0Axz_OXQP6mGJ&export=download",
      "webViewLink": "https://drive.google.com/file/d/195ZKLtz2OJ7j1N8hD8H0Axz_OXQP6mGJ/view?usp=drivesdk",
      "iconLink": "https://drive-thirdparty.googleusercontent.com/16/type/application/vnd.android.package-archive",
      "hasThumbnail": false,
      "thumbnailVersion": "0",
      "viewedByMe": false,
      "createdTime": "2022-03-07T04:33:27.523Z",
      "modifiedTime": "2022-03-07T04:33:27.523Z",
      "modifiedByMeTime": "2022-03-07T04:33:27.523Z",
      "modifiedByMe": true,
      "owners": [
        {
          "kind": "drive#user",
          "displayName": "fastlane-android-apk@mythic-display-237310.iam.gserviceaccount.com",
          "photoLink": "https://lh3.googleusercontent.com/a/default-user=s64",
          "me": true,
          "permissionId": "06941688514420538122",
          "emailAddress": "fastlane-android-apk@mythic-display-237310.iam.gserviceaccount.com"
        }
      ],
      "lastModifyingUser": {
        "kind": "drive#user",
        "displayName": "fastlane-android-apk@mythic-display-237310.iam.gserviceaccount.com",
        "photoLink": "https://lh3.googleusercontent.com/a/default-user=s64",
        "me": true,
        "permissionId": "06941688514420538122",
        "emailAddress": "fastlane-android-apk@mythic-display-237310.iam.gserviceaccount.com"
      },
      "shared": false,
      "ownedByMe": true,
      "capabilities": {
        "canAcceptOwnership": false,
        "canAddChildren": false,
        "canAddMyDriveParent": false,
        "canChangeCopyRequiresWriterPermission": true,
        "canChangeSecurityUpdateEnabled": false,
        "canChangeViewersCanCopyContent": true,
        "canComment": true,
        "canCopy": true,
        "canDelete": true,
        "canDownload": true,
        "canEdit": true,
        "canListChildren": false,
        "canModifyContent": true,
        "canModifyLabels": false,
        "canMoveChildrenWithinDrive": false,
        "canMoveItemIntoTeamDrive": true,
        "canMoveItemOutOfDrive": true,
        "canMoveItemWithinDrive": true,
        "canReadLabels": false,
        "canReadRevisions": true,
        "canRemoveChildren": false,
        "canRemoveMyDriveParent": true,
        "canRename": true,
        "canShare": true,
        "canTrash": true,
        "canUntrash": true
      },
      "viewersCanCopyContent": true,
      "copyRequiresWriterPermission": false,
      "writersCanShare": true,
      "permissions": [
        {
          "kind": "drive#permission",
          "id": "06941688514420538122",
          "type": "user",
          "emailAddress": "fastlane-android-apk@mythic-display-237310.iam.gserviceaccount.com",
          "role": "owner",
          "displayName": "fastlane-android-apk@mythic-display-237310.iam.gserviceaccount.com",
          "photoLink": "https://lh3.googleusercontent.com/a/default-user=s64",
          "deleted": false,
          "pendingOwner": false
        }
      ],
      "permissionIds": [
        "06941688514420538122"
      ],
      "originalFilename": "ticket-117-3.2.0-c2e089e8.apk",
      "fullFileExtension": "0-c2e089e8.apk",
      "fileExtension": "apk",
      "md5Checksum": "813c72834eb4f10944ad156abffa56a0",
      "size": "62747409",
      "quotaBytesUsed": "62747409",
      "headRevisionId": "0ByDi02V-dEkAbEtVK08rdGN5ZnAyNWpOT0pjbUJvNmVCUHhnPQ",
      "isAppAuthorized": true,
      "linkShareMetadata": {
        "securityUpdateEligible": false,
        "securityUpdateEnabled": true
      }
    },
    {
      "kind": "drive#file",
      "id": "1sxGvjwKXuqgGvGaaecwmMz797JjqBn44",
      "name": "ticket-155-3.2.0-e7e58be2.apk",
      "mimeType": "application/vnd.android.package-archive",
      "starred": false,
      "trashed": false,
      "explicitlyTrashed": false,
      "parents": [
        "0ACDi02V-dEkAUk9PVA"
      ],
      "spaces": [
        "drive"
      ],
      "version": "4",
      "webContentLink": "https://drive.google.com/uc?id=1sxGvjwKXuqgGvGaaecwmMz797JjqBn44&export=download",
      "webViewLink": "https://drive.google.com/file/d/1sxGvjwKXuqgGvGaaecwmMz797JjqBn44/view?usp=drivesdk",
      "iconLink": "https://drive-thirdparty.googleusercontent.com/16/type/application/vnd.android.package-archive",
      "hasThumbnail": false,
      "thumbnailVersion": "0",
      "viewedByMe": false,
      "createdTime": "2022-03-09T07:53:31.050Z",
      "modifiedTime": "2022-03-09T07:53:31.050Z",
      "modifiedByMeTime": "2022-03-09T07:53:31.050Z",
      "modifiedByMe": true,
      "owners": [
        {
          "kind": "drive#user",
          "displayName": "fastlane-android-apk@mythic-display-237310.iam.gserviceaccount.com",
          "photoLink": "https://lh3.googleusercontent.com/a/default-user=s64",
          "me": true,
          "permissionId": "06941688514420538122",
          "emailAddress": "fastlane-android-apk@mythic-display-237310.iam.gserviceaccount.com"
        }
      ],
      "lastModifyingUser": {
        "kind": "drive#user",
        "displayName": "fastlane-android-apk@mythic-display-237310.iam.gserviceaccount.com",
        "photoLink": "https://lh3.googleusercontent.com/a/default-user=s64",
        "me": true,
        "permissionId": "06941688514420538122",
        "emailAddress": "fastlane-android-apk@mythic-display-237310.iam.gserviceaccount.com"
      },
      "shared": false,
      "ownedByMe": true,
      "capabilities": {
        "canAcceptOwnership": false,
        "canAddChildren": false,
        "canAddMyDriveParent": false,
        "canChangeCopyRequiresWriterPermission": true,
        "canChangeSecurityUpdateEnabled": false,
        "canChangeViewersCanCopyContent": true,
        "canComment": true,
        "canCopy": true,
        "canDelete": true,
        "canDownload": true,
        "canEdit": true,
        "canListChildren": false,
        "canModifyContent": true,
        "canModifyLabels": false,
        "canMoveChildrenWithinDrive": false,
        "canMoveItemIntoTeamDrive": true,
        "canMoveItemOutOfDrive": true,
        "canMoveItemWithinDrive": true,
        "canReadLabels": false,
        "canReadRevisions": true,
        "canRemoveChildren": false,
        "canRemoveMyDriveParent": true,
        "canRename": true,
        "canShare": true,
        "canTrash": true,
        "canUntrash": true
      },
      "viewersCanCopyContent": true,
      "copyRequiresWriterPermission": false,
      "writersCanShare": true,
      "permissions": [
        {
          "kind": "drive#permission",
          "id": "06941688514420538122",
          "type": "user",
          "emailAddress": "fastlane-android-apk@mythic-display-237310.iam.gserviceaccount.com",
          "role": "owner",
          "displayName": "fastlane-android-apk@mythic-display-237310.iam.gserviceaccount.com",
          "photoLink": "https://lh3.googleusercontent.com/a/default-user=s64",
          "deleted": false,
          "pendingOwner": false
        }
      ],
      "permissionIds": [
        "06941688514420538122"
      ],
      "originalFilename": "ticket-155-3.2.0-e7e58be2.apk",
      "fullFileExtension": "0-e7e58be2.apk",
      "fileExtension": "apk",
      "md5Checksum": "b46311329966304f3c976c5ed20d55a9",
      "size": "62747949",
      "quotaBytesUsed": "62747949",
      "headRevisionId": "0ByDi02V-dEkAU3RHYmdCNkRnZU9qTDFySmp5cGpDUXZ6NEZzPQ",
      "isAppAuthorized": true,
      "linkShareMetadata": {
        "securityUpdateEligible": false,
        "securityUpdateEnabled": true
      }
    },
    {
      "kind": "drive#file",
      "id": "1RuoUl0bHH5k9Cp5nfQAA9OjA4tYjhXfY",
      "name": "ticket-155-3.2.0-7b0a561d.apk",
      "mimeType": "application/vnd.android.package-archive",
      "starred": false,
      "trashed": false,
      "explicitlyTrashed": false,
      "parents": [
        "0ACDi02V-dEkAUk9PVA"
      ],
      "spaces": [
        "drive"
      ],
      "version": "5",
      "webContentLink": "https://drive.google.com/uc?id=1RuoUl0bHH5k9Cp5nfQAA9OjA4tYjhXfY&export=download",
      "webViewLink": "https://drive.google.com/file/d/1RuoUl0bHH5k9Cp5nfQAA9OjA4tYjhXfY/view?usp=drivesdk",
      "iconLink": "https://drive-thirdparty.googleusercontent.com/16/type/application/vnd.android.package-archive",
      "hasThumbnail": false,
      "thumbnailVersion": "0",
      "viewedByMe": false,
      "createdTime": "2022-03-09T09:53:39.309Z",
      "modifiedTime": "2022-03-09T09:53:39.309Z",
      "modifiedByMeTime": "2022-03-09T09:53:39.309Z",
      "modifiedByMe": true,
      "owners": [
        {
          "kind": "drive#user",
          "displayName": "fastlane-android-apk@mythic-display-237310.iam.gserviceaccount.com",
          "photoLink": "https://lh3.googleusercontent.com/a/default-user=s64",
          "me": true,
          "permissionId": "06941688514420538122",
          "emailAddress": "fastlane-android-apk@mythic-display-237310.iam.gserviceaccount.com"
        }
      ],
      "lastModifyingUser": {
        "kind": "drive#user",
        "displayName": "fastlane-android-apk@mythic-display-237310.iam.gserviceaccount.com",
        "photoLink": "https://lh3.googleusercontent.com/a/default-user=s64",
        "me": true,
        "permissionId": "06941688514420538122",
        "emailAddress": "fastlane-android-apk@mythic-display-237310.iam.gserviceaccount.com"
      },
      "shared": false,
      "ownedByMe": true,
      "capabilities": {
        "canAcceptOwnership": false,
        "canAddChildren": false,
        "canAddMyDriveParent": false,
        "canChangeCopyRequiresWriterPermission": true,
        "canChangeSecurityUpdateEnabled": false,
        "canChangeViewersCanCopyContent": true,
        "canComment": true,
        "canCopy": true,
        "canDelete": true,
        "canDownload": true,
        "canEdit": true,
        "canListChildren": false,
        "canModifyContent": true,
        "canModifyLabels": false,
        "canMoveChildrenWithinDrive": false,
        "canMoveItemIntoTeamDrive": true,
        "canMoveItemOutOfDrive": true,
        "canMoveItemWithinDrive": true,
        "canReadLabels": false,
        "canReadRevisions": true,
        "canRemoveChildren": false,
        "canRemoveMyDriveParent": true,
        "canRename": true,
        "canShare": true,
        "canTrash": true,
        "canUntrash": true
      },
      "viewersCanCopyContent": true,
      "copyRequiresWriterPermission": false,
      "writersCanShare": true,
      "permissions": [
        {
          "kind": "drive#permission",
          "id": "06941688514420538122",
          "type": "user",
          "emailAddress": "fastlane-android-apk@mythic-display-237310.iam.gserviceaccount.com",
          "role": "owner",
          "displayName": "fastlane-android-apk@mythic-display-237310.iam.gserviceaccount.com",
          "photoLink": "https://lh3.googleusercontent.com/a/default-user=s64",
          "deleted": false,
          "pendingOwner": false
        }
      ],
      "permissionIds": [
        "06941688514420538122"
      ],
      "originalFilename": "ticket-155-3.2.0-7b0a561d.apk",
      "fullFileExtension": "0-7b0a561d.apk",
      "fileExtension": "apk",
      "md5Checksum": "2a93b2d7b5c83e7636b835e887032770",
      "size": "62747945",
      "quotaBytesUsed": "62747945",
      "headRevisionId": "0ByDi02V-dEkAaStnY1dpZGdPemFHSW1YeVpGZXJuWCtaOWlRPQ",
      "isAppAuthorized": true,
      "linkShareMetadata": {
        "securityUpdateEligible": false,
        "securityUpdateEnabled": true
      }
    },
    {
      "kind": "drive#file",
      "id": "1QKAzTZI6gP1HTogtZQS7mCTL5YCjK1JJ",
      "name": "ticket-297-3.3.0-018b6552.apk",
      "mimeType": "application/vnd.android.package-archive",
      "starred": false,
      "trashed": false,
      "explicitlyTrashed": false,
      "parents": [
        "1N3PmrCeFkRRSD4TGLO3YPW9dOU23zFHs"
      ],
      "spaces": [
        "drive"
      ],
      "version": "5",
      "webContentLink": "https://drive.google.com/uc?id=1QKAzTZI6gP1HTogtZQS7mCTL5YCjK1JJ&export=download",
      "webViewLink": "https://drive.google.com/file/d/1QKAzTZI6gP1HTogtZQS7mCTL5YCjK1JJ/view?usp=drivesdk",
      "iconLink": "https://drive-thirdparty.googleusercontent.com/16/type/application/vnd.android.package-archive",
      "hasThumbnail": false,
      "thumbnailVersion": "0",
      "viewedByMe": false,
      "createdTime": "2022-03-11T10:24:14.740Z",
      "modifiedTime": "2022-03-11T10:24:14.740Z",
      "modifiedByMeTime": "2022-03-11T10:24:14.740Z",
      "modifiedByMe": true,
      "owners": [
        {
          "kind": "drive#user",
          "displayName": "fastlane-android-apk@mythic-display-237310.iam.gserviceaccount.com",
          "photoLink": "https://lh3.googleusercontent.com/a/default-user=s64",
          "me": true,
          "permissionId": "06941688514420538122",
          "emailAddress": "fastlane-android-apk@mythic-display-237310.iam.gserviceaccount.com"
        }
      ],
      "lastModifyingUser": {
        "kind": "drive#user",
        "displayName": "fastlane-android-apk@mythic-display-237310.iam.gserviceaccount.com",
        "photoLink": "https://lh3.googleusercontent.com/a/default-user=s64",
        "me": true,
        "permissionId": "06941688514420538122",
        "emailAddress": "fastlane-android-apk@mythic-display-237310.iam.gserviceaccount.com"
      },
      "shared": true,
      "ownedByMe": true,
      "capabilities": {
        "canAcceptOwnership": false,
        "canAddChildren": false,
        "canAddMyDriveParent": false,
        "canChangeCopyRequiresWriterPermission": true,
        "canChangeSecurityUpdateEnabled": false,
        "canChangeViewersCanCopyContent": true,
        "canComment": true,
        "canCopy": true,
        "canDelete": true,
        "canDownload": true,
        "canEdit": true,
        "canListChildren": false,
        "canModifyContent": true,
        "canModifyLabels": false,
        "canMoveChildrenWithinDrive": false,
        "canMoveItemIntoTeamDrive": true,
        "canMoveItemOutOfDrive": true,
        "canMoveItemWithinDrive": true,
        "canReadLabels": false,
        "canReadRevisions": true,
        "canRemoveChildren": false,
        "canRemoveMyDriveParent": true,
        "canRename": true,
        "canShare": true,
        "canTrash": true,
        "canUntrash": true
      },
      "viewersCanCopyContent": true,
      "copyRequiresWriterPermission": false,
      "writersCanShare": true,
      "permissions": [
        {
          "kind": "drive#permission",
          "id": "15924969308100435788",
          "type": "user",
          "emailAddress": "vinh.thieu@antbuddy.com",
          "role": "writer",
          "displayName": "Vinh Thieu Quang",
          "photoLink": "https://lh3.googleusercontent.com/a-/AFdZucpYOGt2Om1Y9j-rbCpskN6xbI7bfsLL6Pq5dNGQyg=s64",
          "deleted": false,
          "pendingOwner": false
        },
        {
          "kind": "drive#permission",
          "id": "17303972415997736298k",
          "type": "domain",
          "domain": "antbuddy.com",
          "role": "writer",
          "allowFileDiscovery": false,
          "displayName": "AntBuddy"
        },
        {
          "kind": "drive#permission",
          "id": "06941688514420538122",
          "type": "user",
          "emailAddress": "fastlane-android-apk@mythic-display-237310.iam.gserviceaccount.com",
          "role": "owner",
          "displayName": "fastlane-android-apk@mythic-display-237310.iam.gserviceaccount.com",
          "photoLink": "https://lh3.googleusercontent.com/a/default-user=s64",
          "deleted": false,
          "pendingOwner": false
        }
      ],
      "permissionIds": [
        "15924969308100435788",
        "17303972415997736298k",
        "06941688514420538122"
      ],
      "originalFilename": "ticket-297-3.3.0-018b6552.apk",
      "fullFileExtension": "0-018b6552.apk",
      "fileExtension": "apk",
      "md5Checksum": "249ef56873e7276f45947c70c8a13394",
      "size": "62756307",
      "quotaBytesUsed": "62756307",
      "headRevisionId": "0ByDi02V-dEkATFZFZGJMNWxJZnNuSG54TnhERmdOUXBxRXl3PQ",
      "isAppAuthorized": true,
      "linkShareMetadata": {
        "securityUpdateEligible": false,
        "securityUpdateEnabled": true
      }
    },
    {
      "kind": "drive#file",
      "id": "1btBe_5LthqCDHjUaDwQw0JR-fNfyzrln",
      "name": "ticket-295-3.3.0-da15b793.apk",
      "mimeType": "application/vnd.android.package-archive",
      "starred": false,
      "trashed": false,
      "explicitlyTrashed": false,
      "parents": [
        "1N3PmrCeFkRRSD4TGLO3YPW9dOU23zFHs"
      ],
      "spaces": [
        "drive"
      ],
      "version": "4",
      "webContentLink": "https://drive.google.com/uc?id=1btBe_5LthqCDHjUaDwQw0JR-fNfyzrln&export=download",
      "webViewLink": "https://drive.google.com/file/d/1btBe_5LthqCDHjUaDwQw0JR-fNfyzrln/view?usp=drivesdk",
      "iconLink": "https://drive-thirdparty.googleusercontent.com/16/type/application/vnd.android.package-archive",
      "hasThumbnail": false,
      "thumbnailVersion": "0",
      "viewedByMe": false,
      "createdTime": "2022-03-14T02:26:57.803Z",
      "modifiedTime": "2022-03-14T02:26:57.803Z",
      "modifiedByMeTime": "2022-03-14T02:26:57.803Z",
      "modifiedByMe": true,
      "owners": [
        {
          "kind": "drive#user",
          "displayName": "fastlane-android-apk@mythic-display-237310.iam.gserviceaccount.com",
          "photoLink": "https://lh3.googleusercontent.com/a/default-user=s64",
          "me": true,
          "permissionId": "06941688514420538122",
          "emailAddress": "fastlane-android-apk@mythic-display-237310.iam.gserviceaccount.com"
        }
      ],
      "lastModifyingUser": {
        "kind": "drive#user",
        "displayName": "fastlane-android-apk@mythic-display-237310.iam.gserviceaccount.com",
        "photoLink": "https://lh3.googleusercontent.com/a/default-user=s64",
        "me": true,
        "permissionId": "06941688514420538122",
        "emailAddress": "fastlane-android-apk@mythic-display-237310.iam.gserviceaccount.com"
      },
      "shared": true,
      "ownedByMe": true,
      "capabilities": {
        "canAcceptOwnership": false,
        "canAddChildren": false,
        "canAddMyDriveParent": false,
        "canChangeCopyRequiresWriterPermission": true,
        "canChangeSecurityUpdateEnabled": false,
        "canChangeViewersCanCopyContent": true,
        "canComment": true,
        "canCopy": true,
        "canDelete": true,
        "canDownload": true,
        "canEdit": true,
        "canListChildren": false,
        "canModifyContent": true,
        "canModifyLabels": false,
        "canMoveChildrenWithinDrive": false,
        "canMoveItemIntoTeamDrive": true,
        "canMoveItemOutOfDrive": true,
        "canMoveItemWithinDrive": true,
        "canReadLabels": false,
        "canReadRevisions": true,
        "canRemoveChildren": false,
        "canRemoveMyDriveParent": true,
        "canRename": true,
        "canShare": true,
        "canTrash": true,
        "canUntrash": true
      },
      "viewersCanCopyContent": true,
      "copyRequiresWriterPermission": false,
      "writersCanShare": true,
      "permissions": [
        {
          "kind": "drive#permission",
          "id": "15924969308100435788",
          "type": "user",
          "emailAddress": "vinh.thieu@antbuddy.com",
          "role": "writer",
          "displayName": "Vinh Thieu Quang",
          "photoLink": "https://lh3.googleusercontent.com/a-/AFdZucpYOGt2Om1Y9j-rbCpskN6xbI7bfsLL6Pq5dNGQyg=s64",
          "deleted": false,
          "pendingOwner": false
        },
        {
          "kind": "drive#permission",
          "id": "17303972415997736298k",
          "type": "domain",
          "domain": "antbuddy.com",
          "role": "writer",
          "allowFileDiscovery": false,
          "displayName": "AntBuddy"
        },
        {
          "kind": "drive#permission",
          "id": "06941688514420538122",
          "type": "user",
          "emailAddress": "fastlane-android-apk@mythic-display-237310.iam.gserviceaccount.com",
          "role": "owner",
          "displayName": "fastlane-android-apk@mythic-display-237310.iam.gserviceaccount.com",
          "photoLink": "https://lh3.googleusercontent.com/a/default-user=s64",
          "deleted": false,
          "pendingOwner": false
        }
      ],
      "permissionIds": [
        "15924969308100435788",
        "17303972415997736298k",
        "06941688514420538122"
      ],
      "originalFilename": "ticket-295-3.3.0-da15b793.apk",
      "fullFileExtension": "0-da15b793.apk",
      "fileExtension": "apk",
      "md5Checksum": "d99778ad7ece69ac8a37d01dd40c0e3b",
      "size": "62754623",
      "quotaBytesUsed": "62754623",
      "headRevisionId": "0ByDi02V-dEkAcGZiVzZYY2JiQno4eElScVRwd3hidmQ4R3JjPQ",
      "isAppAuthorized": true,
      "linkShareMetadata": {
        "securityUpdateEligible": false,
        "securityUpdateEnabled": true
      }
    },
    {
      "kind": "drive#file",
      "id": "1U7s7T_9qPtVaHL18pkpj6Aqd0L9-Zz9o",
      "name": "ticket-296-3.3.0-cda7d638.apk",
      "mimeType": "application/vnd.android.package-archive",
      "starred": false,
      "trashed": false,
      "explicitlyTrashed": false,
      "parents": [
        "1N3PmrCeFkRRSD4TGLO3YPW9dOU23zFHs"
      ],
      "spaces": [
        "drive"
      ],
      "version": "3",
      "webContentLink": "https://drive.google.com/uc?id=1U7s7T_9qPtVaHL18pkpj6Aqd0L9-Zz9o&export=download",
      "webViewLink": "https://drive.google.com/file/d/1U7s7T_9qPtVaHL18pkpj6Aqd0L9-Zz9o/view?usp=drivesdk",
      "iconLink": "https://drive-thirdparty.googleusercontent.com/16/type/application/vnd.android.package-archive",
      "hasThumbnail": false,
      "thumbnailVersion": "0",
      "viewedByMe": false,
      "createdTime": "2022-03-14T04:23:07.364Z",
      "modifiedTime": "2022-03-14T04:23:07.364Z",
      "modifiedByMeTime": "2022-03-14T04:23:07.364Z",
      "modifiedByMe": true,
      "owners": [
        {
          "kind": "drive#user",
          "displayName": "fastlane-android-apk@mythic-display-237310.iam.gserviceaccount.com",
          "photoLink": "https://lh3.googleusercontent.com/a/default-user=s64",
          "me": true,
          "permissionId": "06941688514420538122",
          "emailAddress": "fastlane-android-apk@mythic-display-237310.iam.gserviceaccount.com"
        }
      ],
      "lastModifyingUser": {
        "kind": "drive#user",
        "displayName": "fastlane-android-apk@mythic-display-237310.iam.gserviceaccount.com",
        "photoLink": "https://lh3.googleusercontent.com/a/default-user=s64",
        "me": true,
        "permissionId": "06941688514420538122",
        "emailAddress": "fastlane-android-apk@mythic-display-237310.iam.gserviceaccount.com"
      },
      "shared": true,
      "ownedByMe": true,
      "capabilities": {
        "canAcceptOwnership": false,
        "canAddChildren": false,
        "canAddMyDriveParent": false,
        "canChangeCopyRequiresWriterPermission": true,
        "canChangeSecurityUpdateEnabled": false,
        "canChangeViewersCanCopyContent": true,
        "canComment": true,
        "canCopy": true,
        "canDelete": true,
        "canDownload": true,
        "canEdit": true,
        "canListChildren": false,
        "canModifyContent": true,
        "canModifyLabels": false,
        "canMoveChildrenWithinDrive": false,
        "canMoveItemIntoTeamDrive": true,
        "canMoveItemOutOfDrive": true,
        "canMoveItemWithinDrive": true,
        "canReadLabels": false,
        "canReadRevisions": true,
        "canRemoveChildren": false,
        "canRemoveMyDriveParent": true,
        "canRename": true,
        "canShare": true,
        "canTrash": true,
        "canUntrash": true
      },
      "viewersCanCopyContent": true,
      "copyRequiresWriterPermission": false,
      "writersCanShare": true,
      "permissions": [
        {
          "kind": "drive#permission",
          "id": "15924969308100435788",
          "type": "user",
          "emailAddress": "vinh.thieu@antbuddy.com",
          "role": "writer",
          "displayName": "Vinh Thieu Quang",
          "photoLink": "https://lh3.googleusercontent.com/a-/AFdZucpYOGt2Om1Y9j-rbCpskN6xbI7bfsLL6Pq5dNGQyg=s64",
          "deleted": false,
          "pendingOwner": false
        },
        {
          "kind": "drive#permission",
          "id": "17303972415997736298k",
          "type": "domain",
          "domain": "antbuddy.com",
          "role": "writer",
          "allowFileDiscovery": false,
          "displayName": "AntBuddy"
        },
        {
          "kind": "drive#permission",
          "id": "06941688514420538122",
          "type": "user",
          "emailAddress": "fastlane-android-apk@mythic-display-237310.iam.gserviceaccount.com",
          "role": "owner",
          "displayName": "fastlane-android-apk@mythic-display-237310.iam.gserviceaccount.com",
          "photoLink": "https://lh3.googleusercontent.com/a/default-user=s64",
          "deleted": false,
          "pendingOwner": false
        }
      ],
      "permissionIds": [
        "15924969308100435788",
        "17303972415997736298k",
        "06941688514420538122"
      ],
      "originalFilename": "ticket-296-3.3.0-cda7d638.apk",
      "fullFileExtension": "0-cda7d638.apk",
      "fileExtension": "apk",
      "md5Checksum": "c29f95e88c8f2abdc72190250fa45d2d",
      "size": "62754571",
      "quotaBytesUsed": "62754571",
      "headRevisionId": "0ByDi02V-dEkAVGhPck5RNE1pbmpNd29ieUJZVk8yNVYzYlhvPQ",
      "isAppAuthorized": true,
      "linkShareMetadata": {
        "securityUpdateEligible": false,
        "securityUpdateEnabled": true
      }
    }
  ]
}
